Archive member included to satisfy reference by file (symbol)

library.a(initialize.o)       obj/Lab8D-Main-c.o (InitializeHardware)
library.a(stm32f429i_discovery.o)
                              library.a(initialize.o) (BSP_PB_Init)
library.a(stm32f429i_discovery_lcd.o)
                              library.a(initialize.o) (BSP_LCD_LayerDefaultInit)
library.a(stm32f429i_discovery_sdram.o)
                              library.a(stm32f429i_discovery_lcd.o) (BSP_SDRAM_Init)
library.a(stm32f4xx_hal.o)    library.a(initialize.o) (HAL_Init)
library.a(stm32f4xx_hal_cortex.o)
                              library.a(stm32f4xx_hal.o) (HAL_NVIC_SetPriorityGrouping)
library.a(stm32f4xx_hal_dma.o)
                              library.a(stm32f429i_discovery_sdram.o) (HAL_DMA_Init)
library.a(stm32f4xx_hal_dma2d.o)
                              library.a(stm32f429i_discovery_lcd.o) (HAL_DMA2D_Init)
library.a(stm32f4xx_hal_gpio.o)
                              library.a(stm32f429i_discovery.o) (HAL_GPIO_Init)
library.a(stm32f4xx_hal_i2c.o)
                              library.a(stm32f429i_discovery.o) (HAL_I2C_Init)
library.a(stm32f4xx_hal_ltdc.o)
                              library.a(stm32f429i_discovery_lcd.o) (HAL_LTDC_Init)
library.a(stm32f4xx_hal_rcc.o)
                              library.a(initialize.o) (HAL_RCC_OscConfig)
library.a(stm32f4xx_hal_rcc_ex.o)
                              library.a(stm32f429i_discovery_lcd.o) (HAL_RCCEx_PeriphCLKConfig)
library.a(stm32f4xx_hal_sdram.o)
                              library.a(stm32f429i_discovery_sdram.o) (HAL_SDRAM_Init)
library.a(stm32f4xx_hal_spi.o)
                              library.a(stm32f429i_discovery.o) (HAL_SPI_Init)
library.a(stm32f4xx_it.o)     library.a(initialize.o) (IncludeThis)
library.a(stm32f4xx_ll_fmc.o)
                              library.a(stm32f4xx_hal_sdram.o) (FMC_SDRAM_Init)
library.a(svcHandler.o)       library.a(stm32f4xx_it.o) (SVC_Exception)
library.a(system_stm32f4xx.o)
                              library.a(stm32f4xx_hal_rcc.o) (SystemCoreClock)
library.a(startup_stm32f429xx.o)
                              library.a(initialize.o) (Reset_Handler)
library.a(ili9341.o)          library.a(stm32f429i_discovery_lcd.o) (ili9341_drv)
y:/coen20/gcc/bin/../lib/gcc/arm-none-eabi/9.3.1/../../../../arm-none-eabi/lib/thumb/v7e-m+fp/hard\libm.a(lib_a-sf_cos.o)
                              obj/Lab8D-Main-c.o (cosf)
y:/coen20/gcc/bin/../lib/gcc/arm-none-eabi/9.3.1/../../../../arm-none-eabi/lib/thumb/v7e-m+fp/hard\libm.a(lib_a-sf_sin.o)
                              obj/Lab8D-Main-c.o (sinf)
y:/coen20/gcc/bin/../lib/gcc/arm-none-eabi/9.3.1/../../../../arm-none-eabi/lib/thumb/v7e-m+fp/hard\libm.a(lib_a-ef_rem_pio2.o)
                              y:/coen20/gcc/bin/../lib/gcc/arm-none-eabi/9.3.1/../../../../arm-none-eabi/lib/thumb/v7e-m+fp/hard\libm.a(lib_a-sf_cos.o) (__ieee754_rem_pio2f)
y:/coen20/gcc/bin/../lib/gcc/arm-none-eabi/9.3.1/../../../../arm-none-eabi/lib/thumb/v7e-m+fp/hard\libm.a(lib_a-kf_cos.o)
                              y:/coen20/gcc/bin/../lib/gcc/arm-none-eabi/9.3.1/../../../../arm-none-eabi/lib/thumb/v7e-m+fp/hard\libm.a(lib_a-sf_cos.o) (__kernel_cosf)
y:/coen20/gcc/bin/../lib/gcc/arm-none-eabi/9.3.1/../../../../arm-none-eabi/lib/thumb/v7e-m+fp/hard\libm.a(lib_a-kf_rem_pio2.o)
                              y:/coen20/gcc/bin/../lib/gcc/arm-none-eabi/9.3.1/../../../../arm-none-eabi/lib/thumb/v7e-m+fp/hard\libm.a(lib_a-ef_rem_pio2.o) (__kernel_rem_pio2f)
y:/coen20/gcc/bin/../lib/gcc/arm-none-eabi/9.3.1/../../../../arm-none-eabi/lib/thumb/v7e-m+fp/hard\libm.a(lib_a-kf_sin.o)
                              y:/coen20/gcc/bin/../lib/gcc/arm-none-eabi/9.3.1/../../../../arm-none-eabi/lib/thumb/v7e-m+fp/hard\libm.a(lib_a-sf_cos.o) (__kernel_sinf)
y:/coen20/gcc/bin/../lib/gcc/arm-none-eabi/9.3.1/../../../../arm-none-eabi/lib/thumb/v7e-m+fp/hard\libm.a(lib_a-sf_fabs.o)
                              y:/coen20/gcc/bin/../lib/gcc/arm-none-eabi/9.3.1/../../../../arm-none-eabi/lib/thumb/v7e-m+fp/hard\libm.a(lib_a-ef_rem_pio2.o) (fabsf)
y:/coen20/gcc/bin/../lib/gcc/arm-none-eabi/9.3.1/../../../../arm-none-eabi/lib/thumb/v7e-m+fp/hard\libm.a(lib_a-sf_floor.o)
                              y:/coen20/gcc/bin/../lib/gcc/arm-none-eabi/9.3.1/../../../../arm-none-eabi/lib/thumb/v7e-m+fp/hard\libm.a(lib_a-kf_rem_pio2.o) (floorf)
y:/coen20/gcc/bin/../lib/gcc/arm-none-eabi/9.3.1/../../../../arm-none-eabi/lib/thumb/v7e-m+fp/hard\libm.a(lib_a-sf_scalbn.o)
                              y:/coen20/gcc/bin/../lib/gcc/arm-none-eabi/9.3.1/../../../../arm-none-eabi/lib/thumb/v7e-m+fp/hard\libm.a(lib_a-kf_rem_pio2.o) (scalbnf)
y:/coen20/gcc/bin/../lib/gcc/arm-none-eabi/9.3.1/../../../../arm-none-eabi/lib/thumb/v7e-m+fp/hard\libc.a(lib_a-exit.o)
                              y:/coen20/gcc/bin/../lib/gcc/arm-none-eabi/9.3.1/../../../../arm-none-eabi/lib/thumb/v7e-m+fp/hard/crt0.o (exit)
[...]
Memory Configuration

Name             Origin             Length             Attributes
ROM              0x08000000         0x00200000         xr
RAM              0x20000000         0x00030000         xrw
CCM              0x10000000         0x00010000         xrw
*default*        0x00000000         0xffffffff

Linker script and memory map

LOAD y:/coen20/gcc/bin/../lib/gcc/arm-none-eabi/9.3.1/thumb/v7e-m+fp/hard/crti.o
LOAD y:/coen20/gcc/bin/../lib/gcc/arm-none-eabi/9.3.1/thumb/v7e-m+fp/hard/crtbegin.o
LOAD y:/coen20/gcc/bin/../lib/gcc/arm-none-eabi/9.3.1/../../../../arm-none-eabi/lib/thumb/v7e-m+fp/hard/crt0.o
LOAD obj/Lab8D-Main-c.o
LOAD obj/Lab8D-Implementation-s.o
LOAD library.a
LOAD library.a
LOAD y:/coen20/gcc/bin/../lib/gcc/arm-none-eabi/9.3.1/../../../../arm-none-eabi/lib/thumb/v7e-m+fp/hard\libm.a
LOAD y:/coen20/gcc/bin/../lib/gcc/arm-none-eabi/9.3.1/../../../../arm-none-eabi/lib/thumb/v7e-m+fp/hard\libc.a
LOAD y:/coen20/gcc/bin/../lib/gcc/arm-none-eabi/9.3.1/../../../../arm-none-eabi/lib/thumb/v7e-m+fp/hard\libnosys.a
LOAD y:/coen20/gcc/bin/../lib/gcc/arm-none-eabi/9.3.1/../../../../arm-none-eabi/lib/thumb/v7e-m+fp/hard\libc.a
START GROUP
LOAD y:/coen20/gcc/bin/../lib/gcc/arm-none-eabi/9.3.1/thumb/v7e-m+fp/hard\libgcc.a
LOAD y:/coen20/gcc/bin/../lib/gcc/arm-none-eabi/9.3.1/../../../../arm-none-eabi/lib/thumb/v7e-m+fp/hard\libc.a
END GROUP
LOAD y:/coen20/gcc/bin/../lib/gcc/arm-none-eabi/9.3.1/thumb/v7e-m+fp/hard/crtend.o
LOAD y:/coen20/gcc/bin/../lib/gcc/arm-none-eabi/9.3.1/thumb/v7e-m+fp/hard/crtn.o

.text           0x08000000    0x17700
 *(.isr_vector)
 .isr_vector    0x08000000      0x1ac library.a(startup_stm32f429xx.o)
                0x08000000                __isr_vector
 *(.text*)
 .text          0x080001ac       0x40 y:/coen20/gcc/bin/../lib/gcc/arm-none-eabi/9.3.1/thumb/v7e-m+fp/hard/crtbegin.o
 .text          0x080001ec       0x7c y:/coen20/gcc/bin/../lib/gcc/arm-none-eabi/9.3.1/../../../../arm-none-eabi/lib/thumb/v7e-m+fp/hard/crt0.o
                0x080001ec                _stack_init
                0x080001f4                _start
                0x080001f4                _mainCRTStartup
 .text.startup.main
                0x08000268      0x640 obj/Lab8D-Main-c.o
                0x08000268                main
 .text.DrawClockFace
                0x080008a8      0x1d4 obj/Lab8D-Main-c.o
 .text.SanityCheck
                0x08000a7c       0xe4 obj/Lab8D-Main-c.o
 .text.Error    0x08000b60       0xf0 obj/Lab8D-Main-c.o
 .text          0x08000c50       0x6c obj/Lab8D-Implementation-s.o
                0x08000c50                Time2Msecs
                0x08000c74                Msecs2Time
 .text.TextRows
                0x08000cbc       0x12 library.a(initialize.o)
 .text._close   0x08000cce        0x2 library.a(initialize.o)
                0x08000cce                _close
 .text._fstat   0x08000cd0        0x2 library.a(initialize.o)
                0x08000cd0                _fstat
 .text._getpid  0x08000cd2        0x2 library.a(initialize.o)
                0x08000cd2                _getpid
 .text._isatty  0x08000cd4        0x2 library.a(initialize.o)
                0x08000cd4                _isatty
 .text._kill    0x08000cd6        0x2 library.a(initialize.o)
                0x08000cd6                _kill
 .text._lseek   0x08000cd8        0x2 library.a(initialize.o)
                0x08000cd8                _lseek
 .text._read    0x08000cda        0x2 library.a(initialize.o)
                0x08000cda                _read
 .text.ClearDisplay
                0x08000cdc       0x34 library.a(initialize.o)
                0x08000cdc                ClearDisplay
 .text.DisplayHeader
                0x08000d10       0x7c library.a(initialize.o)
                0x08000d10                DisplayHeader
 .text.DisplayFooter
                0x08000d8c       0x58 library.a(initialize.o)
                0x08000d8c                DisplayFooter
 .text._write   0x08000de4      0x104 library.a(initialize.o)
                0x08000de4                _write
 .text.InitializeHardware
                0x08000ee8      0x124 library.a(initialize.o)
                0x08000ee8                InitializeHardware
 .text.WaitForPushButton
                0x0800100c       0x18 library.a(initialize.o)
                0x0800100c                WaitForPushButton
 .text.GetClockCycleCount
                0x08001024        0xc library.a(initialize.o)
                0x08001024                GetClockCycleCount
 .text.GetRandomNumber
                0x08001030       0x14 library.a(initialize.o)
                0x08001030                GetRandomNumber
 .text.SPIx_Init
                0x08001044       0x98 library.a(stm32f429i_discovery.o)
 .text.SPIx_Write
                0x080010dc       0x30 library.a(stm32f429i_discovery.o)
 .text.BSP_PB_Init
                0x0800110c       0x70 library.a(stm32f429i_discovery.o)
                0x0800110c                BSP_PB_Init
 .text.BSP_PB_GetState
                0x0800117c       0x14 library.a(stm32f429i_discovery.o)
                0x0800117c                BSP_PB_GetState
 .text.LCD_IO_Init
                0x08001190       0xb0 library.a(stm32f429i_discovery.o)
                0x08001190                LCD_IO_Init
 .text.LCD_IO_WriteData
                0x08001240       0x38 library.a(stm32f429i_discovery.o)
                0x08001240                LCD_IO_WriteData
 .text.LCD_IO_WriteReg
                0x08001278       0x38 library.a(stm32f429i_discovery.o)
                0x08001278                LCD_IO_WriteReg
 .text.LCD_IO_ReadData
                0x080012b0       0x6c library.a(stm32f429i_discovery.o)
                0x080012b0                LCD_IO_ReadData
 .text.LCD_Delay
                0x0800131c        0x4 library.a(stm32f429i_discovery.o)
                0x0800131c                LCD_Delay
 .text.FillBuffer
                0x08001320       0x64 library.a(stm32f429i_discovery_lcd.o)
 .text.BSP_LCD_GetXSize
                0x08001384       0x10 library.a(stm32f429i_discovery_lcd.o)
                0x08001384                BSP_LCD_GetXSize
 .text.BSP_LCD_GetYSize
                0x08001394       0x10 library.a(stm32f429i_discovery_lcd.o)
                0x08001394                BSP_LCD_GetYSize
 .text.BSP_LCD_LayerDefaultInit
                0x080013a4       0x7c library.a(stm32f429i_discovery_lcd.o)
                0x080013a4                BSP_LCD_LayerDefaultInit
 .text.BSP_LCD_SelectLayer
                0x08001420        0xc library.a(stm32f429i_discovery_lcd.o)
                0x08001420                BSP_LCD_SelectLayer
 .text.BSP_LCD_GetTextColor
                0x0800142c       0x18 library.a(stm32f429i_discovery_lcd.o)
                0x0800142c                BSP_LCD_GetTextColor
 .text.BSP_LCD_GetBackColor
                0x08001444       0x18 library.a(stm32f429i_discovery_lcd.o)
                0x08001444                BSP_LCD_GetBackColor
 .text.BSP_LCD_SetTextColor
                0x0800145c       0x18 library.a(stm32f429i_discovery_lcd.o)
                0x0800145c                BSP_LCD_SetTextColor
 .text.BSP_LCD_SetBackColor
                0x08001474       0x18 library.a(stm32f429i_discovery_lcd.o)
                0x08001474                BSP_LCD_SetBackColor
 .text.BSP_LCD_SetFont
                0x0800148c       0x18 library.a(stm32f429i_discovery_lcd.o)
                0x0800148c                BSP_LCD_SetFont
 .text.BSP_LCD_Init
                0x080014a4      0x1bc library.a(stm32f429i_discovery_lcd.o)
                0x080014a4                BSP_LCD_Init
 .text.BSP_LCD_GetFont
                0x08001660       0x18 library.a(stm32f429i_discovery_lcd.o)
                0x08001660                BSP_LCD_GetFont
 .text.BSP_LCD_Clear
                0x08001678       0x40 library.a(stm32f429i_discovery_lcd.o)
                0x08001678                BSP_LCD_Clear
 .text.BSP_LCD_DrawHLine
                0x080016b8       0x50 library.a(stm32f429i_discovery_lcd.o)
                0x080016b8                BSP_LCD_DrawHLine
 .text.BSP_LCD_DrawVLine
                0x08001708       0x5c library.a(stm32f429i_discovery_lcd.o)
                0x08001708                BSP_LCD_DrawVLine
 .text.BSP_LCD_DrawRect
                0x08001764       0x34 library.a(stm32f429i_discovery_lcd.o)
                0x08001764                BSP_LCD_DrawRect
 .text.BSP_LCD_FillRect
                0x08001798       0x78 library.a(stm32f429i_discovery_lcd.o)
                0x08001798                BSP_LCD_FillRect
 .text.BSP_LCD_DisplayOn
                0x08001810       0x10 library.a(stm32f429i_discovery_lcd.o)
                0x08001810                BSP_LCD_DisplayOn
 .text.BSP_LCD_DrawPixel
                0x08001820       0x2c library.a(stm32f429i_discovery_lcd.o)
                0x08001820                BSP_LCD_DrawPixel
 .text.BSP_LCD_DisplayChar
                0x0800184c       0xd4 library.a(stm32f429i_discovery_lcd.o)
                0x0800184c                BSP_LCD_DisplayChar
 .text.BSP_LCD_DisplayStringAt
                0x08001920       0x9c library.a(stm32f429i_discovery_lcd.o)
                0x08001920                BSP_LCD_DisplayStringAt
 .text.BSP_LCD_DrawLine
                0x080019bc       0xa4 library.a(stm32f429i_discovery_lcd.o)
                0x080019bc                BSP_LCD_DrawLine
 .text.BSP_LCD_FillTriangle
                0x08001a60       0xae library.a(stm32f429i_discovery_lcd.o)
                0x08001a60                BSP_LCD_FillTriangle
 *fill*         0x08001b0e        0x2 
 .text.BSP_LCD_DrawCircle
                0x08001b10      0x120 library.a(stm32f429i_discovery_lcd.o)
                0x08001b10                BSP_LCD_DrawCircle
 .text.BSP_LCD_FillCircle
                0x08001c30       0xd4 library.a(stm32f429i_discovery_lcd.o)
                0x08001c30                BSP_LCD_FillCircle
 .text.BSP_SDRAM_Initialization_sequence
                0x08001d04       0x94 library.a(stm32f429i_discovery_sdram.o)
                0x08001d04                BSP_SDRAM_Initialization_sequence
 .text.BSP_SDRAM_Init
                0x08001d98      0x1c8 library.a(stm32f429i_discovery_sdram.o)
                0x08001d98                BSP_SDRAM_Init
 .text.HAL_MspInit
                0x08001f60        0x2 library.a(stm32f4xx_hal.o)
                0x08001f60                HAL_MspInit
 .text.HAL_InitTick
                0x08001f62       0x28 library.a(stm32f4xx_hal.o)
                0x08001f62                HAL_InitTick
 *fill*         0x08001f8a        0x2 
 .text.HAL_Init
                0x08001f8c       0x34 library.a(stm32f4xx_hal.o)
                0x08001f8c                HAL_Init
 .text.HAL_IncTick
                0x08001fc0       0x10 library.a(stm32f4xx_hal.o)
                0x08001fc0                HAL_IncTick
 .text.HAL_GetTick
                0x08001fd0        0xc library.a(stm32f4xx_hal.o)
                0x08001fd0                HAL_GetTick
 .text.HAL_Delay
                0x08001fdc       0x1a library.a(stm32f4xx_hal.o)
                0x08001fdc                HAL_Delay
 *fill*         0x08001ff6        0x2 
 .text.HAL_NVIC_SetPriorityGrouping
                0x08001ff8       0x24 library.a(stm32f4xx_hal_cortex.o)
                0x08001ff8                HAL_NVIC_SetPriorityGrouping
 .text.HAL_NVIC_SetPriority
                0x0800201c       0x64 library.a(stm32f4xx_hal_cortex.o)
                0x0800201c                HAL_NVIC_SetPriority
 .text.HAL_NVIC_EnableIRQ
                0x08002080       0x18 library.a(stm32f4xx_hal_cortex.o)
                0x08002080                HAL_NVIC_EnableIRQ
 .text.HAL_SYSTICK_Config
                0x08002098       0x28 library.a(stm32f4xx_hal_cortex.o)
                0x08002098                HAL_SYSTICK_Config
 .text.HAL_DMA_Init
                0x080020c0       0x78 library.a(stm32f4xx_hal_dma.o)
                0x080020c0                HAL_DMA_Init
 .text.HAL_DMA_DeInit
                0x08002138      0xacc library.a(stm32f4xx_hal_dma.o)
                0x08002138                HAL_DMA_DeInit
 .text.DMA2D_SetConfig
                0x08002c04       0x80 library.a(stm32f4xx_hal_dma2d.o)
 .text.HAL_DMA2D_MspInit
                0x08002c84        0x2 library.a(stm32f4xx_hal_dma2d.o)
                0x08002c84                HAL_DMA2D_MspInit
 .text.HAL_DMA2D_Init
                0x08002c86       0x5c library.a(stm32f4xx_hal_dma2d.o)
                0x08002c86                HAL_DMA2D_Init
 .text.HAL_DMA2D_Start
                0x08002ce2       0x40 library.a(stm32f4xx_hal_dma2d.o)
                0x08002ce2                HAL_DMA2D_Start
 .text.HAL_DMA2D_PollForTransfer
                0x08002d22       0xc4 library.a(stm32f4xx_hal_dma2d.o)
                0x08002d22                HAL_DMA2D_PollForTransfer
 *fill*         0x08002de6        0x2 
 .text.HAL_DMA2D_ConfigLayer
                0x08002de8       0xdc library.a(stm32f4xx_hal_dma2d.o)
                0x08002de8                HAL_DMA2D_ConfigLayer
 .text.HAL_GPIO_Init
                0x08002ec4      0x1d0 library.a(stm32f4xx_hal_gpio.o)
                0x08002ec4                HAL_GPIO_Init
 .text.HAL_GPIO_ReadPin
                0x08003094        0xc library.a(stm32f4xx_hal_gpio.o)
                0x08003094                HAL_GPIO_ReadPin
 .text.HAL_GPIO_WritePin
                0x080030a0        0xa library.a(stm32f4xx_hal_gpio.o)
                0x080030a0                HAL_GPIO_WritePin
 *fill*         0x080030aa        0x2 
 .text.LTDC_SetConfig
                0x080030ac      0x144 library.a(stm32f4xx_hal_ltdc.o)
 .text.HAL_LTDC_MspInit
                0x080031f0        0x2 library.a(stm32f4xx_hal_ltdc.o)
                0x080031f0                HAL_LTDC_MspInit
 *fill*         0x080031f2        0x2 
 .text.HAL_LTDC_Init
                0x080031f4       0xfc library.a(stm32f4xx_hal_ltdc.o)
                0x080031f4                HAL_LTDC_Init
 .text.HAL_LTDC_ConfigLayer
                0x080032f0       0x5c library.a(stm32f4xx_hal_ltdc.o)
                0x080032f0                HAL_LTDC_ConfigLayer
 .text.HAL_LTDC_EnableDither
                0x0800334c       0x34 library.a(stm32f4xx_hal_ltdc.o)
                0x0800334c                HAL_LTDC_EnableDither
 .text.HAL_RCC_OscConfig
                0x08003380      0x330 library.a(stm32f4xx_hal_rcc.o)
                0x08003380                HAL_RCC_OscConfig
 .text.HAL_RCC_ClockConfig
                0x080036b0      0x1f8 library.a(stm32f4xx_hal_rcc.o)
                0x080036b0                HAL_RCC_ClockConfig
 .text.HAL_RCC_GetSysClockFreq
                0x080038a8       0x78 library.a(stm32f4xx_hal_rcc.o)
                0x080038a8                HAL_RCC_GetSysClockFreq
 .text.HAL_RCC_GetHCLKFreq
                0x08003920       0x38 library.a(stm32f4xx_hal_rcc.o)
                0x08003920                HAL_RCC_GetHCLKFreq
 .text.HAL_RCCEx_PeriphCLKConfig
                0x08003958      0x2d8 library.a(stm32f4xx_hal_rcc_ex.o)
                0x08003958                HAL_RCCEx_PeriphCLKConfig
 .text.HAL_SDRAM_MspInit
                0x08003c30        0x2 library.a(stm32f4xx_hal_sdram.o)
                0x08003c30                HAL_SDRAM_MspInit
 .text.HAL_SDRAM_Init
                0x08003c32       0x40 library.a(stm32f4xx_hal_sdram.o)
                0x08003c32                HAL_SDRAM_Init
 .text.HAL_SDRAM_SendCommand
                0x08003c72       0x2e library.a(stm32f4xx_hal_sdram.o)
                0x08003c72                HAL_SDRAM_SendCommand
 .text.HAL_SDRAM_ProgramRefreshRate
                0x08003ca0       0x24 library.a(stm32f4xx_hal_sdram.o)
                0x08003ca0                HAL_SDRAM_ProgramRefreshRate
 .text.SPI_WaitOnFlagUntilTimeout
                0x08003cc4       0x94 library.a(stm32f4xx_hal_spi.o)
 .text.HAL_SPI_MspInit
                0x08003d58        0x2 library.a(stm32f4xx_hal_spi.o)
                0x08003d58                HAL_SPI_MspInit
 .text.HAL_SPI_Init
                0x08003d5a       0x82 library.a(stm32f4xx_hal_spi.o)
                0x08003d5a                HAL_SPI_Init
 .text.HAL_SPI_MspDeInit
                0x08003ddc        0x2 library.a(stm32f4xx_hal_spi.o)
                0x08003ddc                HAL_SPI_MspDeInit
 .text.HAL_SPI_DeInit
                0x08003dde       0x26 library.a(stm32f4xx_hal_spi.o)
                0x08003dde                HAL_SPI_DeInit
 .text.HAL_SPI_Transmit
                0x08003e04      0x164 library.a(stm32f4xx_hal_spi.o)
                0x08003e04                HAL_SPI_Transmit
 .text.HAL_SPI_TransmitReceive
                0x08003f68      0x2c2 library.a(stm32f4xx_hal_spi.o)
                0x08003f68                HAL_SPI_TransmitReceive
 .text.HAL_SPI_Receive
                0x0800422a      0x1d2 library.a(stm32f4xx_hal_spi.o)
                0x0800422a                HAL_SPI_Receive
 .text.HAL_SPI_GetState
                0x080043fc        0x6 library.a(stm32f4xx_hal_spi.o)
                0x080043fc                HAL_SPI_GetState
 .text.NMI_Handler
                0x08004402        0x2 library.a(stm32f4xx_it.o)
                0x08004402                NMI_Handler
 .text.SVC_Handler
                0x08004404       0x20 library.a(stm32f4xx_it.o)
                0x08004404                SVC_Handler
 .text.DebugMon_Handler
                0x08004424        0x2 library.a(stm32f4xx_it.o)
                0x08004424                DebugMon_Handler
 .text.PendSV_Handler
                0x08004426        0x2 library.a(stm32f4xx_it.o)
                0x08004426                PendSV_Handler
 .text.SysTick_Handler
                0x08004428        0x4 library.a(stm32f4xx_it.o)
                0x08004428                SysTick_Handler
 .text.FMC_SDRAM_Init
                0x0800442c       0x68 library.a(stm32f4xx_ll_fmc.o)
                0x0800442c                FMC_SDRAM_Init
 .text.FMC_SDRAM_Timing_Init
                0x08004494       0x72 library.a(stm32f4xx_ll_fmc.o)
                0x08004494                FMC_SDRAM_Timing_Init
 .text.FMC_SDRAM_SendCommand
                0x08004506       0x50 library.a(stm32f4xx_ll_fmc.o)
                0x08004506                FMC_SDRAM_SendCommand
 .text.FMC_SDRAM_ProgramRefreshRate
                0x08004556        0xc library.a(stm32f4xx_ll_fmc.o)
                0x08004556                FMC_SDRAM_ProgramRefreshRate
 *fill*         0x08004562        0x2 
 .text.SVC_Label
                0x08004564       0x58 library.a(svcHandler.o)
 .text.Preserve
                0x080045bc       0xa8 library.a(svcHandler.o)
 .text.HardStopHandler
                0x08004664       0x94 library.a(svcHandler.o)
 .text.F32      0x080046f8       0xc0 library.a(svcHandler.o)
 .text.Restore  0x080047b8       0x5c library.a(svcHandler.o)
 .text.FlPtRegs
                0x08004814       0x9c library.a(svcHandler.o)
 .text._MemManageHandler
                0x080048b0       0x10 library.a(svcHandler.o)
                0x080048b0                _MemManageHandler
 .text.MemManage_Handler
                0x080048c0        0xc library.a(svcHandler.o)
                0x080048c0                MemManage_Handler
 .text._BusFault_Handler
                0x080048cc       0x10 library.a(svcHandler.o)
                0x080048cc                _BusFault_Handler
 .text.BusFault_Handler
                0x080048dc        0xc library.a(svcHandler.o)
                0x080048dc                BusFault_Handler
 .text._HardFault_Handler
                0x080048e8       0x10 library.a(svcHandler.o)
                0x080048e8                _HardFault_Handler
 .text.HardFault_Handler
                0x080048f8        0xc library.a(svcHandler.o)
                0x080048f8                HardFault_Handler
 .text._UsageFault_Handler
                0x08004904       0x5c library.a(svcHandler.o)
                0x08004904                _UsageFault_Handler
 .text.UsageFault_Handler
                0x08004960        0xc library.a(svcHandler.o)
                0x08004960                UsageFault_Handler
 .text.SVC_Exception
                0x0800496c       0xd8 library.a(svcHandler.o)
                0x0800496c                SVC_Exception
 .text.SystemInit
                0x08004a44       0x4c library.a(system_stm32f4xx.o)
                0x08004a44                SystemInit
 .text          0x08004a90      0x118 library.a(startup_stm32f429xx.o)
                0x08004a90                Reset_Handler
                0x08004ae8                Default_Handler
                0x08004aea                WWDG_IRQHandler
                0x08004aec                PVD_IRQHandler
                0x08004aee                TAMP_STAMP_IRQHandler
                0x08004af0                RTC_WKUP_IRQHandler
                0x08004af2                FLASH_IRQHandler
                0x08004af4                RCC_IRQHandler
                0x08004af6                EXTI0_IRQHandler
                0x08004af8                EXTI1_IRQHandler
                0x08004afa                EXTI2_IRQHandler
                0x08004afc                EXTI3_IRQHandler
                0x08004afe                EXTI4_IRQHandler
                0x08004b00                DMA1_Stream0_IRQHandler
                0x08004b02                DMA1_Stream1_IRQHandler
                0x08004b04                DMA1_Stream2_IRQHandler
                0x08004b06                DMA1_Stream3_IRQHandler
                0x08004b08                DMA1_Stream4_IRQHandler
                0x08004b0a                DMA1_Stream5_IRQHandler
                0x08004b0c                DMA1_Stream6_IRQHandler
                0x08004b0e                ADC_IRQHandler
                0x08004b10                CAN1_TX_IRQHandler
                0x08004b12                CAN1_RX0_IRQHandler
                0x08004b14                CAN1_RX1_IRQHandler
                0x08004b16                CAN1_SCE_IRQHandler
                0x08004b18                EXTI9_5_IRQHandler
                0x08004b1a                TIM1_BRK_TIM9_IRQHandler
                0x08004b1c                TIM1_UP_TIM10_IRQHandler
                0x08004b1e                TIM1_TRG_COM_TIM11_IRQHandler
                0x08004b20                TIM1_CC_IRQHandler
                0x08004b22                TIM2_IRQHandler
                0x08004b24                TIM3_IRQHandler
                0x08004b26                TIM4_IRQHandler
                0x08004b28                I2C1_EV_IRQHandler
                0x08004b2a                I2C1_ER_IRQHandler
                0x08004b2c                I2C2_EV_IRQHandler
                0x08004b2e                I2C2_ER_IRQHandler
                0x08004b30                SPI1_IRQHandler
                0x08004b32                SPI2_IRQHandler
                0x08004b34                USART1_IRQHandler
                0x08004b36                USART2_IRQHandler
                0x08004b38                USART3_IRQHandler
                0x08004b3a                EXTI15_10_IRQHandler
                0x08004b3c                RTC_Alarm_IRQHandler
                0x08004b3e                OTG_FS_WKUP_IRQHandler
                0x08004b40                TIM8_BRK_TIM12_IRQHandler
                0x08004b42                TIM8_UP_TIM13_IRQHandler
                0x08004b44                TIM8_TRG_COM_TIM14_IRQHandler
                0x08004b46                TIM8_CC_IRQHandler
                0x08004b48                DMA1_Stream7_IRQHandler
                0x08004b4a                FSMC_IRQHandler
                0x08004b4c                SDIO_IRQHandler
                0x08004b4e                TIM5_IRQHandler
                0x08004b50                SPI3_IRQHandler
                0x08004b52                UART4_IRQHandler
                0x08004b54                UART5_IRQHandler
                0x08004b56                TIM6_DAC_IRQHandler
                0x08004b58                TIM7_IRQHandler
                0x08004b5a                DMA2_Stream0_IRQHandler
                0x08004b5c                DMA2_Stream1_IRQHandler
                0x08004b5e                DMA2_Stream2_IRQHandler
                0x08004b60                DMA2_Stream3_IRQHandler
                0x08004b62                DMA2_Stream4_IRQHandler
                0x08004b64                ETH_IRQHandler
                0x08004b66                ETH_WKUP_IRQHandler
                0x08004b68                CAN2_TX_IRQHandler
                0x08004b6a                CAN2_RX0_IRQHandler
                0x08004b6c                CAN2_RX1_IRQHandler
                0x08004b6e                CAN2_SCE_IRQHandler
                0x08004b70                OTG_FS_IRQHandler
                0x08004b72                DMA2_Stream5_IRQHandler
                0x08004b74                DMA2_Stream6_IRQHandler
                0x08004b76                DMA2_Stream7_IRQHandler
                0x08004b78                USART6_IRQHandler
                0x08004b7a                I2C3_EV_IRQHandler
                0x08004b7c                I2C3_ER_IRQHandler
                0x08004b7e                OTG_HS_EP1_OUT_IRQHandler
                0x08004b80                OTG_HS_EP1_IN_IRQHandler
                0x08004b82                OTG_HS_WKUP_IRQHandler
                0x08004b84                OTG_HS_IRQHandler
                0x08004b86                DCMI_IRQHandler
                0x08004b88                CRYP_IRQHandler
                0x08004b8a                HASH_RNG_IRQHandler
                0x08004b8c                FPU_IRQHandler
                0x08004b8e                UART7_IRQHandler
                0x08004b90                UART8_IRQHandler
                0x08004b92                SPI4_IRQHandler
                0x08004b94                SPI5_IRQHandler
                0x08004b96                SPI6_IRQHandler
                0x08004b98                SAI1_IRQHandler
                0x08004b9a                LTDC_IRQHandler
                0x08004b9c                LTDC_ER_IRQHandler
                0x08004b9e                DMA2D_IRQHandler
 .text.ili9341_GetLcdPixelWidth
                0x08004ba8        0x4 library.a(ili9341.o)
                0x08004ba8                ili9341_GetLcdPixelWidth
 .text.ili9341_GetLcdPixelHeight
                0x08004bac        0x6 library.a(ili9341.o)
                0x08004bac                ili9341_GetLcdPixelHeight
 .text.ili9341_DisplayOn
                0x08004bb2        0x6 library.a(ili9341.o)
                0x08004bb2                ili9341_DisplayOn
 .text.ili9341_DisplayOff
                0x08004bb8        0x6 library.a(ili9341.o)
                0x08004bb8                ili9341_DisplayOff
 .text.ili9341_Init
                0x08004bbe      0x292 library.a(ili9341.o)
                0x08004bbe                ili9341_Init
 .text.ili9341_ReadID
                0x08004e50       0x12 library.a(ili9341.o)
                0x08004e50                ili9341_ReadID
 *fill*         0x08004e62        0x2 
 .text.cosf     0x08004e64       0x90 y:/coen20/gcc/bin/../lib/gcc/arm-none-eabi/9.3.1/../../../../arm-none-eabi/lib/thumb/v7e-m+fp/hard\libm.a(lib_a-sf_cos.o)
                0x08004e64                cosf
 .text.sinf     0x08004ef4       0x94 y:/coen20/gcc/bin/../lib/gcc/arm-none-eabi/9.3.1/../../../../arm-none-eabi/lib/thumb/v7e-m+fp/hard\libm.a(lib_a-sf_sin.o)
                0x08004ef4                sinf
 .text.__ieee754_rem_pio2f
                0x08004f88      0x294 y:/coen20/gcc/bin/../lib/gcc/arm-none-eabi/9.3.1/../../../../arm-none-eabi/lib/thumb/v7e-m+fp/hard\libm.a(lib_a-ef_rem_pio2.o)
                0x08004f88                __ieee754_rem_pio2f
 .text.__kernel_cosf
                0x0800521c      0x104 y:/coen20/gcc/bin/../lib/gcc/arm-none-eabi/9.3.1/../../../../arm-none-eabi/lib/thumb/v7e-m+fp/hard\libm.a(lib_a-kf_cos.o)
                0x0800521c                __kernel_cosf
 .text.__kernel_rem_pio2f
                0x08005320      0x66c y:/coen20/gcc/bin/../lib/gcc/arm-none-eabi/9.3.1/../../../../arm-none-eabi/lib/thumb/v7e-m+fp/hard\libm.a(lib_a-kf_rem_pio2.o)
                0x08005320                __kernel_rem_pio2f
 .text.__kernel_sinf
                0x0800598c       0x90 y:/coen20/gcc/bin/../lib/gcc/arm-none-eabi/9.3.1/../../../../arm-none-eabi/lib/thumb/v7e-m+fp/hard\libm.a(lib_a-kf_sin.o)
                0x0800598c                __kernel_sinf
 .text.fabsf    0x08005a1c       0x10 y:/coen20/gcc/bin/../lib/gcc/arm-none-eabi/9.3.1/../../../../arm-none-eabi/lib/thumb/v7e-m+fp/hard\libm.a(lib_a-sf_fabs.o)
                0x08005a1c                fabsf
 .text.floorf   0x08005a2c       0x8c y:/coen20/gcc/bin/../lib/gcc/arm-none-eabi/9.3.1/../../../../arm-none-eabi/lib/thumb/v7e-m+fp/hard\libm.a(lib_a-sf_floor.o)
                0x08005a2c                floorf
 .text.scalbnf  0x08005ab8       0xe4 y:/coen20/gcc/bin/../lib/gcc/arm-none-eabi/9.3.1/../../../../arm-none-eabi/lib/thumb/v7e-m+fp/hard\libm.a(lib_a-sf_scalbn.o)
                0x08005ab8                scalbnf
 .text.exit     0x08005b9c       0x20 y:/coen20/gcc/bin/../lib/gcc/arm-none-eabi/9.3.1/../../../../arm-none-eabi/lib/thumb/v7e-m+fp/hard\libc.a(lib_a-exit.o)
                0x08005b9c                exit
 .text.__libc_init_array
                0x08005bbc       0x48 y:/coen20/gcc/bin/../lib/gcc/arm-none-eabi/9.3.1/../../../../arm-none-eabi/lib/thumb/v7e-m+fp/hard\libc.a(lib_a-init.o)
                0x08005bbc                __libc_init_array
 .text.localtime
                0x08005c04       0x10 y:/coen20/gcc/bin/../lib/gcc/arm-none-eabi/9.3.1/../../../../arm-none-eabi/lib/thumb/v7e-m+fp/hard\libc.a(lib_a-lcltime.o)
                0x08005c04                localtime
 .text.localtime_r
                0x08005c14      0x240 y:/coen20/gcc/bin/../lib/gcc/arm-none-eabi/9.3.1/../../../../arm-none-eabi/lib/thumb/v7e-m+fp/hard\libc.a(lib_a-lcltime_r.o)
                0x08005c14                localtime_r
 .text          0x08005e54      0x134 y:/coen20/gcc/bin/../lib/gcc/arm-none-eabi/9.3.1/../../../../arm-none-eabi/lib/thumb/v7e-m+fp/hard\libc.a(lib_a-memcpy.o)
                0x08005e54                memcpy
 .text.memset   0x08005f88       0xa0 y:/coen20/gcc/bin/../lib/gcc/arm-none-eabi/9.3.1/../../../../arm-none-eabi/lib/thumb/v7e-m+fp/hard\libc.a(lib_a-memset.o)
                0x08005f88                memset
 .text.validate_structure
                0x08006028      0x1fc y:/coen20/gcc/bin/../lib/gcc/arm-none-eabi/9.3.1/../../../../arm-none-eabi/lib/thumb/v7e-m+fp/hard\libc.a(lib_a-mktime.o)
 .text.mktime   0x08006224      0x3d4 y:/coen20/gcc/bin/../lib/gcc/arm-none-eabi/9.3.1/../../../../arm-none-eabi/lib/thumb/v7e-m+fp/hard\libc.a(lib_a-mktime.o)
                0x08006224                mktime
 .text.sprintf  0x080065f8       0x44 y:/coen20/gcc/bin/../lib/gcc/arm-none-eabi/9.3.1/../../../../arm-none-eabi/lib/thumb/v7e-m+fp/hard\libc.a(lib_a-sprintf.o)
                0x080065f8                sprintf
 .text.sscanf   0x0800663c       0x58 y:/coen20/gcc/bin/../lib/gcc/arm-none-eabi/9.3.1/../../../../arm-none-eabi/lib/thumb/v7e-m+fp/hard\libc.a(lib_a-sscanf.o)
                0x0800663c                sscanf
 .text.__sread  0x08006694       0x24 y:/coen20/gcc/bin/../lib/gcc/arm-none-eabi/9.3.1/../../../../arm-none-eabi/lib/thumb/v7e-m+fp/hard\libc.a(lib_a-stdio.o)
                0x08006694                __sread
 .text.__seofread
                0x080066b8        0x4 y:/coen20/gcc/bin/../lib/gcc/arm-none-eabi/9.3.1/../../../../arm-none-eabi/lib/thumb/v7e-m+fp/hard\libc.a(lib_a-stdio.o)
                0x080066b8                __seofread
 .text.__swrite
                0x080066bc       0x40 y:/coen20/gcc/bin/../lib/gcc/arm-none-eabi/9.3.1/../../../../arm-none-eabi/lib/thumb/v7e-m+fp/hard\libc.a(lib_a-stdio.o)
                0x080066bc                __swrite
 .text.__sseek  0x080066fc       0x20 y:/coen20/gcc/bin/../lib/gcc/arm-none-eabi/9.3.1/../../../../arm-none-eabi/lib/thumb/v7e-m+fp/hard\libc.a(lib_a-stdio.o)
                0x080066fc                __sseek
 .text.__sclose
                0x0800671c        0x8 y:/coen20/gcc/bin/../lib/gcc/arm-none-eabi/9.3.1/../../../../arm-none-eabi/lib/thumb/v7e-m+fp/hard\libc.a(lib_a-stdio.o)
                0x0800671c                __sclose
 .text.strcpy   0x08006724       0xbc y:/coen20/gcc/bin/../lib/gcc/arm-none-eabi/9.3.1/../../../../arm-none-eabi/lib/thumb/v7e-m+fp/hard\libc.a(lib_a-strcpy.o)
                0x08006724                strcpy
 *fill*         0x080067e0       0x20 
 .text          0x08006800       0xdc y:/coen20/gcc/bin/../lib/gcc/arm-none-eabi/9.3.1/../../../../arm-none-eabi/lib/thumb/v7e-m+fp/hard\libc.a(lib_a-strlen.o)
                0x08006800                strlen
 .text.strncmp  0x080068dc       0x7c y:/coen20/gcc/bin/../lib/gcc/arm-none-eabi/9.3.1/../../../../arm-none-eabi/lib/thumb/v7e-m+fp/hard\libc.a(lib_a-strncmp.o)
                0x080068dc                strncmp
 .text._svfprintf_r
                0x08006958     0x1b38 y:/coen20/gcc/bin/../lib/gcc/arm-none-eabi/9.3.1/../../../../arm-none-eabi/lib/thumb/v7e-m+fp/hard\libc.a(lib_a-svfprintf.o)
                0x08006958                _svfprintf_r
 .text.__ssvfscanf_r
                0x08008490     0x16cc y:/coen20/gcc/bin/../lib/gcc/arm-none-eabi/9.3.1/../../../../arm-none-eabi/lib/thumb/v7e-m+fp/hard\libc.a(lib_a-svfscanf.o)
                0x08008490                __ssvfscanf_r
 .text.__tzcalc_limits
                0x08009b5c      0x194 y:/coen20/gcc/bin/../lib/gcc/arm-none-eabi/9.3.1/../../../../arm-none-eabi/lib/thumb/v7e-m+fp/hard\libc.a(lib_a-tzcalc_limits.o)
                0x08009b5c                __tzcalc_limits
 .text.__tz_lock
                0x08009cf0        0xc y:/coen20/gcc/bin/../lib/gcc/arm-none-eabi/9.3.1/../../../../arm-none-eabi/lib/thumb/v7e-m+fp/hard\libc.a(lib_a-tzlock.o)
                0x08009cf0                __tz_lock
 .text.__tz_unlock
                0x08009cfc        0xc y:/coen20/gcc/bin/../lib/gcc/arm-none-eabi/9.3.1/../../../../arm-none-eabi/lib/thumb/v7e-m+fp/hard\libc.a(lib_a-tzlock.o)
                0x08009cfc                __tz_unlock
 .text._tzset_unlocked
                0x08009d08        0xc y:/coen20/gcc/bin/../lib/gcc/arm-none-eabi/9.3.1/../../../../arm-none-eabi/lib/thumb/v7e-m+fp/hard\libc.a(lib_a-tzset.o)
                0x08009d08                _tzset_unlocked
 .text._tzset_unlocked_r
                0x08009d14      0x328 y:/coen20/gcc/bin/../lib/gcc/arm-none-eabi/9.3.1/../../../../arm-none-eabi/lib/thumb/v7e-m+fp/hard\libc.a(lib_a-tzset_r.o)
                0x08009d14                _tzset_unlocked_r
 .text._vsprintf_r
                0x0800a03c       0x28 y:/coen20/gcc/bin/../lib/gcc/arm-none-eabi/9.3.1/../../../../arm-none-eabi/lib/thumb/v7e-m+fp/hard\libc.a(lib_a-vsprintf.o)
                0x0800a03c                _vsprintf_r
 .text.vsprintf
                0x0800a064       0x18 y:/coen20/gcc/bin/../lib/gcc/arm-none-eabi/9.3.1/../../../../arm-none-eabi/lib/thumb/v7e-m+fp/hard\libc.a(lib_a-vsprintf.o)
                0x0800a064                vsprintf
 .text._write_r
                0x0800a07c       0x2c y:/coen20/gcc/bin/../lib/gcc/arm-none-eabi/9.3.1/../../../../arm-none-eabi/lib/thumb/v7e-m+fp/hard\libc.a(lib_a-writer.o)
                0x0800a07c                _write_r
 .text.__swsetup_r
                0x0800a0a8       0xd0 y:/coen20/gcc/bin/../lib/gcc/arm-none-eabi/9.3.1/../../../../arm-none-eabi/lib/thumb/v7e-m+fp/hard\libc.a(lib_a-wsetup.o)
                0x0800a0a8                __swsetup_r
 .text.startup.register_fini
                0x0800a178       0x14 y:/coen20/gcc/bin/../lib/gcc/arm-none-eabi/9.3.1/../../../../arm-none-eabi/lib/thumb/v7e-m+fp/hard\libc.a(lib_a-__call_atexit.o)
 .text.__call_exitprocs
                0x0800a18c       0xcc y:/coen20/gcc/bin/../lib/gcc/arm-none-eabi/9.3.1/../../../../arm-none-eabi/lib/thumb/v7e-m+fp/hard\libc.a(lib_a-__call_atexit.o)
                0x0800a18c                __call_exitprocs
 .text.atexit   0x0800a258        0xc y:/coen20/gcc/bin/../lib/gcc/arm-none-eabi/9.3.1/../../../../arm-none-eabi/lib/thumb/v7e-m+fp/hard\libc.a(lib_a-atexit.o)
                0x0800a258                atexit
 .text._close_r
                0x0800a264       0x24 y:/coen20/gcc/bin/../lib/gcc/arm-none-eabi/9.3.1/../../../../arm-none-eabi/lib/thumb/v7e-m+fp/hard\libc.a(lib_a-closer.o)
                0x0800a264                _close_r
 .text.div      0x0800a288       0x40 y:/coen20/gcc/bin/../lib/gcc/arm-none-eabi/9.3.1/../../../../arm-none-eabi/lib/thumb/v7e-m+fp/hard\libc.a(lib_a-div.o)
                0x0800a288                div
 .text.quorem   0x0800a2c8      0x11c y:/coen20/gcc/bin/../lib/gcc/arm-none-eabi/9.3.1/../../../../arm-none-eabi/lib/thumb/v7e-m+fp/hard\libc.a(lib_a-dtoa.o)
 *fill*         0x0800a3e4        0x4 
 .text._dtoa_r  0x0800a3e8      0xf44 y:/coen20/gcc/bin/../lib/gcc/arm-none-eabi/9.3.1/../../../../arm-none-eabi/lib/thumb/v7e-m+fp/hard\libc.a(lib_a-dtoa.o)
                0x0800a3e8                _dtoa_r
 .text.__sflush_r
                0x0800b32c      0x130 y:/coen20/gcc/bin/../lib/gcc/arm-none-eabi/9.3.1/../../../../arm-none-eabi/lib/thumb/v7e-m+fp/hard\libc.a(lib_a-fflush.o)
                0x0800b32c                __sflush_r
 .text._fflush_r
                0x0800b45c       0x5c y:/coen20/gcc/bin/../lib/gcc/arm-none-eabi/9.3.1/../../../../arm-none-eabi/lib/thumb/v7e-m+fp/hard\libc.a(lib_a-fflush.o)
                0x0800b45c                _fflush_r
 .text.std      0x0800b4b8       0x50 y:/coen20/gcc/bin/../lib/gcc/arm-none-eabi/9.3.1/../../../../arm-none-eabi/lib/thumb/v7e-m+fp/hard\libc.a(lib_a-findfp.o)
 .text._cleanup_r
                0x0800b508        0xc y:/coen20/gcc/bin/../lib/gcc/arm-none-eabi/9.3.1/../../../../arm-none-eabi/lib/thumb/v7e-m+fp/hard\libc.a(lib_a-findfp.o)
                0x0800b508                _cleanup_r
 .text.__sinit  0x0800b514       0x54 y:/coen20/gcc/bin/../lib/gcc/arm-none-eabi/9.3.1/../../../../arm-none-eabi/lib/thumb/v7e-m+fp/hard\libc.a(lib_a-findfp.o)
                0x0800b514                __sinit
 .text.__sfp_lock_acquire
                0x0800b568        0xc y:/coen20/gcc/bin/../lib/gcc/arm-none-eabi/9.3.1/../../../../arm-none-eabi/lib/thumb/v7e-m+fp/hard\libc.a(lib_a-findfp.o)
                0x0800b568                __sfp_lock_acquire
 .text.__sfp_lock_release
                0x0800b574        0xc y:/coen20/gcc/bin/../lib/gcc/arm-none-eabi/9.3.1/../../../../arm-none-eabi/lib/thumb/v7e-m+fp/hard\libc.a(lib_a-findfp.o)
                0x0800b574                __sfp_lock_release
 .text.__libc_fini_array
                0x0800b580       0x2c y:/coen20/gcc/bin/../lib/gcc/arm-none-eabi/9.3.1/../../../../arm-none-eabi/lib/thumb/v7e-m+fp/hard\libc.a(lib_a-fini.o)
                0x0800b580                __libc_fini_array
 .text._malloc_trim_r
                0x0800b5ac       0xa0 y:/coen20/gcc/bin/../lib/gcc/arm-none-eabi/9.3.1/../../../../arm-none-eabi/lib/thumb/v7e-m+fp/hard\libc.a(lib_a-freer.o)
                0x0800b5ac                _malloc_trim_r
 .text._free_r  0x0800b64c      0x208 y:/coen20/gcc/bin/../lib/gcc/arm-none-eabi/9.3.1/../../../../arm-none-eabi/lib/thumb/v7e-m+fp/hard\libc.a(lib_a-freer.o)
                0x0800b64c                _free_r
 .text._fwalk_reent
                0x0800b854       0x48 y:/coen20/gcc/bin/../lib/gcc/arm-none-eabi/9.3.1/../../../../arm-none-eabi/lib/thumb/v7e-m+fp/hard\libc.a(lib_a-fwalk.o)
                0x0800b854                _fwalk_reent
 .text._findenv_r
                0x0800b89c       0x80 y:/coen20/gcc/bin/../lib/gcc/arm-none-eabi/9.3.1/../../../../arm-none-eabi/lib/thumb/v7e-m+fp/hard\libc.a(lib_a-getenv_r.o)
                0x0800b89c                _findenv_r
 .text._getenv_r
                0x0800b91c       0x10 y:/coen20/gcc/bin/../lib/gcc/arm-none-eabi/9.3.1/../../../../arm-none-eabi/lib/thumb/v7e-m+fp/hard\libc.a(lib_a-getenv_r.o)
                0x0800b91c                _getenv_r
 .text.__gettzinfo
                0x0800b92c        0x8 y:/coen20/gcc/bin/../lib/gcc/arm-none-eabi/9.3.1/../../../../arm-none-eabi/lib/thumb/v7e-m+fp/hard\libc.a(lib_a-gettzinfo.o)
                0x0800b92c                __gettzinfo
 .text.gmtime_r
                0x0800b934      0x1cc y:/coen20/gcc/bin/../lib/gcc/arm-none-eabi/9.3.1/../../../../arm-none-eabi/lib/thumb/v7e-m+fp/hard\libc.a(lib_a-gmtime_r.o)
                0x0800b934                gmtime_r
 .text.iswspace
                0x0800bb00        0x8 y:/coen20/gcc/bin/../lib/gcc/arm-none-eabi/9.3.1/../../../../arm-none-eabi/lib/thumb/v7e-m+fp/hard\libc.a(lib_a-iswspace.o)
                0x0800bb00                iswspace
 .text.iswspace_l
                0x0800bb08       0x14 y:/coen20/gcc/bin/../lib/gcc/arm-none-eabi/9.3.1/../../../../arm-none-eabi/lib/thumb/v7e-m+fp/hard\libc.a(lib_a-iswspace_l.o)
                0x0800bb08                iswspace_l
 .text.__locale_mb_cur_max
                0x0800bb1c        0xc y:/coen20/gcc/bin/../lib/gcc/arm-none-eabi/9.3.1/../../../../arm-none-eabi/lib/thumb/v7e-m+fp/hard\libc.a(lib_a-locale.o)
                0x0800bb1c                __locale_mb_cur_max
 .text._localeconv_r
                0x0800bb28        0x8 y:/coen20/gcc/bin/../lib/gcc/arm-none-eabi/9.3.1/../../../../arm-none-eabi/lib/thumb/v7e-m+fp/hard\libc.a(lib_a-localeconv.o)
                0x0800bb28                _localeconv_r
 .text.__retarget_lock_init_recursive
                0x0800bb30        0x4 y:/coen20/gcc/bin/../lib/gcc/arm-none-eabi/9.3.1/../../../../arm-none-eabi/lib/thumb/v7e-m+fp/hard\libc.a(lib_a-lock.o)
                0x0800bb30                __retarget_lock_init_recursive
 .text.__retarget_lock_close_recursive
                0x0800bb34        0x4 y:/coen20/gcc/bin/../lib/gcc/arm-none-eabi/9.3.1/../../../../arm-none-eabi/lib/thumb/v7e-m+fp/hard\libc.a(lib_a-lock.o)
                0x0800bb34                __retarget_lock_close_recursive
 .text.__retarget_lock_acquire
                0x0800bb38        0x4 y:/coen20/gcc/bin/../lib/gcc/arm-none-eabi/9.3.1/../../../../arm-none-eabi/lib/thumb/v7e-m+fp/hard\libc.a(lib_a-lock.o)
                0x0800bb38                __retarget_lock_acquire
 .text.__retarget_lock_acquire_recursive
                0x0800bb3c        0x4 y:/coen20/gcc/bin/../lib/gcc/arm-none-eabi/9.3.1/../../../../arm-none-eabi/lib/thumb/v7e-m+fp/hard\libc.a(lib_a-lock.o)
                0x0800bb3c                __retarget_lock_acquire_recursive
 .text.__retarget_lock_release
                0x0800bb40        0x4 y:/coen20/gcc/bin/../lib/gcc/arm-none-eabi/9.3.1/../../../../arm-none-eabi/lib/thumb/v7e-m+fp/hard\libc.a(lib_a-lock.o)
                0x0800bb40                __retarget_lock_release
 .text.__retarget_lock_release_recursive
                0x0800bb44        0x4 y:/coen20/gcc/bin/../lib/gcc/arm-none-eabi/9.3.1/../../../../arm-none-eabi/lib/thumb/v7e-m+fp/hard\libc.a(lib_a-lock.o)
                0x0800bb44                __retarget_lock_release_recursive
 .text._lseek_r
                0x0800bb48       0x2c y:/coen20/gcc/bin/../lib/gcc/arm-none-eabi/9.3.1/../../../../arm-none-eabi/lib/thumb/v7e-m+fp/hard\libc.a(lib_a-lseekr.o)
                0x0800bb48                _lseek_r
 .text.__swhatbuf_r
                0x0800bb74       0x5c y:/coen20/gcc/bin/../lib/gcc/arm-none-eabi/9.3.1/../../../../arm-none-eabi/lib/thumb/v7e-m+fp/hard\libc.a(lib_a-makebuf.o)
                0x0800bb74                __swhatbuf_r
 .text.__smakebuf_r
                0x0800bbd0       0x98 y:/coen20/gcc/bin/../lib/gcc/arm-none-eabi/9.3.1/../../../../arm-none-eabi/lib/thumb/v7e-m+fp/hard\libc.a(lib_a-makebuf.o)
                0x0800bbd0                __smakebuf_r
 .text.malloc   0x0800bc68       0x10 y:/coen20/gcc/bin/../lib/gcc/arm-none-eabi/9.3.1/../../../../arm-none-eabi/lib/thumb/v7e-m+fp/hard\libc.a(lib_a-malloc.o)
                0x0800bc68                malloc
 .text.free     0x0800bc78       0x10 y:/coen20/gcc/bin/../lib/gcc/arm-none-eabi/9.3.1/../../../../arm-none-eabi/lib/thumb/v7e-m+fp/hard\libc.a(lib_a-malloc.o)
                0x0800bc78                free
 .text._malloc_r
                0x0800bc88      0x574 y:/coen20/gcc/bin/../lib/gcc/arm-none-eabi/9.3.1/../../../../arm-none-eabi/lib/thumb/v7e-m+fp/hard\libc.a(lib_a-mallocr.o)
                0x0800bc88                _malloc_r
 .text._mbrtowc_r
                0x0800c1fc       0x44 y:/coen20/gcc/bin/../lib/gcc/arm-none-eabi/9.3.1/../../../../arm-none-eabi/lib/thumb/v7e-m+fp/hard\libc.a(lib_a-mbrtowc.o)
                0x0800c1fc                _mbrtowc_r
 .text.__ascii_mbtowc
                0x0800c240       0x2c y:/coen20/gcc/bin/../lib/gcc/arm-none-eabi/9.3.1/../../../../arm-none-eabi/lib/thumb/v7e-m+fp/hard\libc.a(lib_a-mbtowc_r.o)
                0x0800c240                __ascii_mbtowc
 *fill*         0x0800c26c        0x4 
 .text          0x0800c270       0xa0 y:/coen20/gcc/bin/../lib/gcc/arm-none-eabi/9.3.1/../../../../arm-none-eabi/lib/thumb/v7e-m+fp/hard\libc.a(lib_a-memchr.o)
                0x0800c270                memchr
 .text.__malloc_lock
                0x0800c310        0xc y:/coen20/gcc/bin/../lib/gcc/arm-none-eabi/9.3.1/../../../../arm-none-eabi/lib/thumb/v7e-m+fp/hard\libc.a(lib_a-mlock.o)
                0x0800c310                __malloc_lock
 .text.__malloc_unlock
                0x0800c31c        0xc y:/coen20/gcc/bin/../lib/gcc/arm-none-eabi/9.3.1/../../../../arm-none-eabi/lib/thumb/v7e-m+fp/hard\libc.a(lib_a-mlock.o)
                0x0800c31c                __malloc_unlock
 .text._Balloc  0x0800c328       0x4c y:/coen20/gcc/bin/../lib/gcc/arm-none-eabi/9.3.1/../../../../arm-none-eabi/lib/thumb/v7e-m+fp/hard\libc.a(lib_a-mprec.o)
                0x0800c328                _Balloc
 .text._Bfree   0x0800c374       0x14 y:/coen20/gcc/bin/../lib/gcc/arm-none-eabi/9.3.1/../../../../arm-none-eabi/lib/thumb/v7e-m+fp/hard\libc.a(lib_a-mprec.o)
                0x0800c374                _Bfree
 .text.__multadd
                0x0800c388       0xac y:/coen20/gcc/bin/../lib/gcc/arm-none-eabi/9.3.1/../../../../arm-none-eabi/lib/thumb/v7e-m+fp/hard\libc.a(lib_a-mprec.o)
                0x0800c388                __multadd
 .text.__s2b    0x0800c434       0xb4 y:/coen20/gcc/bin/../lib/gcc/arm-none-eabi/9.3.1/../../../../arm-none-eabi/lib/thumb/v7e-m+fp/hard\libc.a(lib_a-mprec.o)
                0x0800c434                __s2b
 .text.__hi0bits
                0x0800c4e8       0x40 y:/coen20/gcc/bin/../lib/gcc/arm-none-eabi/9.3.1/../../../../arm-none-eabi/lib/thumb/v7e-m+fp/hard\libc.a(lib_a-mprec.o)
                0x0800c4e8                __hi0bits
 .text.__lo0bits
                0x0800c528       0x60 y:/coen20/gcc/bin/../lib/gcc/arm-none-eabi/9.3.1/../../../../arm-none-eabi/lib/thumb/v7e-m+fp/hard\libc.a(lib_a-mprec.o)
                0x0800c528                __lo0bits
 .text.__i2b    0x0800c588       0x2c y:/coen20/gcc/bin/../lib/gcc/arm-none-eabi/9.3.1/../../../../arm-none-eabi/lib/thumb/v7e-m+fp/hard\libc.a(lib_a-mprec.o)
                0x0800c588                __i2b
 .text.__multiply
                0x0800c5b4      0x160 y:/coen20/gcc/bin/../lib/gcc/arm-none-eabi/9.3.1/../../../../arm-none-eabi/lib/thumb/v7e-m+fp/hard\libc.a(lib_a-mprec.o)
                0x0800c5b4                __multiply
 .text.__pow5mult
                0x0800c714       0x98 y:/coen20/gcc/bin/../lib/gcc/arm-none-eabi/9.3.1/../../../../arm-none-eabi/lib/thumb/v7e-m+fp/hard\libc.a(lib_a-mprec.o)
                0x0800c714                __pow5mult
 .text.__lshift
                0x0800c7ac       0xe8 y:/coen20/gcc/bin/../lib/gcc/arm-none-eabi/9.3.1/../../../../arm-none-eabi/lib/thumb/v7e-m+fp/hard\libc.a(lib_a-mprec.o)
                0x0800c7ac                __lshift
 .text.__mcmp   0x0800c894       0x3c y:/coen20/gcc/bin/../lib/gcc/arm-none-eabi/9.3.1/../../../../arm-none-eabi/lib/thumb/v7e-m+fp/hard\libc.a(lib_a-mprec.o)
                0x0800c894                __mcmp
 .text.__mdiff  0x0800c8d0      0x148 y:/coen20/gcc/bin/../lib/gcc/arm-none-eabi/9.3.1/../../../../arm-none-eabi/lib/thumb/v7e-m+fp/hard\libc.a(lib_a-mprec.o)
                0x0800c8d0                __mdiff
 .text.__ulp    0x0800ca18       0x60 y:/coen20/gcc/bin/../lib/gcc/arm-none-eabi/9.3.1/../../../../arm-none-eabi/lib/thumb/v7e-m+fp/hard\libc.a(lib_a-mprec.o)
                0x0800ca18                __ulp
 .text.__b2d    0x0800ca78       0xc4 y:/coen20/gcc/bin/../lib/gcc/arm-none-eabi/9.3.1/../../../../arm-none-eabi/lib/thumb/v7e-m+fp/hard\libc.a(lib_a-mprec.o)
                0x0800ca78                __b2d
 .text.__d2b    0x0800cb3c       0xd0 y:/coen20/gcc/bin/../lib/gcc/arm-none-eabi/9.3.1/../../../../arm-none-eabi/lib/thumb/v7e-m+fp/hard\libc.a(lib_a-mprec.o)
                0x0800cb3c                __d2b
 .text.__ratio  0x0800cc0c       0x5c y:/coen20/gcc/bin/../lib/gcc/arm-none-eabi/9.3.1/../../../../arm-none-eabi/lib/thumb/v7e-m+fp/hard\libc.a(lib_a-mprec.o)
                0x0800cc0c                __ratio
 .text.__copybits
                0x0800cc68       0x48 y:/coen20/gcc/bin/../lib/gcc/arm-none-eabi/9.3.1/../../../../arm-none-eabi/lib/thumb/v7e-m+fp/hard\libc.a(lib_a-mprec.o)
                0x0800cc68                __copybits
 .text.__any_on
                0x0800ccb0       0x64 y:/coen20/gcc/bin/../lib/gcc/arm-none-eabi/9.3.1/../../../../arm-none-eabi/lib/thumb/v7e-m+fp/hard\libc.a(lib_a-mprec.o)
                0x0800ccb0                __any_on
 .text._read_r  0x0800cd14       0x2c y:/coen20/gcc/bin/../lib/gcc/arm-none-eabi/9.3.1/../../../../arm-none-eabi/lib/thumb/v7e-m+fp/hard\libc.a(lib_a-readr.o)
                0x0800cd14                _read_r
 .text.realloc  0x0800cd40       0x10 y:/coen20/gcc/bin/../lib/gcc/arm-none-eabi/9.3.1/../../../../arm-none-eabi/lib/thumb/v7e-m+fp/hard\libc.a(lib_a-realloc.o)
                0x0800cd40                realloc
 .text._realloc_r
                0x0800cd50      0x3e0 y:/coen20/gcc/bin/../lib/gcc/arm-none-eabi/9.3.1/../../../../arm-none-eabi/lib/thumb/v7e-m+fp/hard\libc.a(lib_a-reallocr.o)
                0x0800cd50                _realloc_r
 .text.frexp    0x0800d130       0x6c y:/coen20/gcc/bin/../lib/gcc/arm-none-eabi/9.3.1/../../../../arm-none-eabi/lib/thumb/v7e-m+fp/hard\libc.a(lib_a-s_frexp.o)
                0x0800d130                frexp
 .text._sbrk_r  0x0800d19c       0x24 y:/coen20/gcc/bin/../lib/gcc/arm-none-eabi/9.3.1/../../../../arm-none-eabi/lib/thumb/v7e-m+fp/hard\libc.a(lib_a-sbrkr.o)
                0x0800d19c                _sbrk_r
 .text.__sccl   0x0800d1c0       0x88 y:/coen20/gcc/bin/../lib/gcc/arm-none-eabi/9.3.1/../../../../arm-none-eabi/lib/thumb/v7e-m+fp/hard\libc.a(lib_a-sccl.o)
                0x0800d1c0                __sccl
 .text.nanf     0x0800d248        0xc y:/coen20/gcc/bin/../lib/gcc/arm-none-eabi/9.3.1/../../../../arm-none-eabi/lib/thumb/v7e-m+fp/hard\libc.a(lib_a-sf_nan.o)
                0x0800d248                nanf
 .text.siscanf  0x0800d254       0x58 y:/coen20/gcc/bin/../lib/gcc/arm-none-eabi/9.3.1/../../../../arm-none-eabi/lib/thumb/v7e-m+fp/hard\libc.a(lib_a-siscanf.o)
                0x0800d254                siscanf
 *fill*         0x0800d2ac       0x14 
 .text          0x0800d2c0      0x2dc y:/coen20/gcc/bin/../lib/gcc/arm-none-eabi/9.3.1/../../../../arm-none-eabi/lib/thumb/v7e-m+fp/hard\libc.a(lib_a-strcmp.o)
                0x0800d2c8                strcmp
 .text.strncpy  0x0800d59c       0x68 y:/coen20/gcc/bin/../lib/gcc/arm-none-eabi/9.3.1/../../../../arm-none-eabi/lib/thumb/v7e-m+fp/hard\libc.a(lib_a-strncpy.o)
                0x0800d59c                strncpy
 .text.sulp     0x0800d604       0x38 y:/coen20/gcc/bin/../lib/gcc/arm-none-eabi/9.3.1/../../../../arm-none-eabi/lib/thumb/v7e-m+fp/hard\libc.a(lib_a-strtod.o)
 *fill*         0x0800d63c        0x4 
 .text._strtod_l
                0x0800d640      0xf98 y:/coen20/gcc/bin/../lib/gcc/arm-none-eabi/9.3.1/../../../../arm-none-eabi/lib/thumb/v7e-m+fp/hard\libc.a(lib_a-strtod.o)
                0x0800d640                _strtod_l
 .text._strtod_r
                0x0800e5d8        0xc y:/coen20/gcc/bin/../lib/gcc/arm-none-eabi/9.3.1/../../../../arm-none-eabi/lib/thumb/v7e-m+fp/hard\libc.a(lib_a-strtod.o)
                0x0800e5d8                _strtod_r
 .text._strtol_l.isra.0
                0x0800e5e4      0x12c y:/coen20/gcc/bin/../lib/gcc/arm-none-eabi/9.3.1/../../../../arm-none-eabi/lib/thumb/v7e-m+fp/hard\libc.a(lib_a-strtol.o)
 .text._strtol_r
                0x0800e710        0x4 y:/coen20/gcc/bin/../lib/gcc/arm-none-eabi/9.3.1/../../../../arm-none-eabi/lib/thumb/v7e-m+fp/hard\libc.a(lib_a-strtol.o)
                0x0800e710                _strtol_r
 .text._strtoll_l.isra.0
                0x0800e714      0x17c y:/coen20/gcc/bin/../lib/gcc/arm-none-eabi/9.3.1/../../../../arm-none-eabi/lib/thumb/v7e-m+fp/hard\libc.a(lib_a-strtoll.o)
 .text._strtoll_r
                0x0800e890        0x4 y:/coen20/gcc/bin/../lib/gcc/arm-none-eabi/9.3.1/../../../../arm-none-eabi/lib/thumb/v7e-m+fp/hard\libc.a(lib_a-strtoll.o)
                0x0800e890                _strtoll_r
 .text._strtoul_l.isra.0
                0x0800e894      0x13c y:/coen20/gcc/bin/../lib/gcc/arm-none-eabi/9.3.1/../../../../arm-none-eabi/lib/thumb/v7e-m+fp/hard\libc.a(lib_a-strtoul.o)
 .text._strtoul_r
                0x0800e9d0        0x4 y:/coen20/gcc/bin/../lib/gcc/arm-none-eabi/9.3.1/../../../../arm-none-eabi/lib/thumb/v7e-m+fp/hard\libc.a(lib_a-strtoul.o)
                0x0800e9d0                _strtoul_r
 .text.strtoul  0x0800e9d4       0x18 y:/coen20/gcc/bin/../lib/gcc/arm-none-eabi/9.3.1/../../../../arm-none-eabi/lib/thumb/v7e-m+fp/hard\libc.a(lib_a-strtoul.o)
                0x0800e9d4                strtoul
 .text._strtoull_l.isra.0
                0x0800e9ec      0x1b8 y:/coen20/gcc/bin/../lib/gcc/arm-none-eabi/9.3.1/../../../../arm-none-eabi/lib/thumb/v7e-m+fp/hard\libc.a(lib_a-strtoull.o)
 .text._strtoull_r
                0x0800eba4        0x4 y:/coen20/gcc/bin/../lib/gcc/arm-none-eabi/9.3.1/../../../../arm-none-eabi/lib/thumb/v7e-m+fp/hard\libc.a(lib_a-strtoull.o)
                0x0800eba4                _strtoull_r
 .text.__ssprint_r
                0x0800eba8       0xf8 y:/coen20/gcc/bin/../lib/gcc/arm-none-eabi/9.3.1/../../../../arm-none-eabi/lib/thumb/v7e-m+fp/hard\libc.a(lib_a-svfiprintf.o)
                0x0800eba8                __ssprint_r
 .text._sungetc_r
                0x0800eca0       0x80 y:/coen20/gcc/bin/../lib/gcc/arm-none-eabi/9.3.1/../../../../arm-none-eabi/lib/thumb/v7e-m+fp/hard\libc.a(lib_a-svfiscanf.o)
                0x0800eca0                _sungetc_r
 .text.__ssrefill_r
                0x0800ed20       0x3c y:/coen20/gcc/bin/../lib/gcc/arm-none-eabi/9.3.1/../../../../arm-none-eabi/lib/thumb/v7e-m+fp/hard\libc.a(lib_a-svfiscanf.o)
                0x0800ed20                __ssrefill_r
 .text._sfread_r
                0x0800ed5c       0x7c y:/coen20/gcc/bin/../lib/gcc/arm-none-eabi/9.3.1/../../../../arm-none-eabi/lib/thumb/v7e-m+fp/hard\libc.a(lib_a-svfiscanf.o)
                0x0800ed5c                _sfread_r
 .text.__ssvfiscanf_r
                0x0800edd8     0x125c y:/coen20/gcc/bin/../lib/gcc/arm-none-eabi/9.3.1/../../../../arm-none-eabi/lib/thumb/v7e-m+fp/hard\libc.a(lib_a-svfiscanf.o)
                0x0800edd8                __ssvfiscanf_r
 .text.__submore
                0x08010034       0x78 y:/coen20/gcc/bin/../lib/gcc/arm-none-eabi/9.3.1/../../../../arm-none-eabi/lib/thumb/v7e-m+fp/hard\libc.a(lib_a-ungetc.o)
                0x08010034                __submore
 .text.__sprint_r.part.0
                0x080100ac       0x78 y:/coen20/gcc/bin/../lib/gcc/arm-none-eabi/9.3.1/../../../../arm-none-eabi/lib/thumb/v7e-m+fp/hard\libc.a(lib_a-vfiprintf.o)
 .text._vfiprintf_r
                0x08010124      0xd4c y:/coen20/gcc/bin/../lib/gcc/arm-none-eabi/9.3.1/../../../../arm-none-eabi/lib/thumb/v7e-m+fp/hard\libc.a(lib_a-vfiprintf.o)
                0x08010124                _vfiprintf_r
 .text.__sbprintf
                0x08010e70       0x84 y:/coen20/gcc/bin/../lib/gcc/arm-none-eabi/9.3.1/../../../../arm-none-eabi/lib/thumb/v7e-m+fp/hard\libc.a(lib_a-vfiprintf.o)
 .text.__ascii_wctomb
                0x08010ef4       0x1c y:/coen20/gcc/bin/../lib/gcc/arm-none-eabi/9.3.1/../../../../arm-none-eabi/lib/thumb/v7e-m+fp/hard\libc.a(lib_a-wctomb_r.o)
                0x08010ef4                __ascii_wctomb
 .text.__register_exitproc
                0x08010f10       0x8c y:/coen20/gcc/bin/../lib/gcc/arm-none-eabi/9.3.1/../../../../arm-none-eabi/lib/thumb/v7e-m+fp/hard\libc.a(lib_a-__atexit.o)
                0x08010f10                __register_exitproc
 .text.__assert_func
                0x08010f9c       0x3c y:/coen20/gcc/bin/../lib/gcc/arm-none-eabi/9.3.1/../../../../arm-none-eabi/lib/thumb/v7e-m+fp/hard\libc.a(lib_a-assert.o)
                0x08010f9c                __assert_func
 .text._calloc_r
                0x08010fd8       0x60 y:/coen20/gcc/bin/../lib/gcc/arm-none-eabi/9.3.1/../../../../arm-none-eabi/lib/thumb/v7e-m+fp/hard\libc.a(lib_a-callocr.o)
                0x08010fd8                _calloc_r
 .text.__env_lock
                0x08011038        0xc y:/coen20/gcc/bin/../lib/gcc/arm-none-eabi/9.3.1/../../../../arm-none-eabi/lib/thumb/v7e-m+fp/hard\libc.a(lib_a-envlock.o)
                0x08011038                __env_lock
 .text.__env_unlock
                0x08011044        0xc y:/coen20/gcc/bin/../lib/gcc/arm-none-eabi/9.3.1/../../../../arm-none-eabi/lib/thumb/v7e-m+fp/hard\libc.a(lib_a-envlock.o)
                0x08011044                __env_unlock
 .text.__errno  0x08011050        0xc y:/coen20/gcc/bin/../lib/gcc/arm-none-eabi/9.3.1/../../../../arm-none-eabi/lib/thumb/v7e-m+fp/hard\libc.a(lib_a-errno.o)
                0x08011050                __errno
 .text._fclose_r
                0x0801105c       0xcc y:/coen20/gcc/bin/../lib/gcc/arm-none-eabi/9.3.1/../../../../arm-none-eabi/lib/thumb/v7e-m+fp/hard\libc.a(lib_a-fclose.o)
                0x0801105c                _fclose_r
 .text.fiprintf
                0x08011128       0x28 y:/coen20/gcc/bin/../lib/gcc/arm-none-eabi/9.3.1/../../../../arm-none-eabi/lib/thumb/v7e-m+fp/hard\libc.a(lib_a-fiprintf.o)
                0x08011128                fiprintf
 .text.__fputwc
                0x08011150       0xa8 y:/coen20/gcc/bin/../lib/gcc/arm-none-eabi/9.3.1/../../../../arm-none-eabi/lib/thumb/v7e-m+fp/hard\libc.a(lib_a-fputwc.o)
                0x08011150                __fputwc
 .text._fputwc_r
                0x080111f8       0x68 y:/coen20/gcc/bin/../lib/gcc/arm-none-eabi/9.3.1/../../../../arm-none-eabi/lib/thumb/v7e-m+fp/hard\libc.a(lib_a-fputwc.o)
                0x080111f8                _fputwc_r
 .text._fstat_r
                0x08011260       0x2c y:/coen20/gcc/bin/../lib/gcc/arm-none-eabi/9.3.1/../../../../arm-none-eabi/lib/thumb/v7e-m+fp/hard\libc.a(lib_a-fstatr.o)
                0x08011260                _fstat_r
 .text.__sfvwrite_r
                0x0801128c      0x2e0 y:/coen20/gcc/bin/../lib/gcc/arm-none-eabi/9.3.1/../../../../arm-none-eabi/lib/thumb/v7e-m+fp/hard\libc.a(lib_a-fvwrite.o)
                0x0801128c                __sfvwrite_r
 .text.rshift   0x0801156c       0xa4 y:/coen20/gcc/bin/../lib/gcc/arm-none-eabi/9.3.1/../../../../arm-none-eabi/lib/thumb/v7e-m+fp/hard\libc.a(lib_a-gdtoa-gethex.o)
 .text.__gethex
                0x08011610      0x570 y:/coen20/gcc/bin/../lib/gcc/arm-none-eabi/9.3.1/../../../../arm-none-eabi/lib/thumb/v7e-m+fp/hard\libc.a(lib_a-gdtoa-gethex.o)
                0x08011610                __gethex
 .text.__match  0x08011b80       0x30 y:/coen20/gcc/bin/../lib/gcc/arm-none-eabi/9.3.1/../../../../arm-none-eabi/lib/thumb/v7e-m+fp/hard\libc.a(lib_a-gdtoa-hexnan.o)
                0x08011b80                __match
 .text.__hexnan
                0x08011bb0      0x1a4 y:/coen20/gcc/bin/../lib/gcc/arm-none-eabi/9.3.1/../../../../arm-none-eabi/lib/thumb/v7e-m+fp/hard\libc.a(lib_a-gdtoa-hexnan.o)
                0x08011bb0                __hexnan
 .text._isatty_r
                0x08011d54       0x24 y:/coen20/gcc/bin/../lib/gcc/arm-none-eabi/9.3.1/../../../../arm-none-eabi/lib/thumb/v7e-m+fp/hard\libc.a(lib_a-isattyr.o)
                0x08011d54                _isatty_r
 .text.memmove  0x08011d78       0xd8 y:/coen20/gcc/bin/../lib/gcc/arm-none-eabi/9.3.1/../../../../arm-none-eabi/lib/thumb/v7e-m+fp/hard\libc.a(lib_a-memmove.o)
                0x08011d78                memmove
 .text.nan      0x08011e50       0x10 y:/coen20/gcc/bin/../lib/gcc/arm-none-eabi/9.3.1/../../../../arm-none-eabi/lib/thumb/v7e-m+fp/hard\libc.a(lib_a-s_nan.o)
                0x08011e50                nan
 .text.__swbuf_r
                0x08011e60       0xb0 y:/coen20/gcc/bin/../lib/gcc/arm-none-eabi/9.3.1/../../../../arm-none-eabi/lib/thumb/v7e-m+fp/hard\libc.a(lib_a-wbuf.o)
                0x08011e60                __swbuf_r
 .text._wcrtomb_r
                0x08011f10       0x3c y:/coen20/gcc/bin/../lib/gcc/arm-none-eabi/9.3.1/../../../../arm-none-eabi/lib/thumb/v7e-m+fp/hard\libc.a(lib_a-wcrtomb.o)
                0x08011f10                _wcrtomb_r
 .text.abort    0x08011f4c       0x10 y:/coen20/gcc/bin/../lib/gcc/arm-none-eabi/9.3.1/../../../../arm-none-eabi/lib/thumb/v7e-m+fp/hard\libc.a(lib_a-abort.o)
                0x08011f4c                abort
 .text._raise_r
                0x08011f5c       0x58 y:/coen20/gcc/bin/../lib/gcc/arm-none-eabi/9.3.1/../../../../arm-none-eabi/lib/thumb/v7e-m+fp/hard\libc.a(lib_a-signal.o)
                0x08011f5c                _raise_r
 .text.raise    0x08011fb4       0x10 y:/coen20/gcc/bin/../lib/gcc/arm-none-eabi/9.3.1/../../../../arm-none-eabi/lib/thumb/v7e-m+fp/hard\libc.a(lib_a-signal.o)
                0x08011fb4                raise
 .text._kill_r  0x08011fc4       0x2c y:/coen20/gcc/bin/../lib/gcc/arm-none-eabi/9.3.1/../../../../arm-none-eabi/lib/thumb/v7e-m+fp/hard\libc.a(lib_a-signalr.o)
                0x08011fc4                _kill_r
 .text._getpid_r
                0x08011ff0        0x4 y:/coen20/gcc/bin/../lib/gcc/arm-none-eabi/9.3.1/../../../../arm-none-eabi/lib/thumb/v7e-m+fp/hard\libc.a(lib_a-signalr.o)
                0x08011ff0                _getpid_r
 .text._sbrk    0x08011ff4       0x1c y:/coen20/gcc/bin/../lib/gcc/arm-none-eabi/9.3.1/../../../../arm-none-eabi/lib/thumb/v7e-m+fp/hard\libnosys.a(sbrk.o)
                0x08011ff4                _sbrk
 .text._exit    0x08012010        0x4 y:/coen20/gcc/bin/../lib/gcc/arm-none-eabi/9.3.1/../../../../arm-none-eabi/lib/thumb/v7e-m+fp/hard\libnosys.a(_exit.o)
                0x08012010                _exit
 .text          0x08012014      0x378 y:/coen20/gcc/bin/../lib/gcc/arm-none-eabi/9.3.1/thumb/v7e-m+fp/hard\libgcc.a(_arm_addsubdf3.o)
                0x08012014                __aeabi_drsub
                0x0801201c                __aeabi_dsub
                0x0801201c                __subdf3
                0x08012020                __aeabi_dadd
                0x08012020                __adddf3
                0x08012298                __floatunsidf
                0x08012298                __aeabi_ui2d
                0x080122b8                __floatsidf
                0x080122b8                __aeabi_i2d
                0x080122dc                __aeabi_f2d
                0x080122dc                __extendsfdf2
                0x08012320                __floatundidf
                0x08012320                __aeabi_ul2d
                0x08012330                __floatdidf
                0x08012330                __aeabi_l2d
 .text          0x0801238c      0x424 y:/coen20/gcc/bin/../lib/gcc/arm-none-eabi/9.3.1/thumb/v7e-m+fp/hard\libgcc.a(_arm_muldivdf3.o)
                0x0801238c                __aeabi_dmul
                0x0801238c                __muldf3
                0x080125e0                __divdf3
                0x080125e0                __aeabi_ddiv
 .text          0x080127b0      0x110 y:/coen20/gcc/bin/../lib/gcc/arm-none-eabi/9.3.1/thumb/v7e-m+fp/hard\libgcc.a(_arm_cmpdf2.o)
                0x080127b0                __gtdf2
                0x080127b0                __gedf2
                0x080127b8                __ltdf2
                0x080127b8                __ledf2
                0x080127c0                __nedf2
                0x080127c0                __eqdf2
                0x080127c0                __cmpdf2
                0x0801283c                __aeabi_cdrcmple
                0x0801284c                __aeabi_cdcmpeq
                0x0801284c                __aeabi_cdcmple
                0x0801285c                __aeabi_dcmpeq
                0x08012870                __aeabi_dcmplt
                0x08012884                __aeabi_dcmple
                0x08012898                __aeabi_dcmpge
                0x080128ac                __aeabi_dcmpgt
 .text          0x080128c0       0x2c y:/coen20/gcc/bin/../lib/gcc/arm-none-eabi/9.3.1/thumb/v7e-m+fp/hard\libgcc.a(_arm_unorddf2.o)
                0x080128c0                __unorddf2
                0x080128c0                __aeabi_dcmpun
 .text          0x080128ec       0x50 y:/coen20/gcc/bin/../lib/gcc/arm-none-eabi/9.3.1/thumb/v7e-m+fp/hard\libgcc.a(_arm_fixdfsi.o)
                0x080128ec                __aeabi_d2iz
                0x080128ec                __fixdfsi
 .text          0x0801293c       0x40 y:/coen20/gcc/bin/../lib/gcc/arm-none-eabi/9.3.1/thumb/v7e-m+fp/hard\libgcc.a(_arm_fixunsdfsi.o)
                0x0801293c                __aeabi_d2uiz
                0x0801293c                __fixunsdfsi
 .text          0x0801297c       0xa0 y:/coen20/gcc/bin/../lib/gcc/arm-none-eabi/9.3.1/thumb/v7e-m+fp/hard\libgcc.a(_arm_truncdfsf2.o)
                0x0801297c                __truncdfsf2
                0x0801297c                __aeabi_d2f
 .text          0x08012a1c       0xa0 y:/coen20/gcc/bin/../lib/gcc/arm-none-eabi/9.3.1/thumb/v7e-m+fp/hard\libgcc.a(_aeabi_ldivmod.o)
                0x08012a1c                __aeabi_ldivmod
 .text          0x08012abc       0x30 y:/coen20/gcc/bin/../lib/gcc/arm-none-eabi/9.3.1/thumb/v7e-m+fp/hard\libgcc.a(_aeabi_uldivmod.o)
                0x08012abc                __aeabi_uldivmod
 .text          0x08012aec       0x30 y:/coen20/gcc/bin/../lib/gcc/arm-none-eabi/9.3.1/thumb/v7e-m+fp/hard\libgcc.a(_fixdfdi.o)
                0x08012aec                __fixdfdi
                0x08012aec                __aeabi_d2lz
 .text          0x08012b1c       0x3c y:/coen20/gcc/bin/../lib/gcc/arm-none-eabi/9.3.1/thumb/v7e-m+fp/hard\libgcc.a(_fixunsdfdi.o)
                0x08012b1c                __fixunsdfdi
                0x08012b1c                __aeabi_d2ulz
 .text          0x08012b58      0x2c4 y:/coen20/gcc/bin/../lib/gcc/arm-none-eabi/9.3.1/thumb/v7e-m+fp/hard\libgcc.a(_udivmoddi4.o)
                0x08012b58                __udivmoddi4
 .text          0x08012e1c        0x4 y:/coen20/gcc/bin/../lib/gcc/arm-none-eabi/9.3.1/thumb/v7e-m+fp/hard\libgcc.a(_dvmd_tls.o)
                0x08012e1c                __aeabi_idiv0
                0x08012e1c                __aeabi_ldiv0
 *(.init)
 .init          0x08012e20        0x4 y:/coen20/gcc/bin/../lib/gcc/arm-none-eabi/9.3.1/thumb/v7e-m+fp/hard/crti.o
                0x08012e20                _init
 .init          0x08012e24        0x8 y:/coen20/gcc/bin/../lib/gcc/arm-none-eabi/9.3.1/thumb/v7e-m+fp/hard/crtn.o
 *(.fini)
 .fini          0x08012e2c        0x4 y:/coen20/gcc/bin/../lib/gcc/arm-none-eabi/9.3.1/thumb/v7e-m+fp/hard/crti.o
                0x08012e2c                _fini
 .fini          0x08012e30        0x8 y:/coen20/gcc/bin/../lib/gcc/arm-none-eabi/9.3.1/thumb/v7e-m+fp/hard/crtn.o
 *crtbegin.o(.ctors)
 *crtbegin?.o(.ctors)
 *(EXCLUDE_FILE(*crtend.o *crtend?.o) .ctors)
 *(SORT_BY_NAME(.ctors.*))
 *(.ctors)
 *crtbegin.o(.dtors)
 *crtbegin?.o(.dtors)
 *(EXCLUDE_FILE(*crtend.o *crtend?.o) .dtors)
 *(SORT_BY_NAME(.dtors.*))
 *(.dtors)
 *(.rodata*)
 .rodata        0x08012e38      0x165 obj/Lab8D-Main-c.o
 .rodata.DisplayHeader.str1.1
                0x08012f9d       0x27 library.a(initialize.o)
 .rodata._write.str1.1
                0x08012fc4       0x27 library.a(initialize.o)
                                  0x1 (size before relaxing)
 .rodata.Font12_Table
                0x08012fc4      0x474 library.a(stm32f429i_discovery_lcd.o)
                0x08012fc4                Font12_Table
 .rodata.Font16_Table
                0x08013438      0xbe0 library.a(stm32f429i_discovery_lcd.o)
                0x08013438                Font16_Table
 .rodata.Font20_Table
                0x08014018      0xed8 library.a(stm32f429i_discovery_lcd.o)
                0x08014018                Font20_Table
 .rodata.Font24_Table
                0x08014ef0     0x1ab8 library.a(stm32f429i_discovery_lcd.o)
                0x08014ef0                Font24_Table
 .rodata.CSWTCH.4
                0x080169a8        0x7 library.a(stm32f4xx_hal_ltdc.o)
 .rodata.APBAHBPrescTable
                0x080169af       0x10 library.a(stm32f4xx_hal_rcc.o)
                0x080169af                APBAHBPrescTable
 .rodata.SVC_Label.str1.1
                0x080169bf        0xe library.a(svcHandler.o)
 .rodata.F32.str1.1
                0x080169cd       0x20 library.a(svcHandler.o)
 .rodata.FlPtRegs.str1.1
                0x080169ed       0x1a library.a(svcHandler.o)
 .rodata._MemManageHandler.str1.1
                0x08016a07       0x10 library.a(svcHandler.o)
 .rodata._BusFault_Handler.str1.1
                0x08016a17        0xb library.a(svcHandler.o)
 .rodata._HardFault_Handler.str1.1
                0x08016a22        0xc library.a(svcHandler.o)
 .rodata._UsageFault_Handler.str1.1
                0x08016a2e       0x76 library.a(svcHandler.o)
 .rodata.SVC_Exception.str1.1
                0x08016aa4       0x15 library.a(svcHandler.o)
 .rodata.str1.1
                0x08016ab9      0x11e library.a(svcHandler.o)
 *fill*         0x08016bd7        0x1 
 .rodata.npio2_hw
                0x08016bd8       0x80 y:/coen20/gcc/bin/../lib/gcc/arm-none-eabi/9.3.1/../../../../arm-none-eabi/lib/thumb/v7e-m+fp/hard\libm.a(lib_a-ef_rem_pio2.o)
 .rodata.two_over_pi
                0x08016c58      0x318 y:/coen20/gcc/bin/../lib/gcc/arm-none-eabi/9.3.1/../../../../arm-none-eabi/lib/thumb/v7e-m+fp/hard\libm.a(lib_a-ef_rem_pio2.o)
 .rodata.PIo2   0x08016f70       0x2c y:/coen20/gcc/bin/../lib/gcc/arm-none-eabi/9.3.1/../../../../arm-none-eabi/lib/thumb/v7e-m+fp/hard\libm.a(lib_a-kf_rem_pio2.o)
 .rodata.init_jk
                0x08016f9c        0xc y:/coen20/gcc/bin/../lib/gcc/arm-none-eabi/9.3.1/../../../../arm-none-eabi/lib/thumb/v7e-m+fp/hard\libm.a(lib_a-kf_rem_pio2.o)
 .rodata._global_impure_ptr
                0x08016fa8        0x4 y:/coen20/gcc/bin/../lib/gcc/arm-none-eabi/9.3.1/../../../../arm-none-eabi/lib/thumb/v7e-m+fp/hard\libc.a(lib_a-impure.o)
                0x08016fa8                _global_impure_ptr
 .rodata.DAYS_IN_MONTH
                0x08016fac       0x30 y:/coen20/gcc/bin/../lib/gcc/arm-none-eabi/9.3.1/../../../../arm-none-eabi/lib/thumb/v7e-m+fp/hard\libc.a(lib_a-mktime.o)
 .rodata._DAYS_BEFORE_MONTH
                0x08016fdc       0x30 y:/coen20/gcc/bin/../lib/gcc/arm-none-eabi/9.3.1/../../../../arm-none-eabi/lib/thumb/v7e-m+fp/hard\libc.a(lib_a-mktime.o)
 .rodata.__month_lengths
                0x0801700c       0x60 y:/coen20/gcc/bin/../lib/gcc/arm-none-eabi/9.3.1/../../../../arm-none-eabi/lib/thumb/v7e-m+fp/hard\libc.a(lib_a-month_lengths.o)
                0x0801700c                __month_lengths
 .rodata._svfprintf_r.str1.4
                0x0801706c       0x42 y:/coen20/gcc/bin/../lib/gcc/arm-none-eabi/9.3.1/../../../../arm-none-eabi/lib/thumb/v7e-m+fp/hard\libc.a(lib_a-svfprintf.o)
 *fill*         0x080170ae        0x2 
 .rodata.blanks.8698
                0x080170b0       0x10 y:/coen20/gcc/bin/../lib/gcc/arm-none-eabi/9.3.1/../../../../arm-none-eabi/lib/thumb/v7e-m+fp/hard\libc.a(lib_a-svfprintf.o)
 .rodata.zeroes.8699
                0x080170c0       0x10 y:/coen20/gcc/bin/../lib/gcc/arm-none-eabi/9.3.1/../../../../arm-none-eabi/lib/thumb/v7e-m+fp/hard\libc.a(lib_a-svfprintf.o)
 .rodata.__ssvfscanf_r.str1.4
                0x080170d0        0x5 y:/coen20/gcc/bin/../lib/gcc/arm-none-eabi/9.3.1/../../../../arm-none-eabi/lib/thumb/v7e-m+fp/hard\libc.a(lib_a-svfscanf.o)
                                  0x9 (size before relaxing)
 *fill*         0x080170d5        0x3 
 .rodata.basefix.8767
                0x080170d8       0x22 y:/coen20/gcc/bin/../lib/gcc/arm-none-eabi/9.3.1/../../../../arm-none-eabi/lib/thumb/v7e-m+fp/hard\libc.a(lib_a-svfscanf.o)
 *fill*         0x080170fa        0x2 
 .rodata._tzset_unlocked_r.str1.4
                0x080170fc       0x53 y:/coen20/gcc/bin/../lib/gcc/arm-none-eabi/9.3.1/../../../../arm-none-eabi/lib/thumb/v7e-m+fp/hard\libc.a(lib_a-tzset_r.o)
 .rodata.str1.4
                0x0801714f        0x4 y:/coen20/gcc/bin/../lib/gcc/arm-none-eabi/9.3.1/../../../../arm-none-eabi/lib/thumb/v7e-m+fp/hard\libc.a(lib_a-tzvars.o)
 *fill*         0x0801714f        0x1 
 .rodata._ctype_
                0x08017150      0x101 y:/coen20/gcc/bin/../lib/gcc/arm-none-eabi/9.3.1/../../../../arm-none-eabi/lib/thumb/v7e-m+fp/hard\libc.a(lib_a-ctype_.o)
                0x08017150                _ctype_
 *fill*         0x08017251        0x3 
 .rodata._dtoa_r.str1.4
                0x08017254       0xa0 y:/coen20/gcc/bin/../lib/gcc/arm-none-eabi/9.3.1/../../../../arm-none-eabi/lib/thumb/v7e-m+fp/hard\libc.a(lib_a-dtoa.o)
                                 0xa4 (size before relaxing)
 .rodata._setlocale_r.str1.4
                0x080172f4        0xa y:/coen20/gcc/bin/../lib/gcc/arm-none-eabi/9.3.1/../../../../arm-none-eabi/lib/thumb/v7e-m+fp/hard\libc.a(lib_a-locale.o)
                                  0xd (size before relaxing)
 *fill*         0x080172fe        0x2 
 .rodata.str1.4
                0x08017300        0x2 y:/coen20/gcc/bin/../lib/gcc/arm-none-eabi/9.3.1/../../../../arm-none-eabi/lib/thumb/v7e-m+fp/hard\libc.a(lib_a-locale.o)
 .rodata._mbrtowc_r.str1.4
                0x08017302        0x1 y:/coen20/gcc/bin/../lib/gcc/arm-none-eabi/9.3.1/../../../../arm-none-eabi/lib/thumb/v7e-m+fp/hard\libc.a(lib_a-mbrtowc.o)
 *fill*         0x08017302        0x2 
 .rodata.__multadd.str1.4
                0x08017304       0x7d y:/coen20/gcc/bin/../lib/gcc/arm-none-eabi/9.3.1/../../../../arm-none-eabi/lib/thumb/v7e-m+fp/hard\libc.a(lib_a-mprec.o)
                                 0x91 (size before relaxing)
 *fill*         0x08017381        0x7 
 .rodata.__mprec_bigtens
                0x08017388       0x28 y:/coen20/gcc/bin/../lib/gcc/arm-none-eabi/9.3.1/../../../../arm-none-eabi/lib/thumb/v7e-m+fp/hard\libc.a(lib_a-mprec.o)
                0x08017388                __mprec_bigtens
 .rodata.__mprec_tens
                0x080173b0       0xc8 y:/coen20/gcc/bin/../lib/gcc/arm-none-eabi/9.3.1/../../../../arm-none-eabi/lib/thumb/v7e-m+fp/hard\libc.a(lib_a-mprec.o)
                0x080173b0                __mprec_tens
 .rodata.p05.7485
                0x08017478        0xc y:/coen20/gcc/bin/../lib/gcc/arm-none-eabi/9.3.1/../../../../arm-none-eabi/lib/thumb/v7e-m+fp/hard\libc.a(lib_a-mprec.o)
 .rodata._strtod_l.str1.4
                0x08017484        0xf y:/coen20/gcc/bin/../lib/gcc/arm-none-eabi/9.3.1/../../../../arm-none-eabi/lib/thumb/v7e-m+fp/hard\libc.a(lib_a-strtod.o)
                                 0x11 (size before relaxing)
 *fill*         0x08017493        0x1 
 .rodata.fpi.7559
                0x08017494       0x14 y:/coen20/gcc/bin/../lib/gcc/arm-none-eabi/9.3.1/../../../../arm-none-eabi/lib/thumb/v7e-m+fp/hard\libc.a(lib_a-strtod.o)
 .rodata.fpinan.7595
                0x080174a8       0x14 y:/coen20/gcc/bin/../lib/gcc/arm-none-eabi/9.3.1/../../../../arm-none-eabi/lib/thumb/v7e-m+fp/hard\libc.a(lib_a-strtod.o)
 *fill*         0x080174bc        0x4 
 .rodata.tinytens
                0x080174c0       0x28 y:/coen20/gcc/bin/../lib/gcc/arm-none-eabi/9.3.1/../../../../arm-none-eabi/lib/thumb/v7e-m+fp/hard\libc.a(lib_a-strtod.o)
 .rodata.basefix.8280
                0x080174e8       0x22 y:/coen20/gcc/bin/../lib/gcc/arm-none-eabi/9.3.1/../../../../arm-none-eabi/lib/thumb/v7e-m+fp/hard\libc.a(lib_a-svfiscanf.o)
 .rodata._vfiprintf_r.str1.4
                0x0801750a       0x2f y:/coen20/gcc/bin/../lib/gcc/arm-none-eabi/9.3.1/../../../../arm-none-eabi/lib/thumb/v7e-m+fp/hard\libc.a(lib_a-vfiprintf.o)
 *fill*         0x0801750a        0x2 
 .rodata.blanks.8691
                0x0801750c       0x10 y:/coen20/gcc/bin/../lib/gcc/arm-none-eabi/9.3.1/../../../../arm-none-eabi/lib/thumb/v7e-m+fp/hard\libc.a(lib_a-vfiprintf.o)
 .rodata.zeroes.8692
                0x0801751c       0x10 y:/coen20/gcc/bin/../lib/gcc/arm-none-eabi/9.3.1/../../../../arm-none-eabi/lib/thumb/v7e-m+fp/hard\libc.a(lib_a-vfiprintf.o)
 .rodata.__assert_func.str1.4
                0x0801752c       0x3f y:/coen20/gcc/bin/../lib/gcc/arm-none-eabi/9.3.1/../../../../arm-none-eabi/lib/thumb/v7e-m+fp/hard\libc.a(lib_a-assert.o)
                                 0x43 (size before relaxing)
 *fill*         0x0801756b        0x1 
 .rodata.__gethex.str1.4
                0x0801756c       0x84 y:/coen20/gcc/bin/../lib/gcc/arm-none-eabi/9.3.1/../../../../arm-none-eabi/lib/thumb/v7e-m+fp/hard\libc.a(lib_a-gdtoa-gethex.o)
                                 0x98 (size before relaxing)
 .rodata.__hexdig
                0x080175f0      0x100 y:/coen20/gcc/bin/../lib/gcc/arm-none-eabi/9.3.1/../../../../arm-none-eabi/lib/thumb/v7e-m+fp/hard\libc.a(lib_a-gdtoa-gethex.o)
                0x080175f0                __hexdig
 .rodata.str1.4
                0x080176f0        0x5 y:/coen20/gcc/bin/../lib/gcc/arm-none-eabi/9.3.1/../../../../arm-none-eabi/lib/thumb/v7e-m+fp/hard\libc.a(lib_a-lnumeric.o)
 .rodata._C_numeric_locale
                0x080176f0        0xc y:/coen20/gcc/bin/../lib/gcc/arm-none-eabi/9.3.1/../../../../arm-none-eabi/lib/thumb/v7e-m+fp/hard\libc.a(lib_a-lnumeric.o)
                0x080176f0                _C_numeric_locale
 *(.eh_frame*)
 .eh_frame      0x080176fc        0x0 y:/coen20/gcc/bin/../lib/gcc/arm-none-eabi/9.3.1/thumb/v7e-m+fp/hard/crtbegin.o
 .eh_frame      0x080176fc        0x4 y:/coen20/gcc/bin/../lib/gcc/arm-none-eabi/9.3.1/thumb/v7e-m+fp/hard/crtend.o

.glue_7         0x08017700        0x0
 .glue_7        0x08017700        0x0 linker stubs

.glue_7t        0x08017700        0x0
 .glue_7t       0x08017700        0x0 linker stubs

.vfp11_veneer   0x08017700        0x0
 .vfp11_veneer  0x08017700        0x0 linker stubs

.v4_bx          0x08017700        0x0
 .v4_bx         0x08017700        0x0 linker stubs

.iplt           0x08017700        0x0
 .iplt          0x08017700        0x0 y:/coen20/gcc/bin/../lib/gcc/arm-none-eabi/9.3.1/thumb/v7e-m+fp/hard/crtbegin.o

.ARM.extab
 *(.ARM.extab* .gnu.linkonce.armextab.*)
                0x08017700                __exidx_start = .

.ARM.exidx      0x08017700        0x8
 *(.ARM.exidx* .gnu.linkonce.armexidx.*)
 .ARM.exidx     0x08017700        0x8 y:/coen20/gcc/bin/../lib/gcc/arm-none-eabi/9.3.1/../../../../arm-none-eabi/lib/thumb/v7e-m+fp/hard/crt0.o
                                 0x10 (size before relaxing)
 .ARM.exidx     0x08017708        0x0 y:/coen20/gcc/bin/../lib/gcc/arm-none-eabi/9.3.1/thumb/v7e-m+fp/hard\libgcc.a(_udivmoddi4.o)
                                  0x8 (size before relaxing)
                0x08017708                __exidx_end = .
                0x08017708                __etext = .

.rel.dyn        0x08017708        0x0
 .rel.iplt      0x08017708        0x0 y:/coen20/gcc/bin/../lib/gcc/arm-none-eabi/9.3.1/thumb/v7e-m+fp/hard/crtbegin.o

.data           0x20000000      0xbd8 load address 0x08017708
                0x20000000                __data_start__ = .
 *(vtable)
 *(.data*)
 .data.maxrad.6941
                0x20000000        0xc obj/Lab8D-Main-c.o
 .data.months   0x2000000c       0x30 obj/Lab8D-Main-c.o
 .data.weekdays
                0x2000003c       0x1c obj/Lab8D-Main-c.o
 .data.BUTTON_PORT
                0x20000058        0x4 library.a(stm32f429i_discovery.o)
                0x20000058                BUTTON_PORT
 .data.SpixTimeout
                0x2000005c        0x4 library.a(stm32f429i_discovery.o)
                0x2000005c                SpixTimeout
 .data.Font12   0x20000060        0x8 library.a(stm32f429i_discovery_lcd.o)
                0x20000060                Font12
 .data.Font16   0x20000068        0x8 library.a(stm32f429i_discovery_lcd.o)
                0x20000068                Font16
 .data.Font20   0x20000070        0x8 library.a(stm32f429i_discovery_lcd.o)
                0x20000070                Font20
 .data.Font24   0x20000078        0x8 library.a(stm32f429i_discovery_lcd.o)
                0x20000078                Font24
 .data.context.0
                0x20000080       0x20 library.a(svcHandler.o)
 .data.context.1
                0x200000a0       0x20 library.a(svcHandler.o)
 .data.context.3
                0x200000c0       0x20 library.a(svcHandler.o)
 .data.context.6
                0x200000e0       0x20 library.a(svcHandler.o)
 .data.lines.2  0x20000100       0x30 library.a(svcHandler.o)
 .data.lines.5  0x20000130       0x40 library.a(svcHandler.o)
 .data.SystemCoreClock
                0x20000170        0x4 library.a(system_stm32f4xx.o)
                0x20000170                SystemCoreClock
 .data.ili9341_drv
                0x20000174       0x38 library.a(ili9341.o)
                0x20000174                ili9341_drv
 .data._impure_ptr
                0x200001ac        0x4 y:/coen20/gcc/bin/../lib/gcc/arm-none-eabi/9.3.1/../../../../arm-none-eabi/lib/thumb/v7e-m+fp/hard\libc.a(lib_a-impure.o)
                0x200001ac                _impure_ptr
 .data.impure_data
                0x200001b0      0x428 y:/coen20/gcc/bin/../lib/gcc/arm-none-eabi/9.3.1/../../../../arm-none-eabi/lib/thumb/v7e-m+fp/hard\libc.a(lib_a-impure.o)
 .data._tzname  0x200005d8        0x8 y:/coen20/gcc/bin/../lib/gcc/arm-none-eabi/9.3.1/../../../../arm-none-eabi/lib/thumb/v7e-m+fp/hard\libc.a(lib_a-tzvars.o)
                0x200005d8                _tzname
 .data.__atexit_recursive_mutex
                0x200005e0        0x4 y:/coen20/gcc/bin/../lib/gcc/arm-none-eabi/9.3.1/../../../../arm-none-eabi/lib/thumb/v7e-m+fp/hard\libc.a(lib_a-__call_atexit.o)
                0x200005e0                __atexit_recursive_mutex
 *fill*         0x200005e4        0x4 
 .data.tzinfo   0x200005e8       0x58 y:/coen20/gcc/bin/../lib/gcc/arm-none-eabi/9.3.1/../../../../arm-none-eabi/lib/thumb/v7e-m+fp/hard\libc.a(lib_a-gettzinfo.o)
 .data.__global_locale
                0x20000640      0x16c y:/coen20/gcc/bin/../lib/gcc/arm-none-eabi/9.3.1/../../../../arm-none-eabi/lib/thumb/v7e-m+fp/hard\libc.a(lib_a-locale.o)
                0x20000640                __global_locale
 .data.__malloc_av_
                0x200007ac      0x408 y:/coen20/gcc/bin/../lib/gcc/arm-none-eabi/9.3.1/../../../../arm-none-eabi/lib/thumb/v7e-m+fp/hard\libc.a(lib_a-mallocr.o)
                0x200007ac                __malloc_av_
 .data.__malloc_sbrk_base
                0x20000bb4        0x4 y:/coen20/gcc/bin/../lib/gcc/arm-none-eabi/9.3.1/../../../../arm-none-eabi/lib/thumb/v7e-m+fp/hard\libc.a(lib_a-mallocr.o)
                0x20000bb4                __malloc_sbrk_base
 .data.__malloc_trim_threshold
                0x20000bb8        0x4 y:/coen20/gcc/bin/../lib/gcc/arm-none-eabi/9.3.1/../../../../arm-none-eabi/lib/thumb/v7e-m+fp/hard\libc.a(lib_a-mallocr.o)
                0x20000bb8                __malloc_trim_threshold
 .data.environ  0x20000bbc        0x4 y:/coen20/gcc/bin/../lib/gcc/arm-none-eabi/9.3.1/../../../../arm-none-eabi/lib/thumb/v7e-m+fp/hard\libc.a(lib_a-environ.o)
                0x20000bbc                environ
 .data.numempty
                0x20000bc0        0x2 y:/coen20/gcc/bin/../lib/gcc/arm-none-eabi/9.3.1/../../../../arm-none-eabi/lib/thumb/v7e-m+fp/hard\libc.a(lib_a-lnumeric.o)
                0x20000bc4                . = ALIGN (0x4)
 *fill*         0x20000bc2        0x2 
                0x20000bc4                PROVIDE (__preinit_array_start = .)
 *(.preinit_array)
                0x20000bc4                PROVIDE (__preinit_array_end = .)
                0x20000bc4                . = ALIGN (0x4)
                0x20000bc4                PROVIDE (__init_array_start = .)
 *(SORT_BY_NAME(.init_array.*))
 .init_array.00000
                0x20000bc4        0x4 y:/coen20/gcc/bin/../lib/gcc/arm-none-eabi/9.3.1/../../../../arm-none-eabi/lib/thumb/v7e-m+fp/hard\libc.a(lib_a-__call_atexit.o)
 *(.init_array)
 .init_array    0x20000bc8        0x4 y:/coen20/gcc/bin/../lib/gcc/arm-none-eabi/9.3.1/thumb/v7e-m+fp/hard/crtbegin.o
                0x20000bcc                PROVIDE (__init_array_end = .)
                0x20000bd0                . = ALIGN (0x8)
 *fill*         0x20000bcc        0x4 
                0x20000bd0                PROVIDE (__fini_array_start = .)
 *(SORT_BY_NAME(.fini_array.*))
 *(.fini_array)
 .fini_array    0x20000bd0        0x4 y:/coen20/gcc/bin/../lib/gcc/arm-none-eabi/9.3.1/thumb/v7e-m+fp/hard/crtbegin.o
                0x20000bd4                PROVIDE (__fini_array_end = .)
                0x20000bd8                . = ALIGN (0x8)
 *fill*         0x20000bd4        0x4 
                0x20000bd8                __data_end__ = .

.igot.plt       0x20000bd8        0x0 load address 0x080182e0
 .igot.plt      0x20000bd8        0x0 y:/coen20/gcc/bin/../lib/gcc/arm-none-eabi/9.3.1/thumb/v7e-m+fp/hard/crtbegin.o

.bss            0x20000bd8    0x1cb80 load address 0x080182e0
                0x20000bd8                __bss_start__ = .
 *(.bss*)
 .bss           0x20000bd8       0x1c y:/coen20/gcc/bin/../lib/gcc/arm-none-eabi/9.3.1/thumb/v7e-m+fp/hard/crtbegin.o
 .bss.msec.6964
                0x20000bf4        0x4 obj/Lab8D-Main-c.o
 .bss.prev_tics.6963
                0x20000bf8        0x4 obj/Lab8D-Main-c.o
 .bss.buffer    0x20000bfc      0x620 library.a(initialize.o)
 .bss.txtCol    0x2000121c        0x4 library.a(initialize.o)
 .bss.txtRow    0x20001220        0x4 library.a(initialize.o)
 .bss.Is_LCD_IO_Initialized
                0x20001224        0x1 library.a(stm32f429i_discovery.o)
 *fill*         0x20001225        0x3 
 .bss.SpiHandle
                0x20001228       0x58 library.a(stm32f429i_discovery.o)
 .bss.ActiveLayer
                0x20001280        0x4 library.a(stm32f429i_discovery_lcd.o)
 .bss.Dma2dHandler
                0x20001284       0x40 library.a(stm32f429i_discovery_lcd.o)
 .bss.DrawProp  0x200012c4       0x18 library.a(stm32f429i_discovery_lcd.o)
 .bss.LcdDrv    0x200012dc        0x4 library.a(stm32f429i_discovery_lcd.o)
                0x200012dc                LcdDrv
 .bss.LtdcHandler
                0x200012e0       0xa8 library.a(stm32f429i_discovery_lcd.o)
 .bss.PeriphClkInitStruct
                0x20001388       0x30 library.a(stm32f429i_discovery_lcd.o)
 .bss.Command   0x200013b8       0x10 library.a(stm32f429i_discovery_sdram.o)
 .bss.SdramHandle
                0x200013c8       0x34 library.a(stm32f429i_discovery_sdram.o)
 .bss.Timing    0x200013fc       0x1c library.a(stm32f429i_discovery_sdram.o)
 .bss.dmaHandle.0
                0x20001418       0x50 library.a(stm32f429i_discovery_sdram.o)
 .bss.uwTick    0x20001468        0x4 library.a(stm32f4xx_hal.o)
 .bss.rgb       0x2000146c    0x1c200 library.a(svcHandler.o)
                0x2000146c                rgb
 .bss.text.4    0x2001d66c       0x64 library.a(svcHandler.o)
 .bss.__tzname_dst
                0x2001d6d0        0xb y:/coen20/gcc/bin/../lib/gcc/arm-none-eabi/9.3.1/../../../../arm-none-eabi/lib/thumb/v7e-m+fp/hard\libc.a(lib_a-tzset_r.o)
 *fill*         0x2001d6db        0x1 
 .bss.__tzname_std
                0x2001d6dc        0xb y:/coen20/gcc/bin/../lib/gcc/arm-none-eabi/9.3.1/../../../../arm-none-eabi/lib/thumb/v7e-m+fp/hard\libc.a(lib_a-tzset_r.o)
 *fill*         0x2001d6e7        0x1 
 .bss.prev_tzenv
                0x2001d6e8        0x4 y:/coen20/gcc/bin/../lib/gcc/arm-none-eabi/9.3.1/../../../../arm-none-eabi/lib/thumb/v7e-m+fp/hard\libc.a(lib_a-tzset_r.o)
 .bss._daylight
                0x2001d6ec        0x4 y:/coen20/gcc/bin/../lib/gcc/arm-none-eabi/9.3.1/../../../../arm-none-eabi/lib/thumb/v7e-m+fp/hard\libc.a(lib_a-tzvars.o)
                0x2001d6ec                _daylight
 .bss._timezone
                0x2001d6f0        0x4 y:/coen20/gcc/bin/../lib/gcc/arm-none-eabi/9.3.1/../../../../arm-none-eabi/lib/thumb/v7e-m+fp/hard\libc.a(lib_a-tzvars.o)
                0x2001d6f0                _timezone
 .bss.__malloc_current_mallinfo
                0x2001d6f4       0x28 y:/coen20/gcc/bin/../lib/gcc/arm-none-eabi/9.3.1/../../../../arm-none-eabi/lib/thumb/v7e-m+fp/hard\libc.a(lib_a-mallocr.o)
                0x2001d6f4                __malloc_current_mallinfo
 .bss.__malloc_max_sbrked_mem
                0x2001d71c        0x4 y:/coen20/gcc/bin/../lib/gcc/arm-none-eabi/9.3.1/../../../../arm-none-eabi/lib/thumb/v7e-m+fp/hard\libc.a(lib_a-mallocr.o)
                0x2001d71c                __malloc_max_sbrked_mem
 .bss.__malloc_max_total_mem
                0x2001d720        0x4 y:/coen20/gcc/bin/../lib/gcc/arm-none-eabi/9.3.1/../../../../arm-none-eabi/lib/thumb/v7e-m+fp/hard\libc.a(lib_a-mallocr.o)
                0x2001d720                __malloc_max_total_mem
 .bss.__malloc_top_pad
                0x2001d724        0x4 y:/coen20/gcc/bin/../lib/gcc/arm-none-eabi/9.3.1/../../../../arm-none-eabi/lib/thumb/v7e-m+fp/hard\libc.a(lib_a-mallocr.o)
                0x2001d724                __malloc_top_pad
 .bss.initial_env
                0x2001d728        0x4 y:/coen20/gcc/bin/../lib/gcc/arm-none-eabi/9.3.1/../../../../arm-none-eabi/lib/thumb/v7e-m+fp/hard\libc.a(lib_a-environ.o)
 .bss.heap_end.5507
                0x2001d72c        0x4 y:/coen20/gcc/bin/../lib/gcc/arm-none-eabi/9.3.1/../../../../arm-none-eabi/lib/thumb/v7e-m+fp/hard\libnosys.a(sbrk.o)
 *(COMMON)
 COMMON         0x2001d730       0x21 y:/coen20/gcc/bin/../lib/gcc/arm-none-eabi/9.3.1/../../../../arm-none-eabi/lib/thumb/v7e-m+fp/hard\libc.a(lib_a-lock.o)
                0x2001d730                __lock___atexit_recursive_mutex
                0x2001d734                __lock___arc4random_mutex
                0x2001d738                __lock___env_recursive_mutex
                0x2001d73c                __lock___sinit_recursive_mutex
                0x2001d740                __lock___malloc_recursive_mutex
                0x2001d744                __lock___at_quick_exit_mutex
                0x2001d748                __lock___dd_hash_mutex
                0x2001d74c                __lock___tz_mutex
                0x2001d750                __lock___sfp_recursive_mutex
 *fill*         0x2001d751        0x3 
 COMMON         0x2001d754        0x4 y:/coen20/gcc/bin/../lib/gcc/arm-none-eabi/9.3.1/../../../../arm-none-eabi/lib/thumb/v7e-m+fp/hard\libc.a(lib_a-reent.o)
                0x2001d754                errno
                0x2001d758                __bss_end__ = .

.ccm            0x10000000        0x0
                0x10000000                . = ALIGN (0x4)
                0x10000000                __ccm_start__ = .
 *(.ccm*)
                0x10000000                . = ALIGN (0x4)
                0x10000000                __ccm_end__ = .

.heap           0x10000000      0xc00
                0x10000000                __end__ = .
                0x10000000                end = __end__
 *(.heap*)
 .heap          0x10000000      0xc00 library.a(startup_stm32f429xx.o)
                0x10000000                __HeapBase
                0x10000c00                __HeapLimit = .

.stack_dummy    0x10000000     0x1000
 *(.stack)
 .stack         0x10000000     0x1000 library.a(startup_stm32f429xx.o)
                0x10010000                __StackTop = (ORIGIN (CCM) + LENGTH (CCM))
                0x1000f000                __StackLimit = (__StackTop - SIZEOF (.stack_dummy))
                0x10010000                PROVIDE (__stack = __StackTop)
                0x00000001                ASSERT ((__StackLimit >= __HeapLimit), region CCM overflowed with stack)
OUTPUT(output.elf elf32-littlearm)
LOAD linker stubs

.ARM.attributes
                0x00000000       0x30
 .ARM.attributes
                0x00000000       0x1e y:/coen20/gcc/bin/../lib/gcc/arm-none-eabi/9.3.1/thumb/v7e-m+fp/hard/crti.o
 .ARM.attributes
                0x0000001e       0x34 y:/coen20/gcc/bin/../lib/gcc/arm-none-eabi/9.3.1/thumb/v7e-m+fp/hard/crtbegin.o
 .ARM.attributes
                0x00000052       0x1c y:/coen20/gcc/bin/../lib/gcc/arm-none-eabi/9.3.1/../../../../arm-none-eabi/lib/thumb/v7e-m+fp/hard/crt0.o
 .ARM.attributes
                0x0000006e       0x34 obj/Lab8D-Main-c.o
 .ARM.attributes
                0x000000a2       0x25 obj/Lab8D-Implementation-s.o
 .ARM.attributes
                0x000000c7       0x34 library.a(initialize.o)
 .ARM.attributes
                0x000000fb       0x34 library.a(stm32f429i_discovery.o)
 .ARM.attributes
                0x0000012f       0x34 library.a(stm32f429i_discovery_lcd.o)
 .ARM.attributes
                0x00000163       0x34 library.a(stm32f429i_discovery_sdram.o)
 .ARM.attributes
                0x00000197       0x34 library.a(stm32f4xx_hal.o)
 .ARM.attributes
                0x000001cb       0x34 library.a(stm32f4xx_hal_cortex.o)
 .ARM.attributes
                0x000001ff       0x34 library.a(stm32f4xx_hal_dma.o)
 .ARM.attributes
                0x00000233       0x34 library.a(stm32f4xx_hal_dma2d.o)
 .ARM.attributes
                0x00000267       0x34 library.a(stm32f4xx_hal_gpio.o)
 .ARM.attributes
                0x0000029b       0x34 library.a(stm32f4xx_hal_ltdc.o)
 .ARM.attributes
                0x000002cf       0x34 library.a(stm32f4xx_hal_rcc.o)
 .ARM.attributes
                0x00000303       0x34 library.a(stm32f4xx_hal_rcc_ex.o)
 .ARM.attributes
                0x00000337       0x34 library.a(stm32f4xx_hal_sdram.o)
 .ARM.attributes
                0x0000036b       0x34 library.a(stm32f4xx_hal_spi.o)
 .ARM.attributes
                0x0000039f       0x34 library.a(stm32f4xx_it.o)
 .ARM.attributes
                0x000003d3       0x34 library.a(stm32f4xx_ll_fmc.o)
 .ARM.attributes
                0x00000407       0x34 library.a(svcHandler.o)
 .ARM.attributes
                0x0000043b       0x34 library.a(system_stm32f4xx.o)
 .ARM.attributes
                0x0000046f       0x1f library.a(startup_stm32f429xx.o)
 .ARM.attributes
                0x0000048e       0x34 library.a(ili9341.o)
 .ARM.attributes
                0x000004c2       0x34 y:/coen20/gcc/bin/../lib/gcc/arm-none-eabi/9.3.1/../../../../arm-none-eabi/lib/thumb/v7e-m+fp/hard\libm.a(lib_a-sf_cos.o)
 .ARM.attributes