Archive member included to satisfy reference by file (symbol)

library.a(initialize.o)       obj/Lab5D-Main-c.o (ClearDisplay)
library.a(stm32f429i_discovery.o)
                              library.a(initialize.o) (BSP_PB_Init)
library.a(stm32f429i_discovery_lcd.o)
                              library.a(initialize.o) (BSP_LCD_LayerDefaultInit)
library.a(stm32f429i_discovery_sdram.o)
                              library.a(stm32f429i_discovery_lcd.o) (BSP_SDRAM_Init)
library.a(stm32f4xx_hal.o)    library.a(initialize.o) (HAL_Init)
library.a(stm32f4xx_hal_cortex.o)
                              library.a(stm32f4xx_hal.o) (HAL_NVIC_SetPriorityGrouping)
library.a(stm32f4xx_hal_dma.o)
                              library.a(stm32f429i_discovery_sdram.o) (HAL_DMA_Init)
library.a(stm32f4xx_hal_dma2d.o)
                              library.a(stm32f429i_discovery_lcd.o) (HAL_DMA2D_Init)
library.a(stm32f4xx_hal_gpio.o)
                              library.a(stm32f429i_discovery.o) (HAL_GPIO_Init)
library.a(stm32f4xx_hal_i2c.o)
                              library.a(stm32f429i_discovery.o) (HAL_I2C_Init)
library.a(stm32f4xx_hal_ltdc.o)
                              library.a(stm32f429i_discovery_lcd.o) (HAL_LTDC_Init)
library.a(stm32f4xx_hal_rcc.o)
                              library.a(initialize.o) (HAL_RCC_OscConfig)
library.a(stm32f4xx_hal_rcc_ex.o)
                              library.a(stm32f429i_discovery_lcd.o) (HAL_RCCEx_PeriphCLKConfig)
library.a(stm32f4xx_hal_sdram.o)
                              library.a(stm32f429i_discovery_sdram.o) (HAL_SDRAM_Init)
library.a(stm32f4xx_hal_spi.o)
                              library.a(stm32f429i_discovery.o) (HAL_SPI_Init)
library.a(stm32f4xx_it.o)     library.a(initialize.o) (IncludeThis)
library.a(stm32f4xx_ll_fmc.o)
                              library.a(stm32f4xx_hal_sdram.o) (FMC_SDRAM_Init)
library.a(svcHandler.o)       library.a(stm32f4xx_it.o) (SVC_Exception)
library.a(system_stm32f4xx.o)
                              library.a(stm32f4xx_hal_rcc.o) (SystemCoreClock)
library.a(touch.o)            obj/Lab5D-Main-c.o (TS_Init)
library.a(startup_stm32f429xx.o)
                              library.a(initialize.o) (Reset_Handler)
library.a(ili9341.o)          library.a(stm32f429i_discovery_lcd.o) (ili9341_drv)
library.a(stm32f429i_discovery_ts.o)
                              library.a(touch.o) (BSP_TS_Init)
library.a(stmpe811.o)         library.a(stm32f429i_discovery_ts.o) (stmpe811_ts_drv)
y:/coen20/gcc/bin/../lib/gcc/arm-none-eabi/9.3.1/../../../../arm-none-eabi/lib/thumb/v7e-m+fp/hard\libc.a(lib_a-exit.o)
                              y:/coen20/gcc/bin/../lib/gcc/arm-none-eabi/9.3.1/../../../../arm-none-eabi/lib/thumb/v7e-m+fp/hard/crt0.o (exit)
y:/coen20/gcc/bin/../lib/gcc/arm-none-eabi/9.3.1/../../../../arm-none-eabi/lib/thumb/v7e-m+fp/hard\libc.a(lib_a-impure.o)
                              y:/coen20/gcc/bin/../lib/gcc/arm-none-eabi/9.3.1/../../../../arm-none-eabi/lib/thumb/v7e-m+fp/hard\libc.a(lib_a-exit.o) (_global_impure_ptr)
y:/coen20/gcc/bin/../lib/gcc/arm-none-eabi/9.3.1/../../../../arm-none-eabi/lib/thumb/v7e-m+fp/hard\libc.a(lib_a-init.o)
                              y:/coen20/gcc/bin/../lib/gcc/arm-none-eabi/9.3.1/../../../../arm-none-eabi/lib/thumb/v7e-m+fp/hard/crt0.o (__libc_init_array)
y:/coen20/gcc/bin/../lib/gcc/arm-none-eabi/9.3.1/../../../../arm-none-eabi/lib/thumb/v7e-m+fp/hard\libc.a(lib_a-memcpy.o)
                              library.a(svcHandler.o) (memcpy)
y:/coen20/gcc/bin/../lib/gcc/arm-none-eabi/9.3.1/../../../../arm-none-eabi/lib/thumb/v7e-m+fp/hard\libc.a(lib_a-memset.o)
                              y:/coen20/gcc/bin/../lib/gcc/arm-none-eabi/9.3.1/../../../../arm-none-eabi/lib/thumb/v7e-m+fp/hard/crt0.o (memset)
y:/coen20/gcc/bin/../lib/gcc/arm-none-eabi/9.3.1/../../../../arm-none-eabi/lib/thumb/v7e-m+fp/hard\libc.a(lib_a-printf.o)
                              library.a(initialize.o) (printf)
y:/coen20/gcc/bin/../lib/gcc/arm-none-eabi/9.3.1/../../../../arm-none-eabi/lib/thumb/v7e-m+fp/hard\libc.a(lib_a-sprintf.o)
                              obj/Lab5D-Main-c.o (sprintf)
y:/coen20/gcc/bin/../lib/gcc/arm-none-eabi/9.3.1/../../../../arm-none-eabi/lib/thumb/v7e-m+fp/hard\libc.a(lib_a-strcpy.o)
                              library.a(initialize.o) (strcpy)
y:/coen20/gcc/bin/../lib/gcc/arm-none-eabi/9.3.1/../../../../arm-none-eabi/lib/thumb/v7e-m+fp/hard\libc.a(lib_a-strlen.o)
                              library.a(svcHandler.o) (strlen)
y:/coen20/gcc/bin/../lib/gcc/arm-none-eabi/9.3.1/../../../../arm-none-eabi/lib/thumb/v7e-m+fp/hard\libc.a(lib_a-svfprintf.o)
                              y:/coen20/gcc/bin/../lib/gcc/arm-none-eabi/9.3.1/../../../../arm-none-eabi/lib/thumb/v7e-m+fp/hard\libc.a(lib_a-sprintf.o) (_svfprintf_r)
y:/coen20/gcc/bin/../lib/gcc/arm-none-eabi/9.3.1/../../../../arm-none-eabi/lib/thumb/v7e-m+fp/hard\libc.a(lib_a-vfprintf.o)
[...]
Memory Configuration

Name             Origin             Length             Attributes
ROM              0x08000000         0x00200000         xr
RAM              0x20000000         0x00030000         xrw
CCM              0x10000000         0x00010000         xrw
*default*        0x00000000         0xffffffff

Linker script and memory map

LOAD y:/coen20/gcc/bin/../lib/gcc/arm-none-eabi/9.3.1/thumb/v7e-m+fp/hard/crti.o
LOAD y:/coen20/gcc/bin/../lib/gcc/arm-none-eabi/9.3.1/thumb/v7e-m+fp/hard/crtbegin.o
LOAD y:/coen20/gcc/bin/../lib/gcc/arm-none-eabi/9.3.1/../../../../arm-none-eabi/lib/thumb/v7e-m+fp/hard/crt0.o
LOAD obj/Lab5D-Main-c.o
LOAD obj/Lab5D-Implementation-s.o
LOAD library.a
LOAD library.a
LOAD y:/coen20/gcc/bin/../lib/gcc/arm-none-eabi/9.3.1/../../../../arm-none-eabi/lib/thumb/v7e-m+fp/hard\libm.a
LOAD y:/coen20/gcc/bin/../lib/gcc/arm-none-eabi/9.3.1/../../../../arm-none-eabi/lib/thumb/v7e-m+fp/hard\libc.a
LOAD y:/coen20/gcc/bin/../lib/gcc/arm-none-eabi/9.3.1/../../../../arm-none-eabi/lib/thumb/v7e-m+fp/hard\libnosys.a
LOAD y:/coen20/gcc/bin/../lib/gcc/arm-none-eabi/9.3.1/../../../../arm-none-eabi/lib/thumb/v7e-m+fp/hard\libc.a
START GROUP
LOAD y:/coen20/gcc/bin/../lib/gcc/arm-none-eabi/9.3.1/thumb/v7e-m+fp/hard\libgcc.a
LOAD y:/coen20/gcc/bin/../lib/gcc/arm-none-eabi/9.3.1/../../../../arm-none-eabi/lib/thumb/v7e-m+fp/hard\libc.a
END GROUP
LOAD y:/coen20/gcc/bin/../lib/gcc/arm-none-eabi/9.3.1/thumb/v7e-m+fp/hard/crtend.o
LOAD y:/coen20/gcc/bin/../lib/gcc/arm-none-eabi/9.3.1/thumb/v7e-m+fp/hard/crtn.o

.text           0x08000000    0x1065c
 *(.isr_vector)
 .isr_vector    0x08000000      0x1ac library.a(startup_stm32f429xx.o)
                0x08000000                __isr_vector
 *(.text*)
 .text          0x080001ac       0x40 y:/coen20/gcc/bin/../lib/gcc/arm-none-eabi/9.3.1/thumb/v7e-m+fp/hard/crtbegin.o
 .text          0x080001ec       0x7c y:/coen20/gcc/bin/../lib/gcc/arm-none-eabi/9.3.1/../../../../arm-none-eabi/lib/thumb/v7e-m+fp/hard/crt0.o
                0x080001ec                _stack_init
                0x080001f4                _start
                0x080001f4                _mainCRTStartup
 .text.startup.main
                0x08000268       0x58 obj/Lab5D-Main-c.o
                0x08000268                main
 .text.DisplayResults
                0x080002c0      0x170 obj/Lab5D-Main-c.o
 .text.Adjusted
                0x08000430      0x108 obj/Lab5D-Main-c.o
 .text.GetW     0x08000538       0x24 obj/Lab5D-Main-c.o
 .text.GetA     0x0800055c       0x24 obj/Lab5D-Main-c.o
 .text.GetR     0x08000580       0x24 obj/Lab5D-Main-c.o
 .text.InitializeDisplay
                0x080005a4      0x198 obj/Lab5D-Main-c.o
 .text.DisplayAdjusts
                0x0800073c       0xf0 obj/Lab5D-Main-c.o
 .text.InitializeTouchScreen
                0x0800082c       0x30 obj/Lab5D-Main-c.o
 .text          0x0800085c       0x48 obj/Lab5D-Implementation-s.o
                0x0800085c                TireDiam
                0x08000878                TireCirc
 .text.TextRows
                0x080008a4       0x12 library.a(initialize.o)
 .text._close   0x080008b6        0x2 library.a(initialize.o)
                0x080008b6                _close
 .text._fstat   0x080008b8        0x2 library.a(initialize.o)
                0x080008b8                _fstat
 .text._getpid  0x080008ba        0x2 library.a(initialize.o)
                0x080008ba                _getpid
 .text._isatty  0x080008bc        0x2 library.a(initialize.o)
                0x080008bc                _isatty
 .text._kill    0x080008be        0x2 library.a(initialize.o)
                0x080008be                _kill
 .text._lseek   0x080008c0        0x2 library.a(initialize.o)
                0x080008c0                _lseek
 .text._read    0x080008c2        0x2 library.a(initialize.o)
                0x080008c2                _read
 .text.ClearDisplay
                0x080008c4       0x34 library.a(initialize.o)
                0x080008c4                ClearDisplay
 .text.DisplayHeader
                0x080008f8       0x7c library.a(initialize.o)
                0x080008f8                DisplayHeader
 .text.DisplayFooter
                0x08000974       0x58 library.a(initialize.o)
                0x08000974                DisplayFooter
 .text._write   0x080009cc      0x104 library.a(initialize.o)
                0x080009cc                _write
 .text.InitializeHardware
                0x08000ad0      0x124 library.a(initialize.o)
                0x08000ad0                InitializeHardware
 .text.WaitForPushButton
                0x08000bf4       0x18 library.a(initialize.o)
                0x08000bf4                WaitForPushButton
 .text.GetClockCycleCount
                0x08000c0c        0xc library.a(initialize.o)
                0x08000c0c                GetClockCycleCount
 .text.SPIx_Init
                0x08000c18       0x98 library.a(stm32f429i_discovery.o)
 .text.SPIx_Write
                0x08000cb0       0x30 library.a(stm32f429i_discovery.o)
 .text.I2Cx_Init
                0x08000ce0       0xe8 library.a(stm32f429i_discovery.o)
 .text.I2Cx_Error
                0x08000dc8       0x14 library.a(stm32f429i_discovery.o)
 .text.SPIx_WriteRead
                0x08000ddc       0x40 library.a(stm32f429i_discovery.o)
 .text.BSP_PB_Init
                0x08000e1c       0x70 library.a(stm32f429i_discovery.o)
                0x08000e1c                BSP_PB_Init
 .text.BSP_PB_GetState
                0x08000e8c       0x14 library.a(stm32f429i_discovery.o)
                0x08000e8c                BSP_PB_GetState
 .text.LCD_IO_Init
                0x08000ea0       0xb0 library.a(stm32f429i_discovery.o)
                0x08000ea0                LCD_IO_Init
 .text.LCD_IO_WriteData
                0x08000f50       0x38 library.a(stm32f429i_discovery.o)
                0x08000f50                LCD_IO_WriteData
 .text.LCD_IO_WriteReg
                0x08000f88       0x38 library.a(stm32f429i_discovery.o)
                0x08000f88                LCD_IO_WriteReg
 .text.LCD_IO_ReadData
                0x08000fc0       0x6c library.a(stm32f429i_discovery.o)
                0x08000fc0                LCD_IO_ReadData
 .text.LCD_Delay
                0x0800102c        0x4 library.a(stm32f429i_discovery.o)
                0x0800102c                LCD_Delay
 .text.IOE_Init
                0x08001030        0x4 library.a(stm32f429i_discovery.o)
                0x08001030                IOE_Init
 .text.IOE_ITConfig
                0x08001034       0x54 library.a(stm32f429i_discovery.o)
                0x08001034                IOE_ITConfig
 .text.IOE_Write
                0x08001088       0x34 library.a(stm32f429i_discovery.o)
                0x08001088                IOE_Write
 .text.IOE_Read
                0x080010bc       0x3c library.a(stm32f429i_discovery.o)
                0x080010bc                IOE_Read
 .text.IOE_ReadMultiple
                0x080010f8       0x30 library.a(stm32f429i_discovery.o)
                0x080010f8                IOE_ReadMultiple
 .text.IOE_Delay
                0x08001128        0x4 library.a(stm32f429i_discovery.o)
                0x08001128                IOE_Delay
 .text.GYRO_IO_Init
                0x0800112c       0x6c library.a(stm32f429i_discovery.o)
                0x0800112c                GYRO_IO_Init
 .text.GYRO_IO_Read
                0x08001198       0x48 library.a(stm32f429i_discovery.o)
                0x08001198                GYRO_IO_Read
 .text.FillBuffer
                0x080011e0       0x64 library.a(stm32f429i_discovery_lcd.o)
 .text.BSP_LCD_GetXSize
                0x08001244       0x10 library.a(stm32f429i_discovery_lcd.o)
                0x08001244                BSP_LCD_GetXSize
 .text.BSP_LCD_GetYSize
                0x08001254       0x10 library.a(stm32f429i_discovery_lcd.o)
                0x08001254                BSP_LCD_GetYSize
 .text.BSP_LCD_LayerDefaultInit
                0x08001264       0x7c library.a(stm32f429i_discovery_lcd.o)
                0x08001264                BSP_LCD_LayerDefaultInit
 .text.BSP_LCD_SelectLayer
                0x080012e0        0xc library.a(stm32f429i_discovery_lcd.o)
                0x080012e0                BSP_LCD_SelectLayer
 .text.BSP_LCD_GetTextColor
                0x080012ec       0x18 library.a(stm32f429i_discovery_lcd.o)
                0x080012ec                BSP_LCD_GetTextColor
 .text.BSP_LCD_GetBackColor
                0x08001304       0x18 library.a(stm32f429i_discovery_lcd.o)
                0x08001304                BSP_LCD_GetBackColor
 .text.BSP_LCD_SetTextColor
                0x0800131c       0x18 library.a(stm32f429i_discovery_lcd.o)
                0x0800131c                BSP_LCD_SetTextColor
 .text.BSP_LCD_SetBackColor
                0x08001334       0x18 library.a(stm32f429i_discovery_lcd.o)
                0x08001334                BSP_LCD_SetBackColor
 .text.BSP_LCD_SetFont
                0x0800134c       0x18 library.a(stm32f429i_discovery_lcd.o)
                0x0800134c                BSP_LCD_SetFont
 .text.BSP_LCD_Init
                0x08001364      0x1bc library.a(stm32f429i_discovery_lcd.o)
                0x08001364                BSP_LCD_Init
 .text.BSP_LCD_GetFont
                0x08001520       0x18 library.a(stm32f429i_discovery_lcd.o)
                0x08001520                BSP_LCD_GetFont
 .text.BSP_LCD_Clear
                0x08001538       0x40 library.a(stm32f429i_discovery_lcd.o)
                0x08001538                BSP_LCD_Clear
 .text.BSP_LCD_DrawHLine
                0x08001578       0x50 library.a(stm32f429i_discovery_lcd.o)
                0x08001578                BSP_LCD_DrawHLine
 .text.BSP_LCD_DrawVLine
                0x080015c8       0x5c library.a(stm32f429i_discovery_lcd.o)
                0x080015c8                BSP_LCD_DrawVLine
 .text.BSP_LCD_DrawRect
                0x08001624       0x34 library.a(stm32f429i_discovery_lcd.o)
                0x08001624                BSP_LCD_DrawRect
 .text.BSP_LCD_FillRect
                0x08001658       0x78 library.a(stm32f429i_discovery_lcd.o)
                0x08001658                BSP_LCD_FillRect
 .text.BSP_LCD_DisplayOn
                0x080016d0       0x10 library.a(stm32f429i_discovery_lcd.o)
                0x080016d0                BSP_LCD_DisplayOn
 .text.BSP_LCD_DrawPixel
                0x080016e0       0x2c library.a(stm32f429i_discovery_lcd.o)
                0x080016e0                BSP_LCD_DrawPixel
 .text.BSP_LCD_DisplayChar
                0x0800170c       0xd4 library.a(stm32f429i_discovery_lcd.o)
                0x0800170c                BSP_LCD_DisplayChar
 .text.BSP_LCD_DisplayStringAt
                0x080017e0       0x9c library.a(stm32f429i_discovery_lcd.o)
                0x080017e0                BSP_LCD_DisplayStringAt
 .text.BSP_SDRAM_Initialization_sequence
                0x0800187c       0x94 library.a(stm32f429i_discovery_sdram.o)
                0x0800187c                BSP_SDRAM_Initialization_sequence
 .text.BSP_SDRAM_Init
                0x08001910      0x1c8 library.a(stm32f429i_discovery_sdram.o)
                0x08001910                BSP_SDRAM_Init
 .text.HAL_MspInit
                0x08001ad8        0x2 library.a(stm32f4xx_hal.o)
                0x08001ad8                HAL_MspInit
 .text.HAL_InitTick
                0x08001ada       0x28 library.a(stm32f4xx_hal.o)
                0x08001ada                HAL_InitTick
 *fill*         0x08001b02        0x2 
 .text.HAL_Init
                0x08001b04       0x34 library.a(stm32f4xx_hal.o)
                0x08001b04                HAL_Init
 .text.HAL_IncTick
                0x08001b38       0x10 library.a(stm32f4xx_hal.o)
                0x08001b38                HAL_IncTick
 .text.HAL_GetTick
                0x08001b48        0xc library.a(stm32f4xx_hal.o)
                0x08001b48                HAL_GetTick
 .text.HAL_Delay
                0x08001b54       0x1a library.a(stm32f4xx_hal.o)
                0x08001b54                HAL_Delay
 *fill*         0x08001b6e        0x2 
 .text.HAL_NVIC_SetPriorityGrouping
                0x08001b70       0x24 library.a(stm32f4xx_hal_cortex.o)
                0x08001b70                HAL_NVIC_SetPriorityGrouping
 .text.HAL_NVIC_SetPriority
                0x08001b94       0x64 library.a(stm32f4xx_hal_cortex.o)
                0x08001b94                HAL_NVIC_SetPriority
 .text.HAL_NVIC_EnableIRQ
                0x08001bf8       0x18 library.a(stm32f4xx_hal_cortex.o)
                0x08001bf8                HAL_NVIC_EnableIRQ
 .text.HAL_SYSTICK_Config
                0x08001c10       0x28 library.a(stm32f4xx_hal_cortex.o)
                0x08001c10                HAL_SYSTICK_Config
 .text.HAL_DMA_Init
                0x08001c38       0x78 library.a(stm32f4xx_hal_dma.o)
                0x08001c38                HAL_DMA_Init
 .text.HAL_DMA_DeInit
                0x08001cb0      0xacc library.a(stm32f4xx_hal_dma.o)
                0x08001cb0                HAL_DMA_DeInit
 .text.DMA2D_SetConfig
                0x0800277c       0x80 library.a(stm32f4xx_hal_dma2d.o)
 .text.HAL_DMA2D_MspInit
                0x080027fc        0x2 library.a(stm32f4xx_hal_dma2d.o)
                0x080027fc                HAL_DMA2D_MspInit
 .text.HAL_DMA2D_Init
                0x080027fe       0x5c library.a(stm32f4xx_hal_dma2d.o)
                0x080027fe                HAL_DMA2D_Init
 .text.HAL_DMA2D_Start
                0x0800285a       0x40 library.a(stm32f4xx_hal_dma2d.o)
                0x0800285a                HAL_DMA2D_Start
 .text.HAL_DMA2D_PollForTransfer
                0x0800289a       0xc4 library.a(stm32f4xx_hal_dma2d.o)
                0x0800289a                HAL_DMA2D_PollForTransfer
 *fill*         0x0800295e        0x2 
 .text.HAL_DMA2D_ConfigLayer
                0x08002960       0xdc library.a(stm32f4xx_hal_dma2d.o)
                0x08002960                HAL_DMA2D_ConfigLayer
 .text.HAL_GPIO_Init
                0x08002a3c      0x1d0 library.a(stm32f4xx_hal_gpio.o)
                0x08002a3c                HAL_GPIO_Init
 .text.HAL_GPIO_ReadPin
                0x08002c0c        0xc library.a(stm32f4xx_hal_gpio.o)
                0x08002c0c                HAL_GPIO_ReadPin
 .text.HAL_GPIO_WritePin
                0x08002c18        0xa library.a(stm32f4xx_hal_gpio.o)
                0x08002c18                HAL_GPIO_WritePin
 .text.I2C_WaitOnMasterAddressFlagUntilTimeout
                0x08002c22       0x66 library.a(stm32f4xx_hal_i2c.o)
 .text.I2C_WaitOnFlagUntilTimeout
                0x08002c88       0x90 library.a(stm32f4xx_hal_i2c.o)
 .text.I2C_RequestMemoryWrite
                0x08002d18       0x98 library.a(stm32f4xx_hal_i2c.o)
 .text.I2C_RequestMemoryRead
                0x08002db0       0xe8 library.a(stm32f4xx_hal_i2c.o)
 .text.HAL_I2C_MspInit
                0x08002e98        0x2 library.a(stm32f4xx_hal_i2c.o)
                0x08002e98                HAL_I2C_MspInit
 *fill*         0x08002e9a        0x2 
 .text.HAL_I2C_Init
                0x08002e9c       0xe0 library.a(stm32f4xx_hal_i2c.o)
                0x08002e9c                HAL_I2C_Init
 .text.HAL_I2C_MspDeInit
                0x08002f7c        0x2 library.a(stm32f4xx_hal_i2c.o)
                0x08002f7c                HAL_I2C_MspDeInit
 .text.HAL_I2C_DeInit
                0x08002f7e       0x2c library.a(stm32f4xx_hal_i2c.o)
                0x08002f7e                HAL_I2C_DeInit
 *fill*         0x08002faa        0x2 
 .text.HAL_I2C_Mem_Write
                0x08002fac       0xe8 library.a(stm32f4xx_hal_i2c.o)
                0x08002fac                HAL_I2C_Mem_Write
 .text.HAL_I2C_Mem_Read
                0x08003094      0x1bc library.a(stm32f4xx_hal_i2c.o)
                0x08003094                HAL_I2C_Mem_Read
 .text.HAL_I2C_GetState
                0x08003250        0x6 library.a(stm32f4xx_hal_i2c.o)
                0x08003250                HAL_I2C_GetState
 *fill*         0x08003256        0x2 
 .text.LTDC_SetConfig
                0x08003258      0x144 library.a(stm32f4xx_hal_ltdc.o)
 .text.HAL_LTDC_MspInit
                0x0800339c        0x2 library.a(stm32f4xx_hal_ltdc.o)
                0x0800339c                HAL_LTDC_MspInit
 *fill*         0x0800339e        0x2 
 .text.HAL_LTDC_Init
                0x080033a0       0xfc library.a(stm32f4xx_hal_ltdc.o)
                0x080033a0                HAL_LTDC_Init
 .text.HAL_LTDC_ConfigLayer
                0x0800349c       0x5c library.a(stm32f4xx_hal_ltdc.o)
                0x0800349c                HAL_LTDC_ConfigLayer
 .text.HAL_LTDC_EnableDither
                0x080034f8       0x34 library.a(stm32f4xx_hal_ltdc.o)
                0x080034f8                HAL_LTDC_EnableDither
 .text.HAL_RCC_OscConfig
                0x0800352c      0x330 library.a(stm32f4xx_hal_rcc.o)
                0x0800352c                HAL_RCC_OscConfig
 .text.HAL_RCC_ClockConfig
                0x0800385c      0x1f8 library.a(stm32f4xx_hal_rcc.o)
                0x0800385c                HAL_RCC_ClockConfig
 .text.HAL_RCC_GetSysClockFreq
                0x08003a54       0x78 library.a(stm32f4xx_hal_rcc.o)
                0x08003a54                HAL_RCC_GetSysClockFreq
 .text.HAL_RCC_GetHCLKFreq
                0x08003acc       0x38 library.a(stm32f4xx_hal_rcc.o)
                0x08003acc                HAL_RCC_GetHCLKFreq
 .text.HAL_RCC_GetPCLK1Freq
                0x08003b04       0x30 library.a(stm32f4xx_hal_rcc.o)
                0x08003b04                HAL_RCC_GetPCLK1Freq
 .text.HAL_RCCEx_PeriphCLKConfig
                0x08003b34      0x2d8 library.a(stm32f4xx_hal_rcc_ex.o)
                0x08003b34                HAL_RCCEx_PeriphCLKConfig
 .text.HAL_SDRAM_MspInit
                0x08003e0c        0x2 library.a(stm32f4xx_hal_sdram.o)
                0x08003e0c                HAL_SDRAM_MspInit
 .text.HAL_SDRAM_Init
                0x08003e0e       0x40 library.a(stm32f4xx_hal_sdram.o)
                0x08003e0e                HAL_SDRAM_Init
 .text.HAL_SDRAM_SendCommand
                0x08003e4e       0x2e library.a(stm32f4xx_hal_sdram.o)
                0x08003e4e                HAL_SDRAM_SendCommand
 .text.HAL_SDRAM_ProgramRefreshRate
                0x08003e7c       0x24 library.a(stm32f4xx_hal_sdram.o)
                0x08003e7c                HAL_SDRAM_ProgramRefreshRate
 .text.SPI_WaitOnFlagUntilTimeout
                0x08003ea0       0x94 library.a(stm32f4xx_hal_spi.o)
 .text.HAL_SPI_MspInit
                0x08003f34        0x2 library.a(stm32f4xx_hal_spi.o)
                0x08003f34                HAL_SPI_MspInit
 .text.HAL_SPI_Init
                0x08003f36       0x82 library.a(stm32f4xx_hal_spi.o)
                0x08003f36                HAL_SPI_Init
 .text.HAL_SPI_MspDeInit
                0x08003fb8        0x2 library.a(stm32f4xx_hal_spi.o)
                0x08003fb8                HAL_SPI_MspDeInit
 .text.HAL_SPI_DeInit
                0x08003fba       0x26 library.a(stm32f4xx_hal_spi.o)
                0x08003fba                HAL_SPI_DeInit
 .text.HAL_SPI_Transmit
                0x08003fe0      0x164 library.a(stm32f4xx_hal_spi.o)
                0x08003fe0                HAL_SPI_Transmit
 .text.HAL_SPI_TransmitReceive
                0x08004144      0x2c2 library.a(stm32f4xx_hal_spi.o)
                0x08004144                HAL_SPI_TransmitReceive
 .text.HAL_SPI_Receive
                0x08004406      0x1d2 library.a(stm32f4xx_hal_spi.o)
                0x08004406                HAL_SPI_Receive
 .text.HAL_SPI_GetState
                0x080045d8        0x6 library.a(stm32f4xx_hal_spi.o)
                0x080045d8                HAL_SPI_GetState
 .text.NMI_Handler
                0x080045de        0x2 library.a(stm32f4xx_it.o)
                0x080045de                NMI_Handler
 .text.SVC_Handler
                0x080045e0       0x20 library.a(stm32f4xx_it.o)
                0x080045e0                SVC_Handler
 .text.DebugMon_Handler
                0x08004600        0x2 library.a(stm32f4xx_it.o)
                0x08004600                DebugMon_Handler
 .text.PendSV_Handler
                0x08004602        0x2 library.a(stm32f4xx_it.o)
                0x08004602                PendSV_Handler
 .text.SysTick_Handler
                0x08004604        0x4 library.a(stm32f4xx_it.o)
                0x08004604                SysTick_Handler
 .text.FMC_SDRAM_Init
                0x08004608       0x68 library.a(stm32f4xx_ll_fmc.o)
                0x08004608                FMC_SDRAM_Init
 .text.FMC_SDRAM_Timing_Init
                0x08004670       0x72 library.a(stm32f4xx_ll_fmc.o)
                0x08004670                FMC_SDRAM_Timing_Init
 .text.FMC_SDRAM_SendCommand
                0x080046e2       0x50 library.a(stm32f4xx_ll_fmc.o)
                0x080046e2                FMC_SDRAM_SendCommand
 .text.FMC_SDRAM_ProgramRefreshRate
                0x08004732        0xc library.a(stm32f4xx_ll_fmc.o)
                0x08004732                FMC_SDRAM_ProgramRefreshRate
 *fill*         0x0800473e        0x2 
 .text.SVC_Label
                0x08004740       0x58 library.a(svcHandler.o)
 .text.Preserve
                0x08004798       0xa8 library.a(svcHandler.o)
 .text.HardStopHandler
                0x08004840       0x94 library.a(svcHandler.o)
 .text.F32      0x080048d4       0xc0 library.a(svcHandler.o)
 .text.Restore  0x08004994       0x5c library.a(svcHandler.o)
 .text.FlPtRegs
                0x080049f0       0x9c library.a(svcHandler.o)
 .text._MemManageHandler
                0x08004a8c       0x10 library.a(svcHandler.o)
                0x08004a8c                _MemManageHandler
 .text.MemManage_Handler
                0x08004a9c        0xc library.a(svcHandler.o)
                0x08004a9c                MemManage_Handler
 .text._BusFault_Handler
                0x08004aa8       0x10 library.a(svcHandler.o)
                0x08004aa8                _BusFault_Handler
 .text.BusFault_Handler
                0x08004ab8        0xc library.a(svcHandler.o)
                0x08004ab8                BusFault_Handler
 .text._HardFault_Handler
                0x08004ac4       0x10 library.a(svcHandler.o)
                0x08004ac4                _HardFault_Handler
 .text.HardFault_Handler
                0x08004ad4        0xc library.a(svcHandler.o)
                0x08004ad4                HardFault_Handler
 .text._UsageFault_Handler
                0x08004ae0       0x5c library.a(svcHandler.o)
                0x08004ae0                _UsageFault_Handler
 .text.UsageFault_Handler
                0x08004b3c        0xc library.a(svcHandler.o)
                0x08004b3c                UsageFault_Handler
 .text.SVC_Exception
                0x08004b48       0xd8 library.a(svcHandler.o)
                0x08004b48                SVC_Exception
 .text.SystemInit
                0x08004c20       0x4c library.a(system_stm32f4xx.o)
                0x08004c20                SystemInit
 .text.TS_Init  0x08004c6c       0x2c library.a(touch.o)
                0x08004c6c                TS_Init
 .text.TS_Touched
                0x08004c98       0x30 library.a(touch.o)
                0x08004c98                TS_Touched
 .text.TS_GetX  0x08004cc8        0xc library.a(touch.o)
                0x08004cc8                TS_GetX
 .text.TS_GetY  0x08004cd4        0xc library.a(touch.o)
                0x08004cd4                TS_GetY
 .text          0x08004ce0      0x118 library.a(startup_stm32f429xx.o)
                0x08004ce0                Reset_Handler
                0x08004d38                Default_Handler
                0x08004d3a                WWDG_IRQHandler
                0x08004d3c                PVD_IRQHandler
                0x08004d3e                TAMP_STAMP_IRQHandler
                0x08004d40                RTC_WKUP_IRQHandler
                0x08004d42                FLASH_IRQHandler
                0x08004d44                RCC_IRQHandler
                0x08004d46                EXTI0_IRQHandler
                0x08004d48                EXTI1_IRQHandler
                0x08004d4a                EXTI2_IRQHandler
                0x08004d4c                EXTI3_IRQHandler
                0x08004d4e                EXTI4_IRQHandler
                0x08004d50                DMA1_Stream0_IRQHandler
                0x08004d52                DMA1_Stream1_IRQHandler
                0x08004d54                DMA1_Stream2_IRQHandler
                0x08004d56                DMA1_Stream3_IRQHandler
                0x08004d58                DMA1_Stream4_IRQHandler
                0x08004d5a                DMA1_Stream5_IRQHandler
                0x08004d5c                DMA1_Stream6_IRQHandler
                0x08004d5e                ADC_IRQHandler
                0x08004d60                CAN1_TX_IRQHandler
                0x08004d62                CAN1_RX0_IRQHandler
                0x08004d64                CAN1_RX1_IRQHandler
                0x08004d66                CAN1_SCE_IRQHandler
                0x08004d68                EXTI9_5_IRQHandler
                0x08004d6a                TIM1_BRK_TIM9_IRQHandler
                0x08004d6c                TIM1_UP_TIM10_IRQHandler
                0x08004d6e                TIM1_TRG_COM_TIM11_IRQHandler
                0x08004d70                TIM1_CC_IRQHandler
                0x08004d72                TIM2_IRQHandler
                0x08004d74                TIM3_IRQHandler
                0x08004d76                TIM4_IRQHandler
                0x08004d78                I2C1_EV_IRQHandler
                0x08004d7a                I2C1_ER_IRQHandler
                0x08004d7c                I2C2_EV_IRQHandler
                0x08004d7e                I2C2_ER_IRQHandler
                0x08004d80                SPI1_IRQHandler
                0x08004d82                SPI2_IRQHandler
                0x08004d84                USART1_IRQHandler
                0x08004d86                USART2_IRQHandler
                0x08004d88                USART3_IRQHandler
                0x08004d8a                EXTI15_10_IRQHandler
                0x08004d8c                RTC_Alarm_IRQHandler
                0x08004d8e                OTG_FS_WKUP_IRQHandler
                0x08004d90                TIM8_BRK_TIM12_IRQHandler
                0x08004d92                TIM8_UP_TIM13_IRQHandler
                0x08004d94                TIM8_TRG_COM_TIM14_IRQHandler
                0x08004d96                TIM8_CC_IRQHandler
                0x08004d98                DMA1_Stream7_IRQHandler
                0x08004d9a                FSMC_IRQHandler
                0x08004d9c                SDIO_IRQHandler
                0x08004d9e                TIM5_IRQHandler
                0x08004da0                SPI3_IRQHandler
                0x08004da2                UART4_IRQHandler
                0x08004da4                UART5_IRQHandler
                0x08004da6                TIM6_DAC_IRQHandler
                0x08004da8                TIM7_IRQHandler
                0x08004daa                DMA2_Stream0_IRQHandler
                0x08004dac                DMA2_Stream1_IRQHandler
                0x08004dae                DMA2_Stream2_IRQHandler
                0x08004db0                DMA2_Stream3_IRQHandler
                0x08004db2                DMA2_Stream4_IRQHandler
                0x08004db4                ETH_IRQHandler
                0x08004db6                ETH_WKUP_IRQHandler
                0x08004db8                CAN2_TX_IRQHandler
                0x08004dba                CAN2_RX0_IRQHandler
                0x08004dbc                CAN2_RX1_IRQHandler
                0x08004dbe                CAN2_SCE_IRQHandler
                0x08004dc0                OTG_FS_IRQHandler
                0x08004dc2                DMA2_Stream5_IRQHandler
                0x08004dc4                DMA2_Stream6_IRQHandler
                0x08004dc6                DMA2_Stream7_IRQHandler
                0x08004dc8                USART6_IRQHandler
                0x08004dca                I2C3_EV_IRQHandler
                0x08004dcc                I2C3_ER_IRQHandler
                0x08004dce                OTG_HS_EP1_OUT_IRQHandler
                0x08004dd0                OTG_HS_EP1_IN_IRQHandler
                0x08004dd2                OTG_HS_WKUP_IRQHandler
                0x08004dd4                OTG_HS_IRQHandler
                0x08004dd6                DCMI_IRQHandler
                0x08004dd8                CRYP_IRQHandler
                0x08004dda                HASH_RNG_IRQHandler
                0x08004ddc                FPU_IRQHandler
                0x08004dde                UART7_IRQHandler
                0x08004de0                UART8_IRQHandler
                0x08004de2                SPI4_IRQHandler
                0x08004de4                SPI5_IRQHandler
                0x08004de6                SPI6_IRQHandler
                0x08004de8                SAI1_IRQHandler
                0x08004dea                LTDC_IRQHandler
                0x08004dec                LTDC_ER_IRQHandler
                0x08004dee                DMA2D_IRQHandler
 .text.ili9341_GetLcdPixelWidth
                0x08004df8        0x4 library.a(ili9341.o)
                0x08004df8                ili9341_GetLcdPixelWidth
 .text.ili9341_GetLcdPixelHeight
                0x08004dfc        0x6 library.a(ili9341.o)
                0x08004dfc                ili9341_GetLcdPixelHeight
 .text.ili9341_DisplayOn
                0x08004e02        0x6 library.a(ili9341.o)
                0x08004e02                ili9341_DisplayOn
 .text.ili9341_DisplayOff
                0x08004e08        0x6 library.a(ili9341.o)
                0x08004e08                ili9341_DisplayOff
 .text.ili9341_Init
                0x08004e0e      0x292 library.a(ili9341.o)
                0x08004e0e                ili9341_Init
 .text.ili9341_ReadID
                0x080050a0       0x12 library.a(ili9341.o)
                0x080050a0                ili9341_ReadID
 *fill*         0x080050b2        0x2 
 .text.BSP_TS_Init
                0x080050b4       0x44 library.a(stm32f429i_discovery_ts.o)
                0x080050b4                BSP_TS_Init
 .text.BSP_TS_GetState
                0x080050f8      0x138 library.a(stm32f429i_discovery_ts.o)
                0x080050f8                BSP_TS_GetState
 .text.stmpe811_Reset
                0x08005230       0x28 library.a(stmpe811.o)
                0x08005230                stmpe811_Reset
 .text.stmpe811_ReadID
                0x08005258       0x24 library.a(stmpe811.o)
                0x08005258                stmpe811_ReadID
 .text.stmpe811_TS_DetectTouch
                0x0800527c       0x38 library.a(stmpe811.o)
                0x0800527c                stmpe811_TS_DetectTouch
 .text.stmpe811_TS_GetXY
                0x080052b4       0x3c library.a(stmpe811.o)
                0x080052b4                stmpe811_TS_GetXY
 .text.stmpe811_Init
                0x080052f0       0x30 library.a(stmpe811.o)
                0x080052f0                stmpe811_Init
 .text.stmpe811_EnableGlobalIT
                0x08005320       0x1e library.a(stmpe811.o)
                0x08005320                stmpe811_EnableGlobalIT
 .text.stmpe811_DisableGlobalIT
                0x0800533e       0x1c library.a(stmpe811.o)
                0x0800533e                stmpe811_DisableGlobalIT
 .text.stmpe811_EnableITSource
                0x0800535a       0x20 library.a(stmpe811.o)
                0x0800535a                stmpe811_EnableITSource
 .text.stmpe811_TS_EnableIT
                0x0800537a       0x1c library.a(stmpe811.o)
                0x0800537a                stmpe811_TS_EnableIT
 .text.stmpe811_DisableITSource
                0x08005396       0x20 library.a(stmpe811.o)
                0x08005396                stmpe811_DisableITSource
 .text.stmpe811_TS_DisableIT
                0x080053b6       0x14 library.a(stmpe811.o)
                0x080053b6                stmpe811_TS_DisableIT
 .text.stmpe811_ReadGITStatus
                0x080053ca       0x10 library.a(stmpe811.o)
                0x080053ca                stmpe811_ReadGITStatus
 .text.stmpe811_TS_ITStatus
                0x080053da        0x6 library.a(stmpe811.o)
                0x080053da                stmpe811_TS_ITStatus
 .text.stmpe811_ClearGlobalIT
                0x080053e0        0xa library.a(stmpe811.o)
                0x080053e0                stmpe811_ClearGlobalIT
 .text.stmpe811_TS_ClearIT
                0x080053ea        0x6 library.a(stmpe811.o)
                0x080053ea                stmpe811_TS_ClearIT
 .text.stmpe811_IO_EnableAF
                0x080053f0       0x20 library.a(stmpe811.o)
                0x080053f0                stmpe811_IO_EnableAF
 .text.stmpe811_TS_Start
                0x08005410       0xa4 library.a(stmpe811.o)
                0x08005410                stmpe811_TS_Start
 .text.exit     0x080054b4       0x20 y:/coen20/gcc/bin/../lib/gcc/arm-none-eabi/9.3.1/../../../../arm-none-eabi/lib/thumb/v7e-m+fp/hard\libc.a(lib_a-exit.o)
                0x080054b4                exit
 .text.__libc_init_array
                0x080054d4       0x48 y:/coen20/gcc/bin/../lib/gcc/arm-none-eabi/9.3.1/../../../../arm-none-eabi/lib/thumb/v7e-m+fp/hard\libc.a(lib_a-init.o)
                0x080054d4                __libc_init_array
 .text          0x0800551c      0x134 y:/coen20/gcc/bin/../lib/gcc/arm-none-eabi/9.3.1/../../../../arm-none-eabi/lib/thumb/v7e-m+fp/hard\libc.a(lib_a-memcpy.o)
                0x0800551c                memcpy
 .text.memset   0x08005650       0xa0 y:/coen20/gcc/bin/../lib/gcc/arm-none-eabi/9.3.1/../../../../arm-none-eabi/lib/thumb/v7e-m+fp/hard\libc.a(lib_a-memset.o)
                0x08005650                memset
 .text.sprintf  0x080056f0       0x44 y:/coen20/gcc/bin/../lib/gcc/arm-none-eabi/9.3.1/../../../../arm-none-eabi/lib/thumb/v7e-m+fp/hard\libc.a(lib_a-sprintf.o)
                0x080056f0                sprintf
 .text.strcpy   0x08005734       0xbc y:/coen20/gcc/bin/../lib/gcc/arm-none-eabi/9.3.1/../../../../arm-none-eabi/lib/thumb/v7e-m+fp/hard\libc.a(lib_a-strcpy.o)
                0x08005734                strcpy
 *fill*         0x080057f0       0x10 
 .text          0x08005800       0xdc y:/coen20/gcc/bin/../lib/gcc/arm-none-eabi/9.3.1/../../../../arm-none-eabi/lib/thumb/v7e-m+fp/hard\libc.a(lib_a-strlen.o)
                0x08005800                strlen
 *fill*         0x080058dc        0x4 
 .text._svfprintf_r
                0x080058e0     0x1b38 y:/coen20/gcc/bin/../lib/gcc/arm-none-eabi/9.3.1/../../../../arm-none-eabi/lib/thumb/v7e-m+fp/hard\libc.a(lib_a-svfprintf.o)
                0x080058e0                _svfprintf_r
 .text.__swsetup_r
                0x08007418       0xd0 y:/coen20/gcc/bin/../lib/gcc/arm-none-eabi/9.3.1/../../../../arm-none-eabi/lib/thumb/v7e-m+fp/hard\libc.a(lib_a-wsetup.o)
                0x08007418                __swsetup_r
 .text.startup.register_fini
                0x080074e8       0x14 y:/coen20/gcc/bin/../lib/gcc/arm-none-eabi/9.3.1/../../../../arm-none-eabi/lib/thumb/v7e-m+fp/hard\libc.a(lib_a-__call_atexit.o)
 .text.__call_exitprocs
                0x080074fc       0xcc y:/coen20/gcc/bin/../lib/gcc/arm-none-eabi/9.3.1/../../../../arm-none-eabi/lib/thumb/v7e-m+fp/hard\libc.a(lib_a-__call_atexit.o)
                0x080074fc                __call_exitprocs
 .text.atexit   0x080075c8        0xc y:/coen20/gcc/bin/../lib/gcc/arm-none-eabi/9.3.1/../../../../arm-none-eabi/lib/thumb/v7e-m+fp/hard\libc.a(lib_a-atexit.o)
                0x080075c8                atexit
 .text.quorem   0x080075d4      0x11c y:/coen20/gcc/bin/../lib/gcc/arm-none-eabi/9.3.1/../../../../arm-none-eabi/lib/thumb/v7e-m+fp/hard\libc.a(lib_a-dtoa.o)
 .text._dtoa_r  0x080076f0      0xf44 y:/coen20/gcc/bin/../lib/gcc/arm-none-eabi/9.3.1/../../../../arm-none-eabi/lib/thumb/v7e-m+fp/hard\libc.a(lib_a-dtoa.o)
                0x080076f0                _dtoa_r
 .text.__sflush_r
                0x08008634      0x130 y:/coen20/gcc/bin/../lib/gcc/arm-none-eabi/9.3.1/../../../../arm-none-eabi/lib/thumb/v7e-m+fp/hard\libc.a(lib_a-fflush.o)
                0x08008634                __sflush_r
 .text._fflush_r
                0x08008764       0x5c y:/coen20/gcc/bin/../lib/gcc/arm-none-eabi/9.3.1/../../../../arm-none-eabi/lib/thumb/v7e-m+fp/hard\libc.a(lib_a-fflush.o)
                0x08008764                _fflush_r
 .text.std      0x080087c0       0x50 y:/coen20/gcc/bin/../lib/gcc/arm-none-eabi/9.3.1/../../../../arm-none-eabi/lib/thumb/v7e-m+fp/hard\libc.a(lib_a-findfp.o)
 .text._cleanup_r
                0x08008810        0xc y:/coen20/gcc/bin/../lib/gcc/arm-none-eabi/9.3.1/../../../../arm-none-eabi/lib/thumb/v7e-m+fp/hard\libc.a(lib_a-findfp.o)
                0x08008810                _cleanup_r
 .text.__sinit  0x0800881c       0x54 y:/coen20/gcc/bin/../lib/gcc/arm-none-eabi/9.3.1/../../../../arm-none-eabi/lib/thumb/v7e-m+fp/hard\libc.a(lib_a-findfp.o)
                0x0800881c                __sinit
 .text.__sfp_lock_acquire
                0x08008870        0xc y:/coen20/gcc/bin/../lib/gcc/arm-none-eabi/9.3.1/../../../../arm-none-eabi/lib/thumb/v7e-m+fp/hard\libc.a(lib_a-findfp.o)
                0x08008870                __sfp_lock_acquire
 .text.__sfp_lock_release
                0x0800887c        0xc y:/coen20/gcc/bin/../lib/gcc/arm-none-eabi/9.3.1/../../../../arm-none-eabi/lib/thumb/v7e-m+fp/hard\libc.a(lib_a-findfp.o)
                0x0800887c                __sfp_lock_release
 .text.__libc_fini_array
                0x08008888       0x2c y:/coen20/gcc/bin/../lib/gcc/arm-none-eabi/9.3.1/../../../../arm-none-eabi/lib/thumb/v7e-m+fp/hard\libc.a(lib_a-fini.o)
                0x08008888                __libc_fini_array
 .text._malloc_trim_r
                0x080088b4       0xa0 y:/coen20/gcc/bin/../lib/gcc/arm-none-eabi/9.3.1/../../../../arm-none-eabi/lib/thumb/v7e-m+fp/hard\libc.a(lib_a-freer.o)
                0x080088b4                _malloc_trim_r
 .text._free_r  0x08008954      0x208 y:/coen20/gcc/bin/../lib/gcc/arm-none-eabi/9.3.1/../../../../arm-none-eabi/lib/thumb/v7e-m+fp/hard\libc.a(lib_a-freer.o)
                0x08008954                _free_r
 .text._fwalk_reent
                0x08008b5c       0x48 y:/coen20/gcc/bin/../lib/gcc/arm-none-eabi/9.3.1/../../../../arm-none-eabi/lib/thumb/v7e-m+fp/hard\libc.a(lib_a-fwalk.o)
                0x08008b5c                _fwalk_reent
 .text._localeconv_r
                0x08008ba4        0x8 y:/coen20/gcc/bin/../lib/gcc/arm-none-eabi/9.3.1/../../../../arm-none-eabi/lib/thumb/v7e-m+fp/hard\libc.a(lib_a-localeconv.o)
                0x08008ba4                _localeconv_r
 .text.__retarget_lock_init_recursive
                0x08008bac        0x4 y:/coen20/gcc/bin/../lib/gcc/arm-none-eabi/9.3.1/../../../../arm-none-eabi/lib/thumb/v7e-m+fp/hard\libc.a(lib_a-lock.o)
                0x08008bac                __retarget_lock_init_recursive
 .text.__retarget_lock_close_recursive
                0x08008bb0        0x4 y:/coen20/gcc/bin/../lib/gcc/arm-none-eabi/9.3.1/../../../../arm-none-eabi/lib/thumb/v7e-m+fp/hard\libc.a(lib_a-lock.o)
                0x08008bb0                __retarget_lock_close_recursive
 .text.__retarget_lock_acquire_recursive
                0x08008bb4        0x4 y:/coen20/gcc/bin/../lib/gcc/arm-none-eabi/9.3.1/../../../../arm-none-eabi/lib/thumb/v7e-m+fp/hard\libc.a(lib_a-lock.o)
                0x08008bb4                __retarget_lock_acquire_recursive
 .text.__retarget_lock_release_recursive
                0x08008bb8        0x4 y:/coen20/gcc/bin/../lib/gcc/arm-none-eabi/9.3.1/../../../../arm-none-eabi/lib/thumb/v7e-m+fp/hard\libc.a(lib_a-lock.o)
                0x08008bb8                __retarget_lock_release_recursive
 .text.__swhatbuf_r
                0x08008bbc       0x5c y:/coen20/gcc/bin/../lib/gcc/arm-none-eabi/9.3.1/../../../../arm-none-eabi/lib/thumb/v7e-m+fp/hard\libc.a(lib_a-makebuf.o)
                0x08008bbc                __swhatbuf_r
 .text.__smakebuf_r
                0x08008c18       0x98 y:/coen20/gcc/bin/../lib/gcc/arm-none-eabi/9.3.1/../../../../arm-none-eabi/lib/thumb/v7e-m+fp/hard\libc.a(lib_a-makebuf.o)
                0x08008c18                __smakebuf_r
 .text._malloc_r
                0x08008cb0      0x574 y:/coen20/gcc/bin/../lib/gcc/arm-none-eabi/9.3.1/../../../../arm-none-eabi/lib/thumb/v7e-m+fp/hard\libc.a(lib_a-mallocr.o)
                0x08008cb0                _malloc_r
 *fill*         0x08009224        0xc 
 .text          0x08009230       0xa0 y:/coen20/gcc/bin/../lib/gcc/arm-none-eabi/9.3.1/../../../../arm-none-eabi/lib/thumb/v7e-m+fp/hard\libc.a(lib_a-memchr.o)
                0x08009230                memchr
 .text.__malloc_lock
                0x080092d0        0xc y:/coen20/gcc/bin/../lib/gcc/arm-none-eabi/9.3.1/../../../../arm-none-eabi/lib/thumb/v7e-m+fp/hard\libc.a(lib_a-mlock.o)
                0x080092d0                __malloc_lock
 .text.__malloc_unlock
                0x080092dc        0xc y:/coen20/gcc/bin/../lib/gcc/arm-none-eabi/9.3.1/../../../../arm-none-eabi/lib/thumb/v7e-m+fp/hard\libc.a(lib_a-mlock.o)
                0x080092dc                __malloc_unlock
 .text._Balloc  0x080092e8       0x4c y:/coen20/gcc/bin/../lib/gcc/arm-none-eabi/9.3.1/../../../../arm-none-eabi/lib/thumb/v7e-m+fp/hard\libc.a(lib_a-mprec.o)
                0x080092e8                _Balloc
 .text._Bfree   0x08009334       0x14 y:/coen20/gcc/bin/../lib/gcc/arm-none-eabi/9.3.1/../../../../arm-none-eabi/lib/thumb/v7e-m+fp/hard\libc.a(lib_a-mprec.o)
                0x08009334                _Bfree
 .text.__multadd
                0x08009348       0xac y:/coen20/gcc/bin/../lib/gcc/arm-none-eabi/9.3.1/../../../../arm-none-eabi/lib/thumb/v7e-m+fp/hard\libc.a(lib_a-mprec.o)
                0x08009348                __multadd
 .text.__hi0bits
                0x080093f4       0x40 y:/coen20/gcc/bin/../lib/gcc/arm-none-eabi/9.3.1/../../../../arm-none-eabi/lib/thumb/v7e-m+fp/hard\libc.a(lib_a-mprec.o)
                0x080093f4                __hi0bits
 .text.__lo0bits
                0x08009434       0x60 y:/coen20/gcc/bin/../lib/gcc/arm-none-eabi/9.3.1/../../../../arm-none-eabi/lib/thumb/v7e-m+fp/hard\libc.a(lib_a-mprec.o)
                0x08009434                __lo0bits
 .text.__i2b    0x08009494       0x2c y:/coen20/gcc/bin/../lib/gcc/arm-none-eabi/9.3.1/../../../../arm-none-eabi/lib/thumb/v7e-m+fp/hard\libc.a(lib_a-mprec.o)
                0x08009494                __i2b
 .text.__multiply
                0x080094c0      0x160 y:/coen20/gcc/bin/../lib/gcc/arm-none-eabi/9.3.1/../../../../arm-none-eabi/lib/thumb/v7e-m+fp/hard\libc.a(lib_a-mprec.o)
                0x080094c0                __multiply
 .text.__pow5mult
                0x08009620       0x98 y:/coen20/gcc/bin/../lib/gcc/arm-none-eabi/9.3.1/../../../../arm-none-eabi/lib/thumb/v7e-m+fp/hard\libc.a(lib_a-mprec.o)
                0x08009620                __pow5mult
 .text.__lshift
                0x080096b8       0xe8 y:/coen20/gcc/bin/../lib/gcc/arm-none-eabi/9.3.1/../../../../arm-none-eabi/lib/thumb/v7e-m+fp/hard\libc.a(lib_a-mprec.o)
                0x080096b8                __lshift
 .text.__mcmp   0x080097a0       0x3c y:/coen20/gcc/bin/../lib/gcc/arm-none-eabi/9.3.1/../../../../arm-none-eabi/lib/thumb/v7e-m+fp/hard\libc.a(lib_a-mprec.o)
                0x080097a0                __mcmp
 .text.__mdiff  0x080097dc      0x148 y:/coen20/gcc/bin/../lib/gcc/arm-none-eabi/9.3.1/../../../../arm-none-eabi/lib/thumb/v7e-m+fp/hard\libc.a(lib_a-mprec.o)
                0x080097dc                __mdiff
 .text.__d2b    0x08009924       0xd0 y:/coen20/gcc/bin/../lib/gcc/arm-none-eabi/9.3.1/../../../../arm-none-eabi/lib/thumb/v7e-m+fp/hard\libc.a(lib_a-mprec.o)
                0x08009924                __d2b
 .text.frexp    0x080099f4       0x6c y:/coen20/gcc/bin/../lib/gcc/arm-none-eabi/9.3.1/../../../../arm-none-eabi/lib/thumb/v7e-m+fp/hard\libc.a(lib_a-s_frexp.o)
                0x080099f4                frexp
 .text._sbrk_r  0x08009a60       0x24 y:/coen20/gcc/bin/../lib/gcc/arm-none-eabi/9.3.1/../../../../arm-none-eabi/lib/thumb/v7e-m+fp/hard\libc.a(lib_a-sbrkr.o)
                0x08009a60                _sbrk_r
 .text.__sread  0x08009a84       0x24 y:/coen20/gcc/bin/../lib/gcc/arm-none-eabi/9.3.1/../../../../arm-none-eabi/lib/thumb/v7e-m+fp/hard\libc.a(lib_a-stdio.o)
                0x08009a84                __sread
 .text.__swrite
                0x08009aa8       0x40 y:/coen20/gcc/bin/../lib/gcc/arm-none-eabi/9.3.1/../../../../arm-none-eabi/lib/thumb/v7e-m+fp/hard\libc.a(lib_a-stdio.o)
                0x08009aa8                __swrite
 .text.__sseek  0x08009ae8       0x20 y:/coen20/gcc/bin/../lib/gcc/arm-none-eabi/9.3.1/../../../../arm-none-eabi/lib/thumb/v7e-m+fp/hard\libc.a(lib_a-stdio.o)
                0x08009ae8                __sseek
 .text.__sclose
                0x08009b08        0x8 y:/coen20/gcc/bin/../lib/gcc/arm-none-eabi/9.3.1/../../../../arm-none-eabi/lib/thumb/v7e-m+fp/hard\libc.a(lib_a-stdio.o)
                0x08009b08                __sclose
 .text.strncpy  0x08009b10       0x68 y:/coen20/gcc/bin/../lib/gcc/arm-none-eabi/9.3.1/../../../../arm-none-eabi/lib/thumb/v7e-m+fp/hard\libc.a(lib_a-strncpy.o)
                0x08009b10                strncpy
 .text.__ssprint_r
                0x08009b78       0xf8 y:/coen20/gcc/bin/../lib/gcc/arm-none-eabi/9.3.1/../../../../arm-none-eabi/lib/thumb/v7e-m+fp/hard\libc.a(lib_a-svfiprintf.o)
                0x08009b78                __ssprint_r
 .text.__sprint_r.part.0
                0x08009c70       0x78 y:/coen20/gcc/bin/../lib/gcc/arm-none-eabi/9.3.1/../../../../arm-none-eabi/lib/thumb/v7e-m+fp/hard\libc.a(lib_a-vfiprintf.o)
 .text._vfiprintf_r
                0x08009ce8      0xd4c y:/coen20/gcc/bin/../lib/gcc/arm-none-eabi/9.3.1/../../../../arm-none-eabi/lib/thumb/v7e-m+fp/hard\libc.a(lib_a-vfiprintf.o)
                0x08009ce8                _vfiprintf_r
 .text.__sbprintf
                0x0800aa34       0x84 y:/coen20/gcc/bin/../lib/gcc/arm-none-eabi/9.3.1/../../../../arm-none-eabi/lib/thumb/v7e-m+fp/hard\libc.a(lib_a-vfiprintf.o)
 .text._write_r
                0x0800aab8       0x2c y:/coen20/gcc/bin/../lib/gcc/arm-none-eabi/9.3.1/../../../../arm-none-eabi/lib/thumb/v7e-m+fp/hard\libc.a(lib_a-writer.o)
                0x0800aab8                _write_r
 .text.__register_exitproc
                0x0800aae4       0x8c y:/coen20/gcc/bin/../lib/gcc/arm-none-eabi/9.3.1/../../../../arm-none-eabi/lib/thumb/v7e-m+fp/hard\libc.a(lib_a-__atexit.o)
                0x0800aae4                __register_exitproc
 .text.__assert_func
                0x0800ab70       0x3c y:/coen20/gcc/bin/../lib/gcc/arm-none-eabi/9.3.1/../../../../arm-none-eabi/lib/thumb/v7e-m+fp/hard\libc.a(lib_a-assert.o)
                0x0800ab70                __assert_func
 .text._calloc_r
                0x0800abac       0x60 y:/coen20/gcc/bin/../lib/gcc/arm-none-eabi/9.3.1/../../../../arm-none-eabi/lib/thumb/v7e-m+fp/hard\libc.a(lib_a-callocr.o)
                0x0800abac                _calloc_r
 .text._close_r
                0x0800ac0c       0x24 y:/coen20/gcc/bin/../lib/gcc/arm-none-eabi/9.3.1/../../../../arm-none-eabi/lib/thumb/v7e-m+fp/hard\libc.a(lib_a-closer.o)
                0x0800ac0c                _close_r
 .text._fclose_r
                0x0800ac30       0xcc y:/coen20/gcc/bin/../lib/gcc/arm-none-eabi/9.3.1/../../../../arm-none-eabi/lib/thumb/v7e-m+fp/hard\libc.a(lib_a-fclose.o)
                0x0800ac30                _fclose_r
 .text.fiprintf
                0x0800acfc       0x28 y:/coen20/gcc/bin/../lib/gcc/arm-none-eabi/9.3.1/../../../../arm-none-eabi/lib/thumb/v7e-m+fp/hard\libc.a(lib_a-fiprintf.o)
                0x0800acfc                fiprintf
 .text.__fputwc
                0x0800ad24       0xa8 y:/coen20/gcc/bin/../lib/gcc/arm-none-eabi/9.3.1/../../../../arm-none-eabi/lib/thumb/v7e-m+fp/hard\libc.a(lib_a-fputwc.o)
                0x0800ad24                __fputwc
 .text._fputwc_r
                0x0800adcc       0x68 y:/coen20/gcc/bin/../lib/gcc/arm-none-eabi/9.3.1/../../../../arm-none-eabi/lib/thumb/v7e-m+fp/hard\libc.a(lib_a-fputwc.o)
                0x0800adcc                _fputwc_r
 .text._fstat_r
                0x0800ae34       0x2c y:/coen20/gcc/bin/../lib/gcc/arm-none-eabi/9.3.1/../../../../arm-none-eabi/lib/thumb/v7e-m+fp/hard\libc.a(lib_a-fstatr.o)
                0x0800ae34                _fstat_r
 .text.__sfvwrite_r
                0x0800ae60      0x2e0 y:/coen20/gcc/bin/../lib/gcc/arm-none-eabi/9.3.1/../../../../arm-none-eabi/lib/thumb/v7e-m+fp/hard\libc.a(lib_a-fvwrite.o)
                0x0800ae60                __sfvwrite_r
 .text._isatty_r
                0x0800b140       0x24 y:/coen20/gcc/bin/../lib/gcc/arm-none-eabi/9.3.1/../../../../arm-none-eabi/lib/thumb/v7e-m+fp/hard\libc.a(lib_a-isattyr.o)
                0x0800b140                _isatty_r
 .text.__locale_mb_cur_max
                0x0800b164        0xc y:/coen20/gcc/bin/../lib/gcc/arm-none-eabi/9.3.1/../../../../arm-none-eabi/lib/thumb/v7e-m+fp/hard\libc.a(lib_a-locale.o)
                0x0800b164                __locale_mb_cur_max
 .text._lseek_r
                0x0800b170       0x2c y:/coen20/gcc/bin/../lib/gcc/arm-none-eabi/9.3.1/../../../../arm-none-eabi/lib/thumb/v7e-m+fp/hard\libc.a(lib_a-lseekr.o)
                0x0800b170                _lseek_r
 .text.__ascii_mbtowc
                0x0800b19c       0x2c y:/coen20/gcc/bin/../lib/gcc/arm-none-eabi/9.3.1/../../../../arm-none-eabi/lib/thumb/v7e-m+fp/hard\libc.a(lib_a-mbtowc_r.o)
                0x0800b19c                __ascii_mbtowc
 .text.memmove  0x0800b1c8       0xd8 y:/coen20/gcc/bin/../lib/gcc/arm-none-eabi/9.3.1/../../../../arm-none-eabi/lib/thumb/v7e-m+fp/hard\libc.a(lib_a-memmove.o)
                0x0800b1c8                memmove
 .text._read_r  0x0800b2a0       0x2c y:/coen20/gcc/bin/../lib/gcc/arm-none-eabi/9.3.1/../../../../arm-none-eabi/lib/thumb/v7e-m+fp/hard\libc.a(lib_a-readr.o)
                0x0800b2a0                _read_r
 .text._realloc_r
                0x0800b2cc      0x3e0 y:/coen20/gcc/bin/../lib/gcc/arm-none-eabi/9.3.1/../../../../arm-none-eabi/lib/thumb/v7e-m+fp/hard\libc.a(lib_a-reallocr.o)
                0x0800b2cc                _realloc_r
 .text.__swbuf_r
                0x0800b6ac       0xb0 y:/coen20/gcc/bin/../lib/gcc/arm-none-eabi/9.3.1/../../../../arm-none-eabi/lib/thumb/v7e-m+fp/hard\libc.a(lib_a-wbuf.o)
                0x0800b6ac                __swbuf_r
 .text._wcrtomb_r
                0x0800b75c       0x3c y:/coen20/gcc/bin/../lib/gcc/arm-none-eabi/9.3.1/../../../../arm-none-eabi/lib/thumb/v7e-m+fp/hard\libc.a(lib_a-wcrtomb.o)
                0x0800b75c                _wcrtomb_r
 .text.__ascii_wctomb
                0x0800b798       0x1c y:/coen20/gcc/bin/../lib/gcc/arm-none-eabi/9.3.1/../../../../arm-none-eabi/lib/thumb/v7e-m+fp/hard\libc.a(lib_a-wctomb_r.o)
                0x0800b798                __ascii_wctomb
 .text.abort    0x0800b7b4       0x10 y:/coen20/gcc/bin/../lib/gcc/arm-none-eabi/9.3.1/../../../../arm-none-eabi/lib/thumb/v7e-m+fp/hard\libc.a(lib_a-abort.o)
                0x0800b7b4                abort
 .text._raise_r
                0x0800b7c4       0x58 y:/coen20/gcc/bin/../lib/gcc/arm-none-eabi/9.3.1/../../../../arm-none-eabi/lib/thumb/v7e-m+fp/hard\libc.a(lib_a-signal.o)
                0x0800b7c4                _raise_r
 .text.raise    0x0800b81c       0x10 y:/coen20/gcc/bin/../lib/gcc/arm-none-eabi/9.3.1/../../../../arm-none-eabi/lib/thumb/v7e-m+fp/hard\libc.a(lib_a-signal.o)
                0x0800b81c                raise
 .text._kill_r  0x0800b82c       0x2c y:/coen20/gcc/bin/../lib/gcc/arm-none-eabi/9.3.1/../../../../arm-none-eabi/lib/thumb/v7e-m+fp/hard\libc.a(lib_a-signalr.o)
                0x0800b82c                _kill_r
 .text._getpid_r
                0x0800b858        0x4 y:/coen20/gcc/bin/../lib/gcc/arm-none-eabi/9.3.1/../../../../arm-none-eabi/lib/thumb/v7e-m+fp/hard\libc.a(lib_a-signalr.o)
                0x0800b858                _getpid_r
 .text._sbrk    0x0800b85c       0x1c y:/coen20/gcc/bin/../lib/gcc/arm-none-eabi/9.3.1/../../../../arm-none-eabi/lib/thumb/v7e-m+fp/hard\libnosys.a(sbrk.o)
                0x0800b85c                _sbrk
 .text._exit    0x0800b878        0x4 y:/coen20/gcc/bin/../lib/gcc/arm-none-eabi/9.3.1/../../../../arm-none-eabi/lib/thumb/v7e-m+fp/hard\libnosys.a(_exit.o)
                0x0800b878                _exit
 .text          0x0800b87c      0x378 y:/coen20/gcc/bin/../lib/gcc/arm-none-eabi/9.3.1/thumb/v7e-m+fp/hard\libgcc.a(_arm_addsubdf3.o)
                0x0800b87c                __aeabi_drsub
                0x0800b884                __aeabi_dsub
                0x0800b884                __subdf3
                0x0800b888                __aeabi_dadd
                0x0800b888                __adddf3
                0x0800bb00                __floatunsidf
                0x0800bb00                __aeabi_ui2d
                0x0800bb20                __floatsidf
                0x0800bb20                __aeabi_i2d
                0x0800bb44                __aeabi_f2d
                0x0800bb44                __extendsfdf2
                0x0800bb88                __floatundidf
                0x0800bb88                __aeabi_ul2d
                0x0800bb98                __floatdidf
                0x0800bb98                __aeabi_l2d
 .text          0x0800bbf4      0x424 y:/coen20/gcc/bin/../lib/gcc/arm-none-eabi/9.3.1/thumb/v7e-m+fp/hard\libgcc.a(_arm_muldivdf3.o)
                0x0800bbf4                __aeabi_dmul
                0x0800bbf4                __muldf3
                0x0800be48                __divdf3
                0x0800be48                __aeabi_ddiv
 .text          0x0800c018      0x110 y:/coen20/gcc/bin/../lib/gcc/arm-none-eabi/9.3.1/thumb/v7e-m+fp/hard\libgcc.a(_arm_cmpdf2.o)
                0x0800c018                __gtdf2
                0x0800c018                __gedf2
                0x0800c020                __ltdf2
                0x0800c020                __ledf2
                0x0800c028                __nedf2
                0x0800c028                __eqdf2
                0x0800c028                __cmpdf2
                0x0800c0a4                __aeabi_cdrcmple
                0x0800c0b4                __aeabi_cdcmpeq
                0x0800c0b4                __aeabi_cdcmple
                0x0800c0c4                __aeabi_dcmpeq
                0x0800c0d8                __aeabi_dcmplt
                0x0800c0ec                __aeabi_dcmple
                0x0800c100                __aeabi_dcmpge
                0x0800c114                __aeabi_dcmpgt
 .text          0x0800c128       0x2c y:/coen20/gcc/bin/../lib/gcc/arm-none-eabi/9.3.1/thumb/v7e-m+fp/hard\libgcc.a(_arm_unorddf2.o)
                0x0800c128                __unorddf2
                0x0800c128                __aeabi_dcmpun
 .text          0x0800c154       0x50 y:/coen20/gcc/bin/../lib/gcc/arm-none-eabi/9.3.1/thumb/v7e-m+fp/hard\libgcc.a(_arm_fixdfsi.o)
                0x0800c154                __aeabi_d2iz
                0x0800c154                __fixdfsi
 .text          0x0800c1a4       0x30 y:/coen20/gcc/bin/../lib/gcc/arm-none-eabi/9.3.1/thumb/v7e-m+fp/hard\libgcc.a(_aeabi_uldivmod.o)
                0x0800c1a4                __aeabi_uldivmod
 .text          0x0800c1d4      0x2c4 y:/coen20/gcc/bin/../lib/gcc/arm-none-eabi/9.3.1/thumb/v7e-m+fp/hard\libgcc.a(_udivmoddi4.o)
                0x0800c1d4                __udivmoddi4
 .text          0x0800c498        0x4 y:/coen20/gcc/bin/../lib/gcc/arm-none-eabi/9.3.1/thumb/v7e-m+fp/hard\libgcc.a(_dvmd_tls.o)
                0x0800c498                __aeabi_idiv0
                0x0800c498                __aeabi_ldiv0
 *(.init)
 .init          0x0800c49c        0x4 y:/coen20/gcc/bin/../lib/gcc/arm-none-eabi/9.3.1/thumb/v7e-m+fp/hard/crti.o
                0x0800c49c                _init
 .init          0x0800c4a0        0x8 y:/coen20/gcc/bin/../lib/gcc/arm-none-eabi/9.3.1/thumb/v7e-m+fp/hard/crtn.o
 *(.fini)
 .fini          0x0800c4a8        0x4 y:/coen20/gcc/bin/../lib/gcc/arm-none-eabi/9.3.1/thumb/v7e-m+fp/hard/crti.o
                0x0800c4a8                _fini
 .fini          0x0800c4ac        0x8 y:/coen20/gcc/bin/../lib/gcc/arm-none-eabi/9.3.1/thumb/v7e-m+fp/hard/crtn.o
 *crtbegin.o(.ctors)
 *crtbegin?.o(.ctors)
 *(EXCLUDE_FILE(*crtend.o *crtend?.o) .ctors)
 *(SORT_BY_NAME(.ctors.*))
 *(.ctors)
 *crtbegin.o(.dtors)
 *crtbegin?.o(.dtors)
 *(EXCLUDE_FILE(*crtend.o *crtend?.o) .dtors)
 *(SORT_BY_NAME(.dtors.*))
 *(.dtors)
 *(.rodata*)
 .rodata        0x0800c4b4      0x16b obj/Lab5D-Main-c.o
 .rodata.DisplayHeader.str1.1
                0x0800c61f       0x27 library.a(initialize.o)
 .rodata._write.str1.1
                0x0800c646       0x27 library.a(initialize.o)
                                  0x1 (size before relaxing)
 .rodata.Font12_Table
                0x0800c646      0x474 library.a(stm32f429i_discovery_lcd.o)
                0x0800c646                Font12_Table
 .rodata.Font16_Table
                0x0800caba      0xbe0 library.a(stm32f429i_discovery_lcd.o)
                0x0800caba                Font16_Table
 .rodata.Font20_Table
                0x0800d69a      0xed8 library.a(stm32f429i_discovery_lcd.o)
                0x0800d69a                Font20_Table
 .rodata.Font24_Table
                0x0800e572     0x1ab8 library.a(stm32f429i_discovery_lcd.o)
                0x0800e572                Font24_Table
 .rodata.CSWTCH.4
                0x0801002a        0x7 library.a(stm32f4xx_hal_ltdc.o)
 .rodata.APBAHBPrescTable
                0x08010031       0x10 library.a(stm32f4xx_hal_rcc.o)
                0x08010031                APBAHBPrescTable
 .rodata.SVC_Label.str1.1
                0x08010041        0xe library.a(svcHandler.o)
 .rodata.F32.str1.1
                0x0801004f       0x20 library.a(svcHandler.o)
 .rodata.FlPtRegs.str1.1
                0x0801006f       0x1a library.a(svcHandler.o)
 .rodata._MemManageHandler.str1.1
                0x08010089       0x10 library.a(svcHandler.o)
 .rodata._BusFault_Handler.str1.1
                0x08010099        0xb library.a(svcHandler.o)
 .rodata._HardFault_Handler.str1.1
                0x080100a4        0xc library.a(svcHandler.o)
 .rodata._UsageFault_Handler.str1.1
                0x080100b0       0x76 library.a(svcHandler.o)
 .rodata.SVC_Exception.str1.1
                0x08010126       0x15 library.a(svcHandler.o)
 .rodata.str1.1
                0x0801013b      0x11e library.a(svcHandler.o)
 *fill*         0x08010259        0x3 
 .rodata._global_impure_ptr
                0x0801025c        0x4 y:/coen20/gcc/bin/../lib/gcc/arm-none-eabi/9.3.1/../../../../arm-none-eabi/lib/thumb/v7e-m+fp/hard\libc.a(lib_a-impure.o)
                0x0801025c                _global_impure_ptr
 .rodata._svfprintf_r.str1.4
                0x08010260       0x42 y:/coen20/gcc/bin/../lib/gcc/arm-none-eabi/9.3.1/../../../../arm-none-eabi/lib/thumb/v7e-m+fp/hard\libc.a(lib_a-svfprintf.o)
 *fill*         0x080102a2        0x2 
 .rodata.blanks.8698
                0x080102a4       0x10 y:/coen20/gcc/bin/../lib/gcc/arm-none-eabi/9.3.1/../../../../arm-none-eabi/lib/thumb/v7e-m+fp/hard\libc.a(lib_a-svfprintf.o)
 .rodata.zeroes.8699
                0x080102b4       0x10 y:/coen20/gcc/bin/../lib/gcc/arm-none-eabi/9.3.1/../../../../arm-none-eabi/lib/thumb/v7e-m+fp/hard\libc.a(lib_a-svfprintf.o)
 .rodata._dtoa_r.str1.4
                0x080102c4       0xa0 y:/coen20/gcc/bin/../lib/gcc/arm-none-eabi/9.3.1/../../../../arm-none-eabi/lib/thumb/v7e-m+fp/hard\libc.a(lib_a-dtoa.o)
                                 0xa4 (size before relaxing)
 .rodata.__multadd.str1.4
                0x08010364       0x7d y:/coen20/gcc/bin/../lib/gcc/arm-none-eabi/9.3.1/../../../../arm-none-eabi/lib/thumb/v7e-m+fp/hard\libc.a(lib_a-mprec.o)
                                 0x91 (size before relaxing)
 *fill*         0x080103e1        0x7 
 .rodata.__mprec_bigtens
                0x080103e8       0x28 y:/coen20/gcc/bin/../lib/gcc/arm-none-eabi/9.3.1/../../../../arm-none-eabi/lib/thumb/v7e-m+fp/hard\libc.a(lib_a-mprec.o)
                0x080103e8                __mprec_bigtens
 .rodata.__mprec_tens
                0x08010410       0xc8 y:/coen20/gcc/bin/../lib/gcc/arm-none-eabi/9.3.1/../../../../arm-none-eabi/lib/thumb/v7e-m+fp/hard\libc.a(lib_a-mprec.o)
                0x08010410                __mprec_tens
 .rodata.p05.7485
                0x080104d8        0xc y:/coen20/gcc/bin/../lib/gcc/arm-none-eabi/9.3.1/../../../../arm-none-eabi/lib/thumb/v7e-m+fp/hard\libc.a(lib_a-mprec.o)
 .rodata._vfiprintf_r.str1.4
                0x080104e4       0x2f y:/coen20/gcc/bin/../lib/gcc/arm-none-eabi/9.3.1/../../../../arm-none-eabi/lib/thumb/v7e-m+fp/hard\libc.a(lib_a-vfiprintf.o)
 .rodata.blanks.8691
                0x080104e4       0x10 y:/coen20/gcc/bin/../lib/gcc/arm-none-eabi/9.3.1/../../../../arm-none-eabi/lib/thumb/v7e-m+fp/hard\libc.a(lib_a-vfiprintf.o)
 .rodata.zeroes.8692
                0x080104f4       0x10 y:/coen20/gcc/bin/../lib/gcc/arm-none-eabi/9.3.1/../../../../arm-none-eabi/lib/thumb/v7e-m+fp/hard\libc.a(lib_a-vfiprintf.o)
 .rodata.__assert_func.str1.4
                0x08010504       0x3f y:/coen20/gcc/bin/../lib/gcc/arm-none-eabi/9.3.1/../../../../arm-none-eabi/lib/thumb/v7e-m+fp/hard\libc.a(lib_a-assert.o)
                                 0x43 (size before relaxing)
 *fill*         0x08010543        0x1 
 .rodata._setlocale_r.str1.4
                0x08010544        0xa y:/coen20/gcc/bin/../lib/gcc/arm-none-eabi/9.3.1/../../../../arm-none-eabi/lib/thumb/v7e-m+fp/hard\libc.a(lib_a-locale.o)
                                  0xd (size before relaxing)
 *fill*         0x0801054e        0x2 
 .rodata.str1.4
                0x08010550        0x2 y:/coen20/gcc/bin/../lib/gcc/arm-none-eabi/9.3.1/../../../../arm-none-eabi/lib/thumb/v7e-m+fp/hard\libc.a(lib_a-locale.o)
 *fill*         0x08010552        0x2 
 .rodata._ctype_
                0x08010554      0x101 y:/coen20/gcc/bin/../lib/gcc/arm-none-eabi/9.3.1/../../../../arm-none-eabi/lib/thumb/v7e-m+fp/hard\libc.a(lib_a-ctype_.o)
                0x08010554                _ctype_
 *(.eh_frame*)
 *fill*         0x08010655        0x3 
 .eh_frame      0x08010658        0x0 y:/coen20/gcc/bin/../lib/gcc/arm-none-eabi/9.3.1/thumb/v7e-m+fp/hard/crtbegin.o
 .eh_frame      0x08010658        0x4 y:/coen20/gcc/bin/../lib/gcc/arm-none-eabi/9.3.1/thumb/v7e-m+fp/hard/crtend.o

.glue_7         0x0801065c        0x0
 .glue_7        0x0801065c        0x0 linker stubs

.glue_7t        0x0801065c        0x0
 .glue_7t       0x0801065c        0x0 linker stubs

.vfp11_veneer   0x0801065c        0x0
 .vfp11_veneer  0x0801065c        0x0 linker stubs

.v4_bx          0x0801065c        0x0
 .v4_bx         0x0801065c        0x0 linker stubs

.iplt           0x0801065c        0x0
 .iplt          0x0801065c        0x0 y:/coen20/gcc/bin/../lib/gcc/arm-none-eabi/9.3.1/thumb/v7e-m+fp/hard/crtbegin.o

.ARM.extab
 *(.ARM.extab* .gnu.linkonce.armextab.*)
                0x0801065c                __exidx_start = .

.ARM.exidx      0x0801065c        0x8
 *(.ARM.exidx* .gnu.linkonce.armexidx.*)
 .ARM.exidx     0x0801065c        0x8 y:/coen20/gcc/bin/../lib/gcc/arm-none-eabi/9.3.1/../../../../arm-none-eabi/lib/thumb/v7e-m+fp/hard/crt0.o
                                 0x10 (size before relaxing)
 .ARM.exidx     0x08010664        0x0 y:/coen20/gcc/bin/../lib/gcc/arm-none-eabi/9.3.1/thumb/v7e-m+fp/hard\libgcc.a(_udivmoddi4.o)
                                  0x8 (size before relaxing)
                0x08010664                __exidx_end = .
                0x08010664                __etext = .

.rel.dyn        0x08010664        0x0
 .rel.iplt      0x08010664        0x0 y:/coen20/gcc/bin/../lib/gcc/arm-none-eabi/9.3.1/thumb/v7e-m+fp/hard/crtbegin.o

.data           0x20000000      0xc60 load address 0x08010664
                0x20000000                __data_start__ = .
 *(vtable)
 *(.data*)
 .data.A        0x20000000       0x34 obj/Lab5D-Main-c.o
 .data.Aindex   0x20000034        0x4 obj/Lab5D-Main-c.o
 .data.R        0x20000038       0x18 obj/Lab5D-Main-c.o
 .data.Rindex   0x20000050        0x4 obj/Lab5D-Main-c.o
 .data.W        0x20000054       0x48 obj/Lab5D-Main-c.o
 .data.adjusts  0x2000009c       0x54 obj/Lab5D-Main-c.o
 .data.message.6649
                0x200000f0       0x2c obj/Lab5D-Main-c.o
 .data.BUTTON_PORT
                0x2000011c        0x4 library.a(stm32f429i_discovery.o)
                0x2000011c                BUTTON_PORT
 .data.I2cxTimeout
                0x20000120        0x4 library.a(stm32f429i_discovery.o)
                0x20000120                I2cxTimeout
 .data.SpixTimeout
                0x20000124        0x4 library.a(stm32f429i_discovery.o)
                0x20000124                SpixTimeout
 .data.Font12   0x20000128        0x8 library.a(stm32f429i_discovery_lcd.o)
                0x20000128                Font12
 .data.Font16   0x20000130        0x8 library.a(stm32f429i_discovery_lcd.o)
                0x20000130                Font16
 .data.Font20   0x20000138        0x8 library.a(stm32f429i_discovery_lcd.o)
                0x20000138                Font20
 .data.Font24   0x20000140        0x8 library.a(stm32f429i_discovery_lcd.o)
                0x20000140                Font24
 .data.context.0
                0x20000148       0x20 library.a(svcHandler.o)
 .data.context.1
                0x20000168       0x20 library.a(svcHandler.o)
 .data.context.3
                0x20000188       0x20 library.a(svcHandler.o)
 .data.context.6
                0x200001a8       0x20 library.a(svcHandler.o)
 .data.lines.2  0x200001c8       0x30 library.a(svcHandler.o)
 .data.lines.5  0x200001f8       0x40 library.a(svcHandler.o)
 .data.SystemCoreClock
                0x20000238        0x4 library.a(system_stm32f4xx.o)
                0x20000238                SystemCoreClock
 .data.x        0x2000023c        0x4 library.a(touch.o)
 .data.y        0x20000240        0x4 library.a(touch.o)
 .data.ili9341_drv
                0x20000244       0x38 library.a(ili9341.o)
                0x20000244                ili9341_drv
 .data.stmpe811_ts_drv
                0x2000027c       0x28 library.a(stmpe811.o)
                0x2000027c                stmpe811_ts_drv
 .data._impure_ptr
                0x200002a4        0x4 y:/coen20/gcc/bin/../lib/gcc/arm-none-eabi/9.3.1/../../../../arm-none-eabi/lib/thumb/v7e-m+fp/hard\libc.a(lib_a-impure.o)
                0x200002a4                _impure_ptr
 .data.impure_data
                0x200002a8      0x428 y:/coen20/gcc/bin/../lib/gcc/arm-none-eabi/9.3.1/../../../../arm-none-eabi/lib/thumb/v7e-m+fp/hard\libc.a(lib_a-impure.o)
 .data.__atexit_recursive_mutex
                0x200006d0        0x4 y:/coen20/gcc/bin/../lib/gcc/arm-none-eabi/9.3.1/../../../../arm-none-eabi/lib/thumb/v7e-m+fp/hard\libc.a(lib_a-__call_atexit.o)
                0x200006d0                __atexit_recursive_mutex
 .data.__malloc_av_
                0x200006d4      0x408 y:/coen20/gcc/bin/../lib/gcc/arm-none-eabi/9.3.1/../../../../arm-none-eabi/lib/thumb/v7e-m+fp/hard\libc.a(lib_a-mallocr.o)
                0x200006d4                __malloc_av_
 .data.__malloc_sbrk_base
                0x20000adc        0x4 y:/coen20/gcc/bin/../lib/gcc/arm-none-eabi/9.3.1/../../../../arm-none-eabi/lib/thumb/v7e-m+fp/hard\libc.a(lib_a-mallocr.o)
                0x20000adc                __malloc_sbrk_base
 .data.__malloc_trim_threshold
                0x20000ae0        0x4 y:/coen20/gcc/bin/../lib/gcc/arm-none-eabi/9.3.1/../../../../arm-none-eabi/lib/thumb/v7e-m+fp/hard\libc.a(lib_a-mallocr.o)
                0x20000ae0                __malloc_trim_threshold
 .data.__global_locale
                0x20000ae4      0x16c y:/coen20/gcc/bin/../lib/gcc/arm-none-eabi/9.3.1/../../../../arm-none-eabi/lib/thumb/v7e-m+fp/hard\libc.a(lib_a-locale.o)
                0x20000ae4                __global_locale
                0x20000c50                . = ALIGN (0x4)
                0x20000c50                PROVIDE (__preinit_array_start = .)
 *(.preinit_array)
                0x20000c50                PROVIDE (__preinit_array_end = .)
                0x20000c50                . = ALIGN (0x4)
                0x20000c50                PROVIDE (__init_array_start = .)
 *(SORT_BY_NAME(.init_array.*))
 .init_array.00000
                0x20000c50        0x4 y:/coen20/gcc/bin/../lib/gcc/arm-none-eabi/9.3.1/../../../../arm-none-eabi/lib/thumb/v7e-m+fp/hard\libc.a(lib_a-__call_atexit.o)
 *(.init_array)
 .init_array    0x20000c54        0x4 y:/coen20/gcc/bin/../lib/gcc/arm-none-eabi/9.3.1/thumb/v7e-m+fp/hard/crtbegin.o
                0x20000c58                PROVIDE (__init_array_end = .)
                0x20000c58                . = ALIGN (0x8)
                0x20000c58                PROVIDE (__fini_array_start = .)
 *(SORT_BY_NAME(.fini_array.*))
 *(.fini_array)
 .fini_array    0x20000c58        0x4 y:/coen20/gcc/bin/../lib/gcc/arm-none-eabi/9.3.1/thumb/v7e-m+fp/hard/crtbegin.o
                0x20000c5c                PROVIDE (__fini_array_end = .)
                0x20000c60                . = ALIGN (0x8)
 *fill*         0x20000c5c        0x4 
                0x20000c60                __data_end__ = .

.igot.plt       0x20000c60        0x0 load address 0x080112c4
 .igot.plt      0x20000c60        0x0 y:/coen20/gcc/bin/../lib/gcc/arm-none-eabi/9.3.1/thumb/v7e-m+fp/hard/crtbegin.o

.bss            0x20000c60    0x1cbbc load address 0x080112c4
                0x20000c60                __bss_start__ = .
 *(.bss*)
 .bss           0x20000c60       0x1c y:/coen20/gcc/bin/../lib/gcc/arm-none-eabi/9.3.1/thumb/v7e-m+fp/hard/crtbegin.o
 .bss.Windex    0x20000c7c        0x4 obj/Lab5D-Main-c.o
 .bss.__fixts__
                0x20000c80        0x4 obj/Lab5D-Main-c.o
                0x20000c80                __fixts__
 .bss.text.6621
                0x20000c84        0x4 obj/Lab5D-Main-c.o
 .bss.text.6625
                0x20000c88        0x4 obj/Lab5D-Main-c.o
 .bss.text.6629
                0x20000c8c        0x4 obj/Lab5D-Main-c.o
 .bss.buffer    0x20000c90      0x620 library.a(initialize.o)
 .bss.txtCol    0x200012b0        0x4 library.a(initialize.o)
 .bss.txtRow    0x200012b4        0x4 library.a(initialize.o)
 .bss.I2cHandle
                0x200012b8       0x3c library.a(stm32f429i_discovery.o)
                0x200012b8                I2cHandle
 .bss.Is_LCD_IO_Initialized
                0x200012f4        0x1 library.a(stm32f429i_discovery.o)
 *fill*         0x200012f5        0x3 
 .bss.SpiHandle
                0x200012f8       0x58 library.a(stm32f429i_discovery.o)
 .bss.ActiveLayer
                0x20001350        0x4 library.a(stm32f429i_discovery_lcd.o)
 .bss.Dma2dHandler
                0x20001354       0x40 library.a(stm32f429i_discovery_lcd.o)
 .bss.DrawProp  0x20001394       0x18 library.a(stm32f429i_discovery_lcd.o)
 .bss.LcdDrv    0x200013ac        0x4 library.a(stm32f429i_discovery_lcd.o)
                0x200013ac                LcdDrv
 .bss.LtdcHandler
                0x200013b0       0xa8 library.a(stm32f429i_discovery_lcd.o)
 .bss.PeriphClkInitStruct
                0x20001458       0x30 library.a(stm32f429i_discovery_lcd.o)
 .bss.Command   0x20001488       0x10 library.a(stm32f429i_discovery_sdram.o)
 .bss.SdramHandle
                0x20001498       0x34 library.a(stm32f429i_discovery_sdram.o)
 .bss.Timing    0x200014cc       0x1c library.a(stm32f429i_discovery_sdram.o)
 .bss.dmaHandle.0
                0x200014e8       0x50 library.a(stm32f429i_discovery_sdram.o)
 .bss.uwTick    0x20001538        0x4 library.a(stm32f4xx_hal.o)
 .bss.rgb       0x2000153c    0x1c200 library.a(svcHandler.o)
                0x2000153c                rgb
 .bss.text.4    0x2001d73c       0x64 library.a(svcHandler.o)
 .bss.TsDrv     0x2001d7a0        0x4 library.a(stm32f429i_discovery_ts.o)
 .bss.TsXBoundary
                0x2001d7a4        0x2 library.a(stm32f429i_discovery_ts.o)
 .bss.TsYBoundary
                0x2001d7a6        0x2 library.a(stm32f429i_discovery_ts.o)
 .bss._x.1      0x2001d7a8        0x4 library.a(stm32f429i_discovery_ts.o)
 .bss._y.0      0x2001d7ac        0x4 library.a(stm32f429i_discovery_ts.o)
 .bss.checked.3
                0x2001d7b0        0x4 library.a(stm32f429i_discovery_ts.o)
 .bss.reversed.2
                0x2001d7b4        0x4 library.a(stm32f429i_discovery_ts.o)
 .bss.stmpe811  0x2001d7b8        0x2 library.a(stmpe811.o)
                0x2001d7b8                stmpe811
 *fill*         0x2001d7ba        0x2 
 .bss.__malloc_current_mallinfo
                0x2001d7bc       0x28 y:/coen20/gcc/bin/../lib/gcc/arm-none-eabi/9.3.1/../../../../arm-none-eabi/lib/thumb/v7e-m+fp/hard\libc.a(lib_a-mallocr.o)
                0x2001d7bc                __malloc_current_mallinfo
 .bss.__malloc_max_sbrked_mem
                0x2001d7e4        0x4 y:/coen20/gcc/bin/../lib/gcc/arm-none-eabi/9.3.1/../../../../arm-none-eabi/lib/thumb/v7e-m+fp/hard\libc.a(lib_a-mallocr.o)
                0x2001d7e4                __malloc_max_sbrked_mem
 .bss.__malloc_max_total_mem
                0x2001d7e8        0x4 y:/coen20/gcc/bin/../lib/gcc/arm-none-eabi/9.3.1/../../../../arm-none-eabi/lib/thumb/v7e-m+fp/hard\libc.a(lib_a-mallocr.o)
                0x2001d7e8                __malloc_max_total_mem
 .bss.__malloc_top_pad
                0x2001d7ec        0x4 y:/coen20/gcc/bin/../lib/gcc/arm-none-eabi/9.3.1/../../../../arm-none-eabi/lib/thumb/v7e-m+fp/hard\libc.a(lib_a-mallocr.o)
                0x2001d7ec                __malloc_top_pad
 .bss.heap_end.5507
                0x2001d7f0        0x4 y:/coen20/gcc/bin/../lib/gcc/arm-none-eabi/9.3.1/../../../../arm-none-eabi/lib/thumb/v7e-m+fp/hard\libnosys.a(sbrk.o)
 *(COMMON)
 COMMON         0x2001d7f4       0x21 y:/coen20/gcc/bin/../lib/gcc/arm-none-eabi/9.3.1/../../../../arm-none-eabi/lib/thumb/v7e-m+fp/hard\libc.a(lib_a-lock.o)
                0x2001d7f4                __lock___atexit_recursive_mutex
                0x2001d7f8                __lock___arc4random_mutex
                0x2001d7fc                __lock___env_recursive_mutex
                0x2001d800                __lock___sinit_recursive_mutex
                0x2001d804                __lock___malloc_recursive_mutex
                0x2001d808                __lock___at_quick_exit_mutex
                0x2001d80c                __lock___dd_hash_mutex
                0x2001d810                __lock___tz_mutex
                0x2001d814                __lock___sfp_recursive_mutex
 *fill*         0x2001d815        0x3 
 COMMON         0x2001d818        0x4 y:/coen20/gcc/bin/../lib/gcc/arm-none-eabi/9.3.1/../../../../arm-none-eabi/lib/thumb/v7e-m+fp/hard\libc.a(lib_a-reent.o)
                0x2001d818                errno
                0x2001d81c                __bss_end__ = .

.ccm            0x10000000        0x0
                0x10000000                . = ALIGN (0x4)
                0x10000000                __ccm_start__ = .
 *(.ccm*)
                0x10000000                . = ALIGN (0x4)
                0x10000000                __ccm_end__ = .

.heap           0x10000000      0xc00
                0x10000000                __end__ = .
                0x10000000                end = __end__
 *(.heap*)
 .heap          0x10000000      0xc00 library.a(startup_stm32f429xx.o)
                0x10000000                __HeapBase
                0x10000c00                __HeapLimit = .

.stack_dummy    0x10000000     0x1000
 *(.stack)
 .stack         0x10000000     0x1000 library.a(startup_stm32f429xx.o)
                0x10010000                __StackTop = (ORIGIN (CCM) + LENGTH (CCM))
                0x1000f000                __StackLimit = (__StackTop - SIZEOF (.stack_dummy))
                0x10010000                PROVIDE (__stack = __StackTop)
                0x00000001                ASSERT ((__StackLimit >= __HeapLimit), region CCM overflowed with stack)
OUTPUT(output.elf elf32-littlearm)
LOAD linker stubs

.ARM.attributes
                0x00000000       0x30
 .ARM.attributes
                0x00000000       0x1e y:/coen20/gcc/bin/../lib/gcc/arm-none-eabi/9.3.1/thumb/v7e-m+fp/hard/crti.o
 .ARM.attributes
                0x0000001e       0x34 y:/coen20/gcc/bin/../lib/gcc/arm-none-eabi/9.3.1/thumb/v7e-m+fp/hard/crtbegin.o
 .ARM.attributes
                0x00000052       0x1c y:/coen20/gcc/bin/../lib/gcc/arm-none-eabi/9.3.1/../../../../arm-none-eabi/lib/thumb/v7e-m+fp/hard/crt0.o
 .ARM.attributes
                0x0000006e       0x34 obj/Lab5D-Main-c.o
 .ARM.attributes
                0x000000a2       0x25 obj/Lab5D-Implementation-s.o
 .ARM.attributes
                0x000000c7       0x34 library.a(initialize.o)
 .ARM.attributes
                0x000000fb       0x34 library.a(stm32f429i_discovery.o)
 .ARM.attributes
                0x0000012f       0x34 library.a(stm32f429i_discovery_lcd.o)
 .ARM.attributes
                0x00000163       0x34 library.a(stm32f429i_discovery_sdram.o)
 .ARM.attributes
                0x00000197       0x34 library.a(stm32f4xx_hal.o)
 .ARM.attributes
                0x000001cb       0x34 library.a(stm32f4xx_hal_cortex.o)
 .ARM.attributes
                0x000001ff       0x34 library.a(stm32f4xx_hal_dma.o)
 .ARM.attributes
                0x00000233       0x34 library.a(stm32f4xx_hal_dma2d.o)
 .ARM.attributes
                0x00000267       0x34 library.a(stm32f4xx_hal_gpio.o)
 .ARM.attributes
                0x0000029b       0x34 library.a(stm32f4xx_hal_i2c.o)
 .ARM.attributes
                0x000002cf       0x34 library.a(stm32f4xx_hal_ltdc.o)
 .ARM.attributes
                0x00000303       0x34 library.a(stm32f4xx_hal_rcc.o)
 .ARM.attributes
                0x00000337       0x34 library.a(stm32f4xx_hal_rcc_ex.o)
 .ARM.attributes
                0x0000036b       0x34 library.a(stm32f4xx_hal_sdram.o)
 .ARM.attributes
                0x0000039f       0x34 library.a(stm32f4xx_hal_spi.o)
 .ARM.attributes
                0x000003d3       0x34 library.a(stm32f4xx_it.o)
 .ARM.attributes
                0x00000407       0x34 library.a(stm32f4xx_ll_fmc.o)
 .ARM.attributes
                0x0000043b       0x34 library.a(svcHandler.o)
 .ARM.attributes
                0x0000046f       0x34 library.a(system_stm32f4xx.o)
 .ARM.attributes
                0x000004a3       0x34 library.a(touch.o)
 .ARM.attributes
                0x000004d7       0x1f library.a(startup_stm32f429xx.o)
 .ARM.attributes
                0x000004f6       0x34 library.a(ili9341.o)
 .ARM.attributes
                0x0000052a       0x34 library.a(stm32f429i_discovery_ts.o)
 .ARM.attributes
                0x0000055e       0x34 library.a(stmpe811.o)
 .ARM.attributes
                0x00000592       0x34 y:/coen20/gcc/bin/../lib/gcc/arm-none-eabi/9.3.1/../../../../arm-none-eabi/lib/thumb/v7e-m+fp/hard\libc.a(lib_a-exit.o)
 .ARM.attributes
                0x000005c6       0x32 y:/coen20/gcc/bin/../lib/gcc/arm-none-eabi/9.3.1/../../../../arm-none-eabi/lib/thumb/v7e-m+fp/hard\libc.a(lib_a-impure.o)
 .ARM.attributes
                0x000005f8       0x34 y:/coen20/gcc/bin/../lib/gcc/arm-none-eabi/9.3.1/../../../../arm-none-eabi/lib/thumb/v7e-m+fp/hard\libc.a(lib_a-init.o)
 .ARM.attributes
                0x0000062c       0x1c y:/coen20/gcc/bin/../lib/gcc/arm-none-eabi/9.3.1/../../../../arm-none-eabi/lib/thumb/v7e-m+fp/hard\libc.a(lib_a-memcpy.o)
 .ARM.attributes
                0x00000648       0x34 y:/coen20/gcc/bin/../lib/gcc/arm-none-eabi/9.3.1/../../../../arm-none-eabi/lib/thumb/v7e-m+fp/hard\libc.a(lib_a-memset.o)
 .ARM.attributes
                0x0000067c       0x34 y:/coen20/gcc/bin/../lib/gcc/arm-none-eabi/9.3.1/../../../../arm-none-eabi/lib/thumb/v7e-m+fp/hard\libc.a(lib_a-sprintf.o)
 .ARM.attributes
                0x000006b0       0x34 y:/coen20/gcc/bin/../lib/gcc/arm-none-eabi/9.3.1/../../../../arm-none-eabi/lib/thumb/v7e-m+fp/hard\libc.a(lib_a-strcpy.o)
 .ARM.attributes
                0x000006e4       0x1c y:/coen20/gcc/bin/../lib/gcc/arm-none-eabi/9.3.1/../../../../arm-none-eabi/lib/thumb/v7e-m+fp/hard\libc.a(lib_a-strlen.o)
 .ARM.attributes
                0x00000700       0x34 y:/coen20/gcc/bin/../lib/gcc/arm-none-eabi/9.3.1/../../../../arm-none-eabi/lib/thumb/v7e-m+fp/hard\libc.a(lib_a-svfprintf.o)
 .ARM.attributes
                0x00000734       0x34 y:/coen20/gcc/bin/../lib/gcc/arm-none-eabi/9.3.1/../../../../arm-none-eabi/lib/thumb/v7e-m+fp/hard\libc.a(lib_a-wsetup.o)
 .ARM.attributes
                0x00000768       0x34 y:/coen20/gcc/bin/../lib/gcc/arm-none-eabi/9.3.1/../../../../arm-none-eabi/lib/thumb/v7e-m+fp/hard\libc.a(lib_a-__call_atexit.o)
 .ARM.attributes
                0x0000079c       0x34 y:/coen20/gcc/bin/../lib/gcc/arm-none-eabi/9.3.1/../../../../arm-none-eabi/lib/thumb/v7e-m+fp/hard\libc.a(lib_a-atexit.o)
 .ARM.attributes
                0x000007d0       0x34 y:/coen20/gcc/bin/../lib/gcc/arm-none-eabi/9.3.1/../../../../arm-none-eabi/lib/thumb/v7e-m+fp/hard\libc.a(lib_a-dtoa.o)
 .ARM.attributes
                0x00000804       0x34 y:/coen20/gcc/bin/../lib/gcc/arm-none-eabi/9.3.1/../../../../arm-none-eabi/lib/thumb/v7e-m+fp/hard\libc.a(lib_a-fflush.o)
 .ARM.attributes
                0x00000838       0x34 y:/coen20/gcc/bin/../lib/gcc/arm-none-eabi/9.3.1/../../../../arm-none-eabi/lib/thumb/v7e-m+fp/hard\libc.a(lib_a-findfp.o)
 .ARM.attributes
                0x0000086c       0x34 y:/coen20/gcc/bin/../lib/gcc/arm-none-eabi/9.3.1/../../../../arm-none-eabi/lib/thumb/v7e-m+fp/hard\libc.a(lib_a-fini.o)
 .ARM.attributes
                0x000008a0       0x34 y:/coen20/gcc/bin/../lib/gcc/arm-none-eabi/9.3.1/../../../../arm-none-eabi/lib/thumb/v7e-m+fp/hard\libc.a(lib_a-freer.o)
 .ARM.attributes
                0x000008d4       0x34 y:/coen20/gcc/bin/../lib/gcc/arm-none-eabi/9.3.1/../../../../arm-none-eabi/lib/thumb/v7e-m+fp/hard\libc.a(lib_a-fwalk.o)
 .ARM.attributes
                0x00000908       0x34 y:/coen20/gcc/bin/../lib/gcc/arm-none-eabi/9.3.1/../../../../arm-none-eabi/lib/thumb/v7e-m+fp/hard\libc.a(lib_a-localeconv.o)
 .ARM.attributes
                0x0000093c       0x34 y:/coen20/gcc/bin/../lib/gcc/arm-none-eabi/9.3.1/../../../../arm-none-eabi/lib/thumb/v7e-m+fp/hard\libc.a(lib_a-lock.o)
 .ARM.attributes
                0x00000970       0x34 y:/coen20/gcc/bin/../lib/gcc/arm-none-eabi/9.3.1/../../../../arm-none-eabi/lib/thumb/v7e-m+fp/hard\libc.a(lib_a-makebuf.o)
 .ARM.attributes
                0x000009a4       0x34 y:/coen20/gcc/bin/../lib/gcc/arm-none-eabi/9.3.1/../../../../arm-none-eabi/lib/thumb/v7e-m+fp/hard\libc.a(lib_a-mallocr.o)
 .ARM.attributes
                0x000009d8       0x1c y:/coen20/gcc/bin/../lib/gcc/arm-none-eabi/9.3.1/../../../../arm-none-eabi/lib/thumb/v7e-m+fp/hard\libc.a(lib_a-memchr.o)
 .ARM.attributes
                0x000009f4       0x34 y:/coen20/gcc/bin/../lib/gcc/arm-none-eabi/9.3.1/../../../../arm-none-eabi/lib/thumb/v7e-m+fp/hard\libc.a(lib_a-mlock.o)
 .ARM.attributes
                0x00000a28       0x34 y:/coen20/gcc/bin/../lib/gcc/arm-none-eabi/9.3.1/../../../../arm-none-eabi/lib/thumb/v7e-m+fp/hard\libc.a(lib_a-mprec.o)
 .ARM.attributes
                0x00000a5c       0x34 y:/coen20/gcc/bin/../lib/gcc/arm-none-eabi/9.3.1/../../../../arm-none-eabi/lib/thumb/v7e-m+fp/hard\libc.a(lib_a-s_frexp.o)
 .ARM.attributes
                0x00000a90       0x34 y:/coen20/gcc/bin/../lib/gcc/arm-none-eabi/9.3.1/../../../../arm-none-eabi/lib/thumb/v7e-m+fp/hard\libc.a(lib_a-sbrkr.o)
 .ARM.attributes
                0x00000ac4       0x34 y:/coen20/gcc/bin/../lib/gcc/arm-none-eabi/9.3.1/../../../../arm-none-eabi/lib/thumb/v7e-m+fp/hard\libc.a(lib_a-stdio.o)
 .ARM.attributes
                0x00000af8       0x34 y:/coen20/gcc/bin/../lib/gcc/arm-none-eabi/9.3.1/../../../../arm-none-eabi/lib/thumb/v7e-m+fp/hard\libc.a(lib_a-strncpy.o)
 .ARM.attributes
                0x00000b2c       0x34 y:/coen20/gcc/bin/../lib/gcc/arm-none-eabi/9.3.1/../../../../arm-none-eabi/lib/thumb/v7e-m+fp/hard\libc.a(lib_a-svfiprintf.o)
 .ARM.attributes
                0x00000b60       0x34 y:/coen20/gcc/bin/../lib/gcc/arm-none-eabi/9.3.1/../../../../arm-none-eabi/lib/thumb/v7e-m+fp/hard\libc.a(lib_a-vfiprintf.o)
 .ARM.attributes
                0x00000b94       0x34 y:/coen20/gcc/bin/../lib/gcc/arm-none-eabi/9.3.1/../../../../arm-none-eabi/lib/thumb/v7e-m+fp/hard\libc.a(lib_a-writer.o)
 .ARM.attributes
                0x00000bc8       0x34 y:/coen20/gcc/bin/../lib/gcc/arm-none-eabi/9.3.1/../../../../arm-none-eabi/lib/thumb/v7e-m+fp/hard\libc.a(lib_a-__atexit.o)
 .ARM.attributes
                0x00000bfc       0x34 y:/coen20/gcc/bin/../lib/gcc/arm-none-eabi/9.3.1/../../../../arm-none-eabi/lib/thumb/v7e-m+fp/hard\libc.a(lib_a-assert.o)
 .ARM.attributes
                0x00000c30       0x34 y:/coen20/gcc/bin/../lib/gcc/arm-none-eabi/9.3.1/../../../../arm-none-eabi/lib/thumb/v7e-m+fp/hard\libc.a(lib_a-callocr.o)
 .ARM.attributes
                0x00000c64       0x34 y:/coen20/gcc/bin/../lib/gcc/arm-none-eabi/9.3.1/../../../../arm-none-eabi/lib/thumb/v7e-m+fp/hard\libc.a(lib_a-closer.o)
 .ARM.attributes
                0x00000c98       0x34 y:/coen20/gcc/bin/../lib/gcc/arm-none-eabi/9.3.1/../../../../arm-none-eabi/lib/thumb/v7e-m+fp/hard\libc.a(lib_a-fclose.o)
 .ARM.attributes
                0x00000ccc       0x34 y:/coen20/gcc/bin/../lib/gcc/arm-none-eabi/9.3.1/../../../../arm-none-eabi/lib/thumb/v7e-m+fp/hard\libc.a(lib_a-fiprintf.o)
 .ARM.attributes
                0x00000d00       0x34 y:/coen20/gcc/bin/../lib/gcc/arm-none-eabi/9.3.1/../../../../arm-none-eabi/lib/thumb/v7e-m+fp/hard\libc.a(lib_a-fputwc.o)
 .ARM.attributes
                0x00000d34       0x34 y:/coen20/gcc/bin/../lib/gcc/arm-none-eabi/9.3.1/../../../../arm-none-eabi/lib/thumb/v7e-m+fp/hard\libc.a(lib_a-fstatr.o)
 .ARM.attributes
                0x00000d68       0x34 y:/coen20/gcc/bin/../lib/gcc/arm-none-eabi/9.3.1/../../../../arm-none-eabi/lib/thumb/v7e-m+fp/hard\libc.a(lib_a-fvwrite.o)
 .ARM.attributes
                0x00000d9c       0x34 y:/coen20/gcc/bin/../lib/gcc/arm-none-eabi/9.3.1/../../../../arm-none-eabi/lib/thumb/v7e-m+fp/hard\libc.a(lib_a-isattyr.o)
 .ARM.attributes
                0x00000dd0       0x34 y:/coen20/gcc/bin/../lib/gcc/arm-none-eabi/9.3.1/../../../../arm-none-eabi/lib/thumb/v7e-m+fp/hard\libc.a(lib_a-locale.o)
 .ARM.attributes
                0x00000e04       0x34 y:/coen20/gcc/bin/../lib/gcc/arm-none-eabi/9.3.1/../../../../arm-none-eabi/lib/thumb/v7e-m+fp/hard\libc.a(lib_a-lseekr.o)
 .ARM.attributes
                0x00000e38       0x34 y:/coen20/gcc/bin/../lib/gcc/arm-none-eabi/9.3.1/../../../../arm-none-eabi/lib/thumb/v7e-m+fp/hard\libc.a(lib_a-mbtowc_r.o)
 .ARM.attributes
                0x00000e6c       0x34 y:/coen20/gcc/bin/../lib/gcc/arm-none-eabi/9.3.1/../../../../arm-none-eabi/lib/thumb/v7e-m+fp/hard\libc.a(lib_a-memmove.o)
 .ARM.attributes
                0x00000ea0       0x34 y:/coen20/gcc/bin/../lib/gcc/arm-none-eabi/9.3.1/../../../../arm-none-eabi/lib/thumb/v7e-m+fp/hard\libc.a(lib_a-readr.o)
 .ARM.attributes
                0x00000ed4       0x34 y:/coen20/gcc/bin/../lib/gcc/arm-none-eabi/9.3.1/../../../../arm-none-eabi/lib/thumb/v7e-m+fp/hard\libc.a(lib_a-reallocr.o)
 .ARM.attributes
                0x00000f08       0x34 y:/coen20/gcc/bin/../lib/gcc/arm-none-eabi/9.3.1/../../../../arm-none-eabi/lib/thumb/v7e-m+fp/hard\libc.a(lib_a-reent.o)
 .ARM.attributes
                0x00000f3c       0x34 y:/coen20/gcc/bin/../lib/gcc/arm-none-eabi/9.3.1/../../../../arm-none-eabi/lib/thumb/v7e-m+fp/hard\libc.a(lib_a-wbuf.o)
 .ARM.attributes
                0x00000f70       0x34 y:/coen20/gcc/bin/../lib/gcc/arm-none-eabi/9.3.1/../../../../arm-none-eabi/lib/thumb/v7e-m+fp/hard\libc.a(lib_a-wcrtomb.o)
 .ARM.attributes
                0x00000fa4       0x34 y:/coen20/gcc/bin/../lib/gcc/arm-none-eabi/9.3.1/../../../../arm-none-eabi/lib/thumb/v7e-m+fp/hard\libc.a(lib_a-wctomb_r.o)
 .ARM.attributes
                0x00000fd8       0x34 y:/coen20/gcc/bin/../lib/gcc/arm-none-eabi/9.3.1/../../../../arm-none-eabi/lib/thumb/v7e-m+fp/hard\libc.a(lib_a-abort.o)
 .ARM.attributes
                0x0000100c       0x32 y:/coen20/gcc/bin/../lib/gcc/arm-none-eabi/9.3.1/../../../../arm-none-eabi/lib/thumb/v7e-m+fp/hard\libc.a(lib_a-ctype_.o)
 .ARM.attributes
                0x0000103e       0x34 y:/coen20/gcc/bin/../lib/gcc/arm-none-eabi/9.3.1/../../../../arm-none-eabi/lib/thumb/v7e-m+fp/hard\libc.a(lib_a-signal.o)
 .ARM.attributes
                0x00001072       0x34 y:/coen20/gcc/bin/../lib/gcc/arm-none-eabi/9.3.1/../../../../arm-none-eabi/lib/thumb/v7e-m+fp/hard\libc.a(lib_a-signalr.o)
 .ARM.attributes
                0x000010a6       0x34 y:/coen20/gcc/bin/../lib/gcc/arm-none-eabi/9.3.1/../../../../arm-none-eabi/lib/thumb/v7e-m+fp/hard\libnosys.a(sbrk.o)
 .ARM.attributes
                0x000010da       0x34 y:/coen20/gcc/bin/../lib/gcc/arm-none-eabi/9.3.1/../../../../arm-none-eabi/lib/thumb/v7e-m+fp/hard\libnosys.a(_exit.o)
 .ARM.attributes
                0x0000110e       0x1e y:/coen20/gcc/bin/../lib/gcc/arm-none-eabi/9.3.1/thumb/v7e-m+fp/hard\libgcc.a(_arm_addsubdf3.o)
 .ARM.attributes
                0x0000112c       0x1e y:/coen20/gcc/bin/../lib/gcc/arm-none-eabi/9.3.1/thumb/v7e-m+fp/hard\libgcc.a(_arm_muldivdf3.o)
 .ARM.attributes
                0x0000114a       0x1e y:/coen20/gcc/bin/../lib/gcc/arm-none-eabi/9.3.1/thumb/v7e-m+fp/hard\libgcc.a(_arm_cmpdf2.o)
 .ARM.attributes
                0x00001168       0x1e y:/coen20/gcc/bin/../lib/gcc/arm-none-eabi/9.3.1/thumb/v7e-m+fp/hard\libgcc.a(_arm_unorddf2.o)
 .ARM.attributes
                0x00001186       0x1e y:/coen20/gcc/bin/../lib/gcc/arm-none-eabi/9.3.1/thumb/v7e-m+fp/hard\libgcc.a(_arm_fixdfsi.o)
 .ARM.attributes
                0x000011a4       0x1e y:/coen20/gcc/bin/../lib/gcc/arm-none-eabi/9.3.1/thumb/v7e-m+fp/hard\libgcc.a(_aeabi_uldivmod.o)
 .ARM.attributes
                0x000011c2       0x34 y:/coen20/gcc/bin/../lib/gcc/arm-none-eabi/9.3.1/thumb/v7e-m+fp/hard\libgcc.a(_udivmoddi4.o)
 .ARM.attributes
                0x000011f6       0x1e y:/coen20/gcc/bin/../lib/gcc/arm-none-eabi/9.3.1/thumb/v7e-m+fp/hard\libgcc.a(_dvmd_tls.o)
 .ARM.attributes
                0x00001214       0x32 y:/coen20/gcc/bin/../lib/gcc/arm-none-eabi/9.3.1/thumb/v7e-m+fp/hard/crtend.o
 .ARM.attributes
                0x00001246       0x1e y:/coen20/gcc/bin/../lib/gcc/arm-none-eabi/9.3.1/thumb/v7e-m+fp/hard/crtn.o

.comment        0x00000000       0x7f
 .comment       0x00000000       0x4c obj/Lab5D-Main-c.o
                                 0x4d (size before relaxing)
 .comment       0x0000004c       0x33 library.a(initialize.o)
                                 0x34 (size before relaxing)
 .comment       0x0000007f       0x34 library.a(stm32f429i_discovery.o)
 .comment       0x0000007f       0x34 library.a(stm32f429i_discovery_lcd.o)
 .comment       0x0000007f       0x34 library.a(stm32f429i_discovery_sdram.o)
 .comment       0x0000007f       0x34 library.a(stm32f4xx_hal.o)
 .comment       0x0000007f       0x34 library.a(stm32f4xx_hal_cortex.o)
 .comment       0x0000007f       0x34 library.a(stm32f4xx_hal_dma.o)
 .comment       0x0000007f       0x34 library.a(stm32f4xx_hal_dma2d.o)
 .comment       0x0000007f       0x34 library.a(stm32f4xx_hal_gpio.o)
 .comment       0x0000007f       0x34 library.a(stm32f4xx_hal_i2c.o)
 .comment       0x0000007f       0x34 library.a(stm32f4xx_hal_ltdc.o)
 .comment       0x0000007f       0x34 library.a(stm32f4xx_hal_rcc.o)
 .comment       0x0000007f       0x34 library.a(stm32f4xx_hal_rcc_ex.o)
 .comment       0x0000007f       0x34 library.a(stm32f4xx_hal_sdram.o)
 .comment       0x0000007f       0x34 library.a(stm32f4xx_hal_spi.o)
 .comment       0x0000007f       0x34 library.a(stm32f4xx_it.o)
 .comment       0x0000007f       0x34 library.a(stm32f4xx_ll_fmc.o)
 .comment       0x0000007f       0x34 library.a(svcHandler.o)
 .comment       0x0000007f       0x34 library.a(system_stm32f4xx.o)
 .comment       0x0000007f       0x34 library.a(touch.o)
 .comment       0x0000007f       0x34 library.a(ili9341.o)
 .comment       0x0000007f       0x34 library.a(stm32f429i_discovery_ts.o)
 .comment       0x0000007f       0x34 library.a(stmpe811.o)

.debug_frame    0x00000000     0x1648
 .debug_frame   0x00000000       0x28 y:/coen20/gcc/bin/../lib/gcc/arm-none-eabi/9.3.1/../../../../arm-none-eabi/lib/thumb/v7e-m+fp/hard\libc.a(lib_a-exit.o)
 .debug_frame   0x00000028       0x2c y:/coen20/gcc/bin/../lib/gcc/arm-none-eabi/9.3.1/../../../../arm-none-eabi/lib/thumb/v7e-m+fp/hard\libc.a(lib_a-init.o)
 .debug_frame   0x00000054       0x38 y:/coen20/gcc/bin/../lib/gcc/arm-none-eabi/9.3.1/../../../../arm-none-eabi/lib/thumb/v7e-m+fp/hard\libc.a(lib_a-memset.o)
 .debug_frame   0x0000008c       0x7c y:/coen20/gcc/bin/../lib/gcc/arm-none-eabi/9.3.1/../../../../arm-none-eabi/lib/thumb/v7e-m+fp/hard\libc.a(lib_a-sprintf.o)
 .debug_frame   0x00000108       0x20 y:/coen20/gcc/bin/../lib/gcc/arm-none-eabi/9.3.1/../../../../arm-none-eabi/lib/thumb/v7e-m+fp/hard\libc.a(lib_a-strcpy.o)
 .debug_frame   0x00000128       0x68 y:/coen20/gcc/bin/../lib/gcc/arm-none-eabi/9.3.1/../../../../arm-none-eabi/lib/thumb/v7e-m+fp/hard\libc.a(lib_a-svfprintf.o)
 .debug_frame   0x00000190       0x2c y:/coen20/gcc/bin/../lib/gcc/arm-none-eabi/9.3.1/../../../../arm-none-eabi/lib/thumb/v7e-m+fp/hard\libc.a(lib_a-wsetup.o)
 .debug_frame   0x000001bc       0x68 y:/coen20/gcc/bin/../lib/gcc/arm-none-eabi/9.3.1/../../../../arm-none-eabi/lib/thumb/v7e-m+fp/hard\libc.a(lib_a-__call_atexit.o)
 .debug_frame   0x00000224       0x20 y:/coen20/gcc/bin/../lib/gcc/arm-none-eabi/9.3.1/../../../../arm-none-eabi/lib/thumb/v7e-m+fp/hard\libc.a(lib_a-atexit.o)
 .debug_frame   0x00000244       0xc4 y:/coen20/gcc/bin/../lib/gcc/arm-none-eabi/9.3.1/../../../../arm-none-eabi/lib/thumb/v7e-m+fp/hard\libc.a(lib_a-dtoa.o)
 .debug_frame   0x00000308       0x5c y:/coen20/gcc/bin/../lib/gcc/arm-none-eabi/9.3.1/../../../../arm-none-eabi/lib/thumb/v7e-m+fp/hard\libc.a(lib_a-fflush.o)
 .debug_frame   0x00000364      0x14c y:/coen20/gcc/bin/../lib/gcc/arm-none-eabi/9.3.1/../../../../arm-none-eabi/lib/thumb/v7e-m+fp/hard\libc.a(lib_a-findfp.o)
 .debug_frame   0x000004b0       0x34 y:/coen20/gcc/bin/../lib/gcc/arm-none-eabi/9.3.1/../../../../arm-none-eabi/lib/thumb/v7e-m+fp/hard\libc.a(lib_a-fini.o)
 .debug_frame   0x000004e4       0x8c y:/coen20/gcc/bin/../lib/gcc/arm-none-eabi/9.3.1/../../../../arm-none-eabi/lib/thumb/v7e-m+fp/hard\libc.a(lib_a-freer.o)
 .debug_frame   0x00000570       0x54 y:/coen20/gcc/bin/../lib/gcc/arm-none-eabi/9.3.1/../../../../arm-none-eabi/lib/thumb/v7e-m+fp/hard\libc.a(lib_a-fwalk.o)