Archive member included to satisfy reference by file (symbol)

library.a(initialize.o)       obj/Lab7D-Main-c.o (ClearDisplay)
library.a(stm32f429i_discovery.o)
                              library.a(initialize.o) (BSP_PB_Init)
library.a(stm32f429i_discovery_lcd.o)
                              library.a(initialize.o) (BSP_LCD_LayerDefaultInit)
library.a(stm32f429i_discovery_sdram.o)
                              library.a(stm32f429i_discovery_lcd.o) (BSP_SDRAM_Init)
library.a(stm32f4xx_hal.o)    library.a(initialize.o) (HAL_Init)
library.a(stm32f4xx_hal_cortex.o)
                              library.a(stm32f4xx_hal.o) (HAL_NVIC_SetPriorityGrouping)
library.a(stm32f4xx_hal_dma.o)
                              library.a(stm32f429i_discovery_sdram.o) (HAL_DMA_Init)
library.a(stm32f4xx_hal_dma2d.o)
                              library.a(stm32f429i_discovery_lcd.o) (HAL_DMA2D_Init)
library.a(stm32f4xx_hal_gpio.o)
                              library.a(stm32f429i_discovery.o) (HAL_GPIO_Init)
library.a(stm32f4xx_hal_i2c.o)
                              library.a(stm32f429i_discovery.o) (HAL_I2C_Init)
library.a(stm32f4xx_hal_ltdc.o)
                              library.a(stm32f429i_discovery_lcd.o) (HAL_LTDC_Init)
library.a(stm32f4xx_hal_rcc.o)
                              library.a(initialize.o) (HAL_RCC_OscConfig)
library.a(stm32f4xx_hal_rcc_ex.o)
                              library.a(stm32f429i_discovery_lcd.o) (HAL_RCCEx_PeriphCLKConfig)
library.a(stm32f4xx_hal_sdram.o)
                              library.a(stm32f429i_discovery_sdram.o) (HAL_SDRAM_Init)
library.a(stm32f4xx_hal_spi.o)
                              library.a(stm32f429i_discovery.o) (HAL_SPI_Init)
library.a(stm32f4xx_it.o)     library.a(initialize.o) (IncludeThis)
library.a(stm32f4xx_ll_fmc.o)
                              library.a(stm32f4xx_hal_sdram.o) (FMC_SDRAM_Init)
library.a(svcHandler.o)       library.a(stm32f4xx_it.o) (SVC_Exception)
library.a(system_stm32f4xx.o)
                              library.a(stm32f4xx_hal_rcc.o) (SystemCoreClock)
library.a(startup_stm32f429xx.o)
                              library.a(initialize.o) (Reset_Handler)
library.a(ili9341.o)          library.a(stm32f429i_discovery_lcd.o) (ili9341_drv)
y:/coen20/gcc/bin/../lib/gcc/arm-none-eabi/9.3.1/../../../../arm-none-eabi/lib/thumb/v7e-m+fp/hard\libc.a(lib_a-exit.o)
                              y:/coen20/gcc/bin/../lib/gcc/arm-none-eabi/9.3.1/../../../../arm-none-eabi/lib/thumb/v7e-m+fp/hard/crt0.o (exit)
y:/coen20/gcc/bin/../lib/gcc/arm-none-eabi/9.3.1/../../../../arm-none-eabi/lib/thumb/v7e-m+fp/hard\libc.a(lib_a-impure.o)
                              y:/coen20/gcc/bin/../lib/gcc/arm-none-eabi/9.3.1/../../../../arm-none-eabi/lib/thumb/v7e-m+fp/hard\libc.a(lib_a-exit.o) (_global_impure_ptr)
y:/coen20/gcc/bin/../lib/gcc/arm-none-eabi/9.3.1/../../../../arm-none-eabi/lib/thumb/v7e-m+fp/hard\libc.a(lib_a-init.o)
                              y:/coen20/gcc/bin/../lib/gcc/arm-none-eabi/9.3.1/../../../../arm-none-eabi/lib/thumb/v7e-m+fp/hard/crt0.o (__libc_init_array)
y:/coen20/gcc/bin/../lib/gcc/arm-none-eabi/9.3.1/../../../../arm-none-eabi/lib/thumb/v7e-m+fp/hard\libc.a(lib_a-memcpy.o)
                              library.a(svcHandler.o) (memcpy)
y:/coen20/gcc/bin/../lib/gcc/arm-none-eabi/9.3.1/../../../../arm-none-eabi/lib/thumb/v7e-m+fp/hard\libc.a(lib_a-memset.o)
                              y:/coen20/gcc/bin/../lib/gcc/arm-none-eabi/9.3.1/../../../../arm-none-eabi/lib/thumb/v7e-m+fp/hard/crt0.o (memset)
y:/coen20/gcc/bin/../lib/gcc/arm-none-eabi/9.3.1/../../../../arm-none-eabi/lib/thumb/v7e-m+fp/hard\libc.a(lib_a-printf.o)
                              library.a(initialize.o) (printf)
y:/coen20/gcc/bin/../lib/gcc/arm-none-eabi/9.3.1/../../../../arm-none-eabi/lib/thumb/v7e-m+fp/hard\libc.a(lib_a-sprintf.o)
                              obj/Lab7D-Main-c.o (sprintf)
y:/coen20/gcc/bin/../lib/gcc/arm-none-eabi/9.3.1/../../../../arm-none-eabi/lib/thumb/v7e-m+fp/hard\libc.a(lib_a-strcpy.o)
                              library.a(initialize.o) (strcpy)
y:/coen20/gcc/bin/../lib/gcc/arm-none-eabi/9.3.1/../../../../arm-none-eabi/lib/thumb/v7e-m+fp/hard\libc.a(lib_a-strlen.o)
                              obj/Lab7D-Main-c.o (strlen)
y:/coen20/gcc/bin/../lib/gcc/arm-none-eabi/9.3.1/../../../../arm-none-eabi/lib/thumb/v7e-m+fp/hard\libc.a(lib_a-svfprintf.o)
                              y:/coen20/gcc/bin/../lib/gcc/arm-none-eabi/9.3.1/../../../../arm-none-eabi/lib/thumb/v7e-m+fp/hard\libc.a(lib_a-sprintf.o) (_svfprintf_r)
y:/coen20/gcc/bin/../lib/gcc/arm-none-eabi/9.3.1/../../../../arm-none-eabi/lib/thumb/v7e-m+fp/hard\libc.a(lib_a-vfprintf.o)
                              y:/coen20/gcc/bin/../lib/gcc/arm-none-eabi/9.3.1/../../../../arm-none-eabi/lib/thumb/v7e-m+fp/hard\libc.a(lib_a-printf.o) (_vfprintf_r)
y:/coen20/gcc/bin/../lib/gcc/arm-none-eabi/9.3.1/../../../../arm-none-eabi/lib/thumb/v7e-m+fp/hard\libc.a(lib_a-wsetup.o)
[...]
Memory Configuration

Name             Origin             Length             Attributes
ROM              0x08000000         0x00200000         xr
RAM              0x20000000         0x00030000         xrw
CCM              0x10000000         0x00010000         xrw
*default*        0x00000000         0xffffffff

Linker script and memory map

LOAD y:/coen20/gcc/bin/../lib/gcc/arm-none-eabi/9.3.1/thumb/v7e-m+fp/hard/crti.o
LOAD y:/coen20/gcc/bin/../lib/gcc/arm-none-eabi/9.3.1/thumb/v7e-m+fp/hard/crtbegin.o
LOAD y:/coen20/gcc/bin/../lib/gcc/arm-none-eabi/9.3.1/../../../../arm-none-eabi/lib/thumb/v7e-m+fp/hard/crt0.o
LOAD obj/Lab7D-Main-c.o
LOAD obj/Lab7D-Implementation-s.o
LOAD library.a
LOAD library.a
LOAD y:/coen20/gcc/bin/../lib/gcc/arm-none-eabi/9.3.1/../../../../arm-none-eabi/lib/thumb/v7e-m+fp/hard\libm.a
LOAD y:/coen20/gcc/bin/../lib/gcc/arm-none-eabi/9.3.1/../../../../arm-none-eabi/lib/thumb/v7e-m+fp/hard\libc.a
LOAD y:/coen20/gcc/bin/../lib/gcc/arm-none-eabi/9.3.1/../../../../arm-none-eabi/lib/thumb/v7e-m+fp/hard\libnosys.a
LOAD y:/coen20/gcc/bin/../lib/gcc/arm-none-eabi/9.3.1/../../../../arm-none-eabi/lib/thumb/v7e-m+fp/hard\libc.a
START GROUP
LOAD y:/coen20/gcc/bin/../lib/gcc/arm-none-eabi/9.3.1/thumb/v7e-m+fp/hard\libgcc.a
LOAD y:/coen20/gcc/bin/../lib/gcc/arm-none-eabi/9.3.1/../../../../arm-none-eabi/lib/thumb/v7e-m+fp/hard\libc.a
END GROUP
LOAD y:/coen20/gcc/bin/../lib/gcc/arm-none-eabi/9.3.1/thumb/v7e-m+fp/hard/crtend.o
LOAD y:/coen20/gcc/bin/../lib/gcc/arm-none-eabi/9.3.1/thumb/v7e-m+fp/hard/crtn.o

.text           0x08000000     0xef54
 *(.isr_vector)
 .isr_vector    0x08000000      0x1ac library.a(startup_stm32f429xx.o)
                0x08000000                __isr_vector
 *(.text*)
 .text          0x080001ac       0x40 y:/coen20/gcc/bin/../lib/gcc/arm-none-eabi/9.3.1/thumb/v7e-m+fp/hard/crtbegin.o
 .text          0x080001ec       0x7c y:/coen20/gcc/bin/../lib/gcc/arm-none-eabi/9.3.1/../../../../arm-none-eabi/lib/thumb/v7e-m+fp/hard/crt0.o
                0x080001ec                _stack_init
                0x080001f4                _start
                0x080001f4                _mainCRTStartup
 .text.startup.main
                0x08000268       0x74 obj/Lab7D-Main-c.o
                0x08000268                main
 .text.CreatePath
                0x080002dc      0x15c obj/Lab7D-Main-c.o
 .text.DrawMaze
                0x08000438       0xa8 obj/Lab7D-Main-c.o
 .text.PlayGame
                0x080004e0      0x174 obj/Lab7D-Main-c.o
 .text.MoveBall
                0x08000654      0x1f8 obj/Lab7D-Main-c.o
 .text.SanityChecksOK
                0x0800084c      0x138 obj/Lab7D-Main-c.o
 .text.InitializeGyroscope
                0x08000984       0x44 obj/Lab7D-Main-c.o
 .text.CalibrateGyroscope
                0x080009c8       0xf0 obj/Lab7D-Main-c.o
 .text.InitializeMaze.part.0
                0x08000ab8       0x78 obj/Lab7D-Main-c.o
 .text          0x08000b30       0x2c obj/Lab7D-Implementation-s.o
                0x08000b30                PutNibble
                0x08000b4c                GetNibble
 .text.TextRows
                0x08000b5c       0x12 library.a(initialize.o)
 .text._close   0x08000b6e        0x2 library.a(initialize.o)
                0x08000b6e                _close
 .text._fstat   0x08000b70        0x2 library.a(initialize.o)
                0x08000b70                _fstat
 .text._getpid  0x08000b72        0x2 library.a(initialize.o)
                0x08000b72                _getpid
 .text._isatty  0x08000b74        0x2 library.a(initialize.o)
                0x08000b74                _isatty
 .text._kill    0x08000b76        0x2 library.a(initialize.o)
                0x08000b76                _kill
 .text._lseek   0x08000b78        0x2 library.a(initialize.o)
                0x08000b78                _lseek
 .text._read    0x08000b7a        0x2 library.a(initialize.o)
                0x08000b7a                _read
 .text.ClearDisplay
                0x08000b7c       0x34 library.a(initialize.o)
                0x08000b7c                ClearDisplay
 .text.DisplayHeader
                0x08000bb0       0x7c library.a(initialize.o)
                0x08000bb0                DisplayHeader
 .text.DisplayFooter
                0x08000c2c       0x58 library.a(initialize.o)
                0x08000c2c                DisplayFooter
 .text._write   0x08000c84      0x104 library.a(initialize.o)
                0x08000c84                _write
 .text.InitializeHardware
                0x08000d88      0x124 library.a(initialize.o)
                0x08000d88                InitializeHardware
 .text.WaitForPushButton
                0x08000eac       0x18 library.a(initialize.o)
                0x08000eac                WaitForPushButton
 .text.PushButtonPressed
                0x08000ec4       0x10 library.a(initialize.o)
                0x08000ec4                PushButtonPressed
 .text.GetClockCycleCount
                0x08000ed4        0xc library.a(initialize.o)
                0x08000ed4                GetClockCycleCount
 .text.GetRandomNumber
                0x08000ee0       0x14 library.a(initialize.o)
                0x08000ee0                GetRandomNumber
 .text.SPIx_Init
                0x08000ef4       0x98 library.a(stm32f429i_discovery.o)
 .text.SPIx_Write
                0x08000f8c       0x30 library.a(stm32f429i_discovery.o)
 .text.SPIx_WriteRead
                0x08000fbc       0x40 library.a(stm32f429i_discovery.o)
 .text.BSP_PB_Init
                0x08000ffc       0x70 library.a(stm32f429i_discovery.o)
                0x08000ffc                BSP_PB_Init
 .text.BSP_PB_GetState
                0x0800106c       0x14 library.a(stm32f429i_discovery.o)
                0x0800106c                BSP_PB_GetState
 .text.LCD_IO_Init
                0x08001080       0xb0 library.a(stm32f429i_discovery.o)
                0x08001080                LCD_IO_Init
 .text.LCD_IO_WriteData
                0x08001130       0x38 library.a(stm32f429i_discovery.o)
                0x08001130                LCD_IO_WriteData
 .text.LCD_IO_WriteReg
                0x08001168       0x38 library.a(stm32f429i_discovery.o)
                0x08001168                LCD_IO_WriteReg
 .text.LCD_IO_ReadData
                0x080011a0       0x6c library.a(stm32f429i_discovery.o)
                0x080011a0                LCD_IO_ReadData
 .text.LCD_Delay
                0x0800120c        0x4 library.a(stm32f429i_discovery.o)
                0x0800120c                LCD_Delay
 .text.GYRO_IO_Init
                0x08001210       0x6c library.a(stm32f429i_discovery.o)
                0x08001210                GYRO_IO_Init
 .text.GYRO_IO_Write
                0x0800127c       0x44 library.a(stm32f429i_discovery.o)
                0x0800127c                GYRO_IO_Write
 .text.GYRO_IO_Read
                0x080012c0       0x48 library.a(stm32f429i_discovery.o)
                0x080012c0                GYRO_IO_Read
 .text.FillBuffer
                0x08001308       0x64 library.a(stm32f429i_discovery_lcd.o)
 .text.BSP_LCD_GetXSize
                0x0800136c       0x10 library.a(stm32f429i_discovery_lcd.o)
                0x0800136c                BSP_LCD_GetXSize
 .text.BSP_LCD_GetYSize
                0x0800137c       0x10 library.a(stm32f429i_discovery_lcd.o)
                0x0800137c                BSP_LCD_GetYSize
 .text.BSP_LCD_LayerDefaultInit
                0x0800138c       0x7c library.a(stm32f429i_discovery_lcd.o)
                0x0800138c                BSP_LCD_LayerDefaultInit
 .text.BSP_LCD_SelectLayer
                0x08001408        0xc library.a(stm32f429i_discovery_lcd.o)
                0x08001408                BSP_LCD_SelectLayer
 .text.BSP_LCD_GetTextColor
                0x08001414       0x18 library.a(stm32f429i_discovery_lcd.o)
                0x08001414                BSP_LCD_GetTextColor
 .text.BSP_LCD_GetBackColor
                0x0800142c       0x18 library.a(stm32f429i_discovery_lcd.o)
                0x0800142c                BSP_LCD_GetBackColor
 .text.BSP_LCD_SetTextColor
                0x08001444       0x18 library.a(stm32f429i_discovery_lcd.o)
                0x08001444                BSP_LCD_SetTextColor
 .text.BSP_LCD_SetBackColor
                0x0800145c       0x18 library.a(stm32f429i_discovery_lcd.o)
                0x0800145c                BSP_LCD_SetBackColor
 .text.BSP_LCD_SetFont
                0x08001474       0x18 library.a(stm32f429i_discovery_lcd.o)
                0x08001474                BSP_LCD_SetFont
 .text.BSP_LCD_Init
                0x0800148c      0x1bc library.a(stm32f429i_discovery_lcd.o)
                0x0800148c                BSP_LCD_Init
 .text.BSP_LCD_GetFont
                0x08001648       0x18 library.a(stm32f429i_discovery_lcd.o)
                0x08001648                BSP_LCD_GetFont
 .text.BSP_LCD_Clear
                0x08001660       0x40 library.a(stm32f429i_discovery_lcd.o)
                0x08001660                BSP_LCD_Clear
 .text.BSP_LCD_DrawHLine
                0x080016a0       0x50 library.a(stm32f429i_discovery_lcd.o)
                0x080016a0                BSP_LCD_DrawHLine
 .text.BSP_LCD_DrawVLine
                0x080016f0       0x5c library.a(stm32f429i_discovery_lcd.o)
                0x080016f0                BSP_LCD_DrawVLine
 .text.BSP_LCD_DrawRect
                0x0800174c       0x34 library.a(stm32f429i_discovery_lcd.o)
                0x0800174c                BSP_LCD_DrawRect
 .text.BSP_LCD_FillRect
                0x08001780       0x78 library.a(stm32f429i_discovery_lcd.o)
                0x08001780                BSP_LCD_FillRect
 .text.BSP_LCD_DisplayOn
                0x080017f8       0x10 library.a(stm32f429i_discovery_lcd.o)
                0x080017f8                BSP_LCD_DisplayOn
 .text.BSP_LCD_DrawPixel
                0x08001808       0x2c library.a(stm32f429i_discovery_lcd.o)
                0x08001808                BSP_LCD_DrawPixel
 .text.BSP_LCD_DisplayChar
                0x08001834       0xd4 library.a(stm32f429i_discovery_lcd.o)
                0x08001834                BSP_LCD_DisplayChar
 .text.BSP_LCD_DisplayStringAt
                0x08001908       0x9c library.a(stm32f429i_discovery_lcd.o)
                0x08001908                BSP_LCD_DisplayStringAt
 .text.BSP_LCD_DrawCircle
                0x080019a4      0x120 library.a(stm32f429i_discovery_lcd.o)
                0x080019a4                BSP_LCD_DrawCircle
 .text.BSP_LCD_FillCircle
                0x08001ac4       0xd4 library.a(stm32f429i_discovery_lcd.o)
                0x08001ac4                BSP_LCD_FillCircle
 .text.BSP_SDRAM_Initialization_sequence
                0x08001b98       0x94 library.a(stm32f429i_discovery_sdram.o)
                0x08001b98                BSP_SDRAM_Initialization_sequence
 .text.BSP_SDRAM_Init
                0x08001c2c      0x1c8 library.a(stm32f429i_discovery_sdram.o)
                0x08001c2c                BSP_SDRAM_Init
 .text.HAL_MspInit
                0x08001df4        0x2 library.a(stm32f4xx_hal.o)
                0x08001df4                HAL_MspInit
 .text.HAL_InitTick
                0x08001df6       0x28 library.a(stm32f4xx_hal.o)
                0x08001df6                HAL_InitTick
 *fill*         0x08001e1e        0x2 
 .text.HAL_Init
                0x08001e20       0x34 library.a(stm32f4xx_hal.o)
                0x08001e20                HAL_Init
 .text.HAL_IncTick
                0x08001e54       0x10 library.a(stm32f4xx_hal.o)
                0x08001e54                HAL_IncTick
 .text.HAL_GetTick
                0x08001e64        0xc library.a(stm32f4xx_hal.o)
                0x08001e64                HAL_GetTick
 .text.HAL_Delay
                0x08001e70       0x1a library.a(stm32f4xx_hal.o)
                0x08001e70                HAL_Delay
 *fill*         0x08001e8a        0x2 
 .text.HAL_NVIC_SetPriorityGrouping
                0x08001e8c       0x24 library.a(stm32f4xx_hal_cortex.o)
                0x08001e8c                HAL_NVIC_SetPriorityGrouping
 .text.HAL_NVIC_SetPriority
                0x08001eb0       0x64 library.a(stm32f4xx_hal_cortex.o)
                0x08001eb0                HAL_NVIC_SetPriority
 .text.HAL_NVIC_EnableIRQ
                0x08001f14       0x18 library.a(stm32f4xx_hal_cortex.o)
                0x08001f14                HAL_NVIC_EnableIRQ
 .text.HAL_SYSTICK_Config
                0x08001f2c       0x28 library.a(stm32f4xx_hal_cortex.o)
                0x08001f2c                HAL_SYSTICK_Config
 .text.HAL_DMA_Init
                0x08001f54       0x78 library.a(stm32f4xx_hal_dma.o)
                0x08001f54                HAL_DMA_Init
 .text.HAL_DMA_DeInit
                0x08001fcc      0xacc library.a(stm32f4xx_hal_dma.o)
                0x08001fcc                HAL_DMA_DeInit
 .text.DMA2D_SetConfig
                0x08002a98       0x80 library.a(stm32f4xx_hal_dma2d.o)
 .text.HAL_DMA2D_MspInit
                0x08002b18        0x2 library.a(stm32f4xx_hal_dma2d.o)
                0x08002b18                HAL_DMA2D_MspInit
 .text.HAL_DMA2D_Init
                0x08002b1a       0x5c library.a(stm32f4xx_hal_dma2d.o)
                0x08002b1a                HAL_DMA2D_Init
 .text.HAL_DMA2D_Start
                0x08002b76       0x40 library.a(stm32f4xx_hal_dma2d.o)
                0x08002b76                HAL_DMA2D_Start
 .text.HAL_DMA2D_PollForTransfer
                0x08002bb6       0xc4 library.a(stm32f4xx_hal_dma2d.o)
                0x08002bb6                HAL_DMA2D_PollForTransfer
 *fill*         0x08002c7a        0x2 
 .text.HAL_DMA2D_ConfigLayer
                0x08002c7c       0xdc library.a(stm32f4xx_hal_dma2d.o)
                0x08002c7c                HAL_DMA2D_ConfigLayer
 .text.HAL_GPIO_Init
                0x08002d58      0x1d0 library.a(stm32f4xx_hal_gpio.o)
                0x08002d58                HAL_GPIO_Init
 .text.HAL_GPIO_ReadPin
                0x08002f28        0xc library.a(stm32f4xx_hal_gpio.o)
                0x08002f28                HAL_GPIO_ReadPin
 .text.HAL_GPIO_WritePin
                0x08002f34        0xa library.a(stm32f4xx_hal_gpio.o)
                0x08002f34                HAL_GPIO_WritePin
 *fill*         0x08002f3e        0x2 
 .text.LTDC_SetConfig
                0x08002f40      0x144 library.a(stm32f4xx_hal_ltdc.o)
 .text.HAL_LTDC_MspInit
                0x08003084        0x2 library.a(stm32f4xx_hal_ltdc.o)
                0x08003084                HAL_LTDC_MspInit
 *fill*         0x08003086        0x2 
 .text.HAL_LTDC_Init
                0x08003088       0xfc library.a(stm32f4xx_hal_ltdc.o)
                0x08003088                HAL_LTDC_Init
 .text.HAL_LTDC_ConfigLayer
                0x08003184       0x5c library.a(stm32f4xx_hal_ltdc.o)
                0x08003184                HAL_LTDC_ConfigLayer
 .text.HAL_LTDC_EnableDither
                0x080031e0       0x34 library.a(stm32f4xx_hal_ltdc.o)
                0x080031e0                HAL_LTDC_EnableDither
 .text.HAL_RCC_OscConfig
                0x08003214      0x330 library.a(stm32f4xx_hal_rcc.o)
                0x08003214                HAL_RCC_OscConfig
 .text.HAL_RCC_ClockConfig
                0x08003544      0x1f8 library.a(stm32f4xx_hal_rcc.o)
                0x08003544                HAL_RCC_ClockConfig
 .text.HAL_RCC_GetSysClockFreq
                0x0800373c       0x78 library.a(stm32f4xx_hal_rcc.o)
                0x0800373c                HAL_RCC_GetSysClockFreq
 .text.HAL_RCC_GetHCLKFreq
                0x080037b4       0x38 library.a(stm32f4xx_hal_rcc.o)
                0x080037b4                HAL_RCC_GetHCLKFreq
 .text.HAL_RCCEx_PeriphCLKConfig
                0x080037ec      0x2d8 library.a(stm32f4xx_hal_rcc_ex.o)
                0x080037ec                HAL_RCCEx_PeriphCLKConfig
 .text.HAL_SDRAM_MspInit
                0x08003ac4        0x2 library.a(stm32f4xx_hal_sdram.o)
                0x08003ac4                HAL_SDRAM_MspInit
 .text.HAL_SDRAM_Init
                0x08003ac6       0x40 library.a(stm32f4xx_hal_sdram.o)
                0x08003ac6                HAL_SDRAM_Init
 .text.HAL_SDRAM_SendCommand
                0x08003b06       0x2e library.a(stm32f4xx_hal_sdram.o)
                0x08003b06                HAL_SDRAM_SendCommand
 .text.HAL_SDRAM_ProgramRefreshRate
                0x08003b34       0x24 library.a(stm32f4xx_hal_sdram.o)
                0x08003b34                HAL_SDRAM_ProgramRefreshRate
 .text.SPI_WaitOnFlagUntilTimeout
                0x08003b58       0x94 library.a(stm32f4xx_hal_spi.o)
 .text.HAL_SPI_MspInit
                0x08003bec        0x2 library.a(stm32f4xx_hal_spi.o)
                0x08003bec                HAL_SPI_MspInit
 .text.HAL_SPI_Init
                0x08003bee       0x82 library.a(stm32f4xx_hal_spi.o)
                0x08003bee                HAL_SPI_Init
 .text.HAL_SPI_MspDeInit
                0x08003c70        0x2 library.a(stm32f4xx_hal_spi.o)
                0x08003c70                HAL_SPI_MspDeInit
 .text.HAL_SPI_DeInit
                0x08003c72       0x26 library.a(stm32f4xx_hal_spi.o)
                0x08003c72                HAL_SPI_DeInit
 .text.HAL_SPI_Transmit
                0x08003c98      0x164 library.a(stm32f4xx_hal_spi.o)
                0x08003c98                HAL_SPI_Transmit
 .text.HAL_SPI_TransmitReceive
                0x08003dfc      0x2c2 library.a(stm32f4xx_hal_spi.o)
                0x08003dfc                HAL_SPI_TransmitReceive
 .text.HAL_SPI_Receive
                0x080040be      0x1d2 library.a(stm32f4xx_hal_spi.o)
                0x080040be                HAL_SPI_Receive
 .text.HAL_SPI_GetState
                0x08004290        0x6 library.a(stm32f4xx_hal_spi.o)
                0x08004290                HAL_SPI_GetState
 .text.NMI_Handler
                0x08004296        0x2 library.a(stm32f4xx_it.o)
                0x08004296                NMI_Handler
 .text.SVC_Handler
                0x08004298       0x20 library.a(stm32f4xx_it.o)
                0x08004298                SVC_Handler
 .text.DebugMon_Handler
                0x080042b8        0x2 library.a(stm32f4xx_it.o)
                0x080042b8                DebugMon_Handler
 .text.PendSV_Handler
                0x080042ba        0x2 library.a(stm32f4xx_it.o)
                0x080042ba                PendSV_Handler
 .text.SysTick_Handler
                0x080042bc        0x4 library.a(stm32f4xx_it.o)
                0x080042bc                SysTick_Handler
 .text.FMC_SDRAM_Init
                0x080042c0       0x68 library.a(stm32f4xx_ll_fmc.o)
                0x080042c0                FMC_SDRAM_Init
 .text.FMC_SDRAM_Timing_Init
                0x08004328       0x72 library.a(stm32f4xx_ll_fmc.o)
                0x08004328                FMC_SDRAM_Timing_Init
 .text.FMC_SDRAM_SendCommand
                0x0800439a       0x50 library.a(stm32f4xx_ll_fmc.o)
                0x0800439a                FMC_SDRAM_SendCommand
 .text.FMC_SDRAM_ProgramRefreshRate
                0x080043ea        0xc library.a(stm32f4xx_ll_fmc.o)
                0x080043ea                FMC_SDRAM_ProgramRefreshRate
 *fill*         0x080043f6        0x2 
 .text.SVC_Label
                0x080043f8       0x58 library.a(svcHandler.o)
 .text.Preserve
                0x08004450       0xa8 library.a(svcHandler.o)
 .text.HardStopHandler
                0x080044f8       0x94 library.a(svcHandler.o)
 .text.F32      0x0800458c       0xc0 library.a(svcHandler.o)
 .text.Restore  0x0800464c       0x5c library.a(svcHandler.o)
 .text.FlPtRegs
                0x080046a8       0x9c library.a(svcHandler.o)
 .text._MemManageHandler
                0x08004744       0x10 library.a(svcHandler.o)
                0x08004744                _MemManageHandler
 .text.MemManage_Handler
                0x08004754        0xc library.a(svcHandler.o)
                0x08004754                MemManage_Handler
 .text._BusFault_Handler
                0x08004760       0x10 library.a(svcHandler.o)
                0x08004760                _BusFault_Handler
 .text.BusFault_Handler
                0x08004770        0xc library.a(svcHandler.o)
                0x08004770                BusFault_Handler
 .text._HardFault_Handler
                0x0800477c       0x10 library.a(svcHandler.o)
                0x0800477c                _HardFault_Handler
 .text.HardFault_Handler
                0x0800478c        0xc library.a(svcHandler.o)
                0x0800478c                HardFault_Handler
 .text._UsageFault_Handler
                0x08004798       0x5c library.a(svcHandler.o)
                0x08004798                _UsageFault_Handler
 .text.UsageFault_Handler
                0x080047f4        0xc library.a(svcHandler.o)
                0x080047f4                UsageFault_Handler
 .text.SVC_Exception
                0x08004800       0xd8 library.a(svcHandler.o)
                0x08004800                SVC_Exception
 .text.SystemInit
                0x080048d8       0x4c library.a(system_stm32f4xx.o)
                0x080048d8                SystemInit
 .text          0x08004924      0x118 library.a(startup_stm32f429xx.o)
                0x08004924                Reset_Handler
                0x0800497c                Default_Handler
                0x0800497e                WWDG_IRQHandler
                0x08004980                PVD_IRQHandler
                0x08004982                TAMP_STAMP_IRQHandler
                0x08004984                RTC_WKUP_IRQHandler
                0x08004986                FLASH_IRQHandler
                0x08004988                RCC_IRQHandler
                0x0800498a                EXTI0_IRQHandler
                0x0800498c                EXTI1_IRQHandler
                0x0800498e                EXTI2_IRQHandler
                0x08004990                EXTI3_IRQHandler
                0x08004992                EXTI4_IRQHandler
                0x08004994                DMA1_Stream0_IRQHandler
                0x08004996                DMA1_Stream1_IRQHandler
                0x08004998                DMA1_Stream2_IRQHandler
                0x0800499a                DMA1_Stream3_IRQHandler
                0x0800499c                DMA1_Stream4_IRQHandler
                0x0800499e                DMA1_Stream5_IRQHandler
                0x080049a0                DMA1_Stream6_IRQHandler
                0x080049a2                ADC_IRQHandler
                0x080049a4                CAN1_TX_IRQHandler
                0x080049a6                CAN1_RX0_IRQHandler
                0x080049a8                CAN1_RX1_IRQHandler
                0x080049aa                CAN1_SCE_IRQHandler
                0x080049ac                EXTI9_5_IRQHandler
                0x080049ae                TIM1_BRK_TIM9_IRQHandler
                0x080049b0                TIM1_UP_TIM10_IRQHandler
                0x080049b2                TIM1_TRG_COM_TIM11_IRQHandler
                0x080049b4                TIM1_CC_IRQHandler
                0x080049b6                TIM2_IRQHandler
                0x080049b8                TIM3_IRQHandler
                0x080049ba                TIM4_IRQHandler
                0x080049bc                I2C1_EV_IRQHandler
                0x080049be                I2C1_ER_IRQHandler
                0x080049c0                I2C2_EV_IRQHandler
                0x080049c2                I2C2_ER_IRQHandler
                0x080049c4                SPI1_IRQHandler
                0x080049c6                SPI2_IRQHandler
                0x080049c8                USART1_IRQHandler
                0x080049ca                USART2_IRQHandler
                0x080049cc                USART3_IRQHandler
                0x080049ce                EXTI15_10_IRQHandler
                0x080049d0                RTC_Alarm_IRQHandler
                0x080049d2                OTG_FS_WKUP_IRQHandler
                0x080049d4                TIM8_BRK_TIM12_IRQHandler
                0x080049d6                TIM8_UP_TIM13_IRQHandler
                0x080049d8                TIM8_TRG_COM_TIM14_IRQHandler
                0x080049da                TIM8_CC_IRQHandler
                0x080049dc                DMA1_Stream7_IRQHandler
                0x080049de                FSMC_IRQHandler
                0x080049e0                SDIO_IRQHandler
                0x080049e2                TIM5_IRQHandler
                0x080049e4                SPI3_IRQHandler
                0x080049e6                UART4_IRQHandler
                0x080049e8                UART5_IRQHandler
                0x080049ea                TIM6_DAC_IRQHandler
                0x080049ec                TIM7_IRQHandler
                0x080049ee                DMA2_Stream0_IRQHandler
                0x080049f0                DMA2_Stream1_IRQHandler
                0x080049f2                DMA2_Stream2_IRQHandler
                0x080049f4                DMA2_Stream3_IRQHandler
                0x080049f6                DMA2_Stream4_IRQHandler
                0x080049f8                ETH_IRQHandler
                0x080049fa                ETH_WKUP_IRQHandler
                0x080049fc                CAN2_TX_IRQHandler
                0x080049fe                CAN2_RX0_IRQHandler
                0x08004a00                CAN2_RX1_IRQHandler
                0x08004a02                CAN2_SCE_IRQHandler
                0x08004a04                OTG_FS_IRQHandler
                0x08004a06                DMA2_Stream5_IRQHandler
                0x08004a08                DMA2_Stream6_IRQHandler
                0x08004a0a                DMA2_Stream7_IRQHandler
                0x08004a0c                USART6_IRQHandler
                0x08004a0e                I2C3_EV_IRQHandler
                0x08004a10                I2C3_ER_IRQHandler
                0x08004a12                OTG_HS_EP1_OUT_IRQHandler
                0x08004a14                OTG_HS_EP1_IN_IRQHandler
                0x08004a16                OTG_HS_WKUP_IRQHandler
                0x08004a18                OTG_HS_IRQHandler
                0x08004a1a                DCMI_IRQHandler
                0x08004a1c                CRYP_IRQHandler
                0x08004a1e                HASH_RNG_IRQHandler
                0x08004a20                FPU_IRQHandler
                0x08004a22                UART7_IRQHandler
                0x08004a24                UART8_IRQHandler
                0x08004a26                SPI4_IRQHandler
                0x08004a28                SPI5_IRQHandler
                0x08004a2a                SPI6_IRQHandler
                0x08004a2c                SAI1_IRQHandler
                0x08004a2e                LTDC_IRQHandler
                0x08004a30                LTDC_ER_IRQHandler
                0x08004a32                DMA2D_IRQHandler
 .text.ili9341_GetLcdPixelWidth
                0x08004a3c        0x4 library.a(ili9341.o)
                0x08004a3c                ili9341_GetLcdPixelWidth
 .text.ili9341_GetLcdPixelHeight
                0x08004a40        0x6 library.a(ili9341.o)
                0x08004a40                ili9341_GetLcdPixelHeight
 .text.ili9341_DisplayOn
                0x08004a46        0x6 library.a(ili9341.o)
                0x08004a46                ili9341_DisplayOn
 .text.ili9341_DisplayOff
                0x08004a4c        0x6 library.a(ili9341.o)
                0x08004a4c                ili9341_DisplayOff
 .text.ili9341_Init
                0x08004a52      0x292 library.a(ili9341.o)
                0x08004a52                ili9341_Init
 .text.ili9341_ReadID
                0x08004ce4       0x12 library.a(ili9341.o)
                0x08004ce4                ili9341_ReadID
 *fill*         0x08004cf6        0x2 
 .text.exit     0x08004cf8       0x20 y:/coen20/gcc/bin/../lib/gcc/arm-none-eabi/9.3.1/../../../../arm-none-eabi/lib/thumb/v7e-m+fp/hard\libc.a(lib_a-exit.o)
                0x08004cf8                exit
 .text.__libc_init_array
                0x08004d18       0x48 y:/coen20/gcc/bin/../lib/gcc/arm-none-eabi/9.3.1/../../../../arm-none-eabi/lib/thumb/v7e-m+fp/hard\libc.a(lib_a-init.o)
                0x08004d18                __libc_init_array
 .text          0x08004d60      0x134 y:/coen20/gcc/bin/../lib/gcc/arm-none-eabi/9.3.1/../../../../arm-none-eabi/lib/thumb/v7e-m+fp/hard\libc.a(lib_a-memcpy.o)
                0x08004d60                memcpy
 .text.memset   0x08004e94       0xa0 y:/coen20/gcc/bin/../lib/gcc/arm-none-eabi/9.3.1/../../../../arm-none-eabi/lib/thumb/v7e-m+fp/hard\libc.a(lib_a-memset.o)
                0x08004e94                memset
 .text.sprintf  0x08004f34       0x44 y:/coen20/gcc/bin/../lib/gcc/arm-none-eabi/9.3.1/../../../../arm-none-eabi/lib/thumb/v7e-m+fp/hard\libc.a(lib_a-sprintf.o)
                0x08004f34                sprintf
 .text.strcpy   0x08004f78       0xbc y:/coen20/gcc/bin/../lib/gcc/arm-none-eabi/9.3.1/../../../../arm-none-eabi/lib/thumb/v7e-m+fp/hard\libc.a(lib_a-strcpy.o)
                0x08004f78                strcpy
 *fill*         0x08005034        0xc 
 .text          0x08005040       0xdc y:/coen20/gcc/bin/../lib/gcc/arm-none-eabi/9.3.1/../../../../arm-none-eabi/lib/thumb/v7e-m+fp/hard\libc.a(lib_a-strlen.o)
                0x08005040                strlen
 *fill*         0x0800511c        0x4 
 .text._svfprintf_r
                0x08005120     0x1b38 y:/coen20/gcc/bin/../lib/gcc/arm-none-eabi/9.3.1/../../../../arm-none-eabi/lib/thumb/v7e-m+fp/hard\libc.a(lib_a-svfprintf.o)
                0x08005120                _svfprintf_r
 .text.__swsetup_r
                0x08006c58       0xd0 y:/coen20/gcc/bin/../lib/gcc/arm-none-eabi/9.3.1/../../../../arm-none-eabi/lib/thumb/v7e-m+fp/hard\libc.a(lib_a-wsetup.o)
                0x08006c58                __swsetup_r
 .text.startup.register_fini
                0x08006d28       0x14 y:/coen20/gcc/bin/../lib/gcc/arm-none-eabi/9.3.1/../../../../arm-none-eabi/lib/thumb/v7e-m+fp/hard\libc.a(lib_a-__call_atexit.o)
 .text.__call_exitprocs
                0x08006d3c       0xcc y:/coen20/gcc/bin/../lib/gcc/arm-none-eabi/9.3.1/../../../../arm-none-eabi/lib/thumb/v7e-m+fp/hard\libc.a(lib_a-__call_atexit.o)
                0x08006d3c                __call_exitprocs
 .text.atexit   0x08006e08        0xc y:/coen20/gcc/bin/../lib/gcc/arm-none-eabi/9.3.1/../../../../arm-none-eabi/lib/thumb/v7e-m+fp/hard\libc.a(lib_a-atexit.o)
                0x08006e08                atexit
 .text.quorem   0x08006e14      0x11c y:/coen20/gcc/bin/../lib/gcc/arm-none-eabi/9.3.1/../../../../arm-none-eabi/lib/thumb/v7e-m+fp/hard\libc.a(lib_a-dtoa.o)
 .text._dtoa_r  0x08006f30      0xf44 y:/coen20/gcc/bin/../lib/gcc/arm-none-eabi/9.3.1/../../../../arm-none-eabi/lib/thumb/v7e-m+fp/hard\libc.a(lib_a-dtoa.o)
                0x08006f30                _dtoa_r
 .text.__sflush_r
                0x08007e74      0x130 y:/coen20/gcc/bin/../lib/gcc/arm-none-eabi/9.3.1/../../../../arm-none-eabi/lib/thumb/v7e-m+fp/hard\libc.a(lib_a-fflush.o)
                0x08007e74                __sflush_r
 .text._fflush_r
                0x08007fa4       0x5c y:/coen20/gcc/bin/../lib/gcc/arm-none-eabi/9.3.1/../../../../arm-none-eabi/lib/thumb/v7e-m+fp/hard\libc.a(lib_a-fflush.o)
                0x08007fa4                _fflush_r
 .text.std      0x08008000       0x50 y:/coen20/gcc/bin/../lib/gcc/arm-none-eabi/9.3.1/../../../../arm-none-eabi/lib/thumb/v7e-m+fp/hard\libc.a(lib_a-findfp.o)
 .text._cleanup_r
                0x08008050        0xc y:/coen20/gcc/bin/../lib/gcc/arm-none-eabi/9.3.1/../../../../arm-none-eabi/lib/thumb/v7e-m+fp/hard\libc.a(lib_a-findfp.o)
                0x08008050                _cleanup_r
 .text.__sinit  0x0800805c       0x54 y:/coen20/gcc/bin/../lib/gcc/arm-none-eabi/9.3.1/../../../../arm-none-eabi/lib/thumb/v7e-m+fp/hard\libc.a(lib_a-findfp.o)
                0x0800805c                __sinit
 .text.__sfp_lock_acquire
                0x080080b0        0xc y:/coen20/gcc/bin/../lib/gcc/arm-none-eabi/9.3.1/../../../../arm-none-eabi/lib/thumb/v7e-m+fp/hard\libc.a(lib_a-findfp.o)
                0x080080b0                __sfp_lock_acquire
 .text.__sfp_lock_release
                0x080080bc        0xc y:/coen20/gcc/bin/../lib/gcc/arm-none-eabi/9.3.1/../../../../arm-none-eabi/lib/thumb/v7e-m+fp/hard\libc.a(lib_a-findfp.o)
                0x080080bc                __sfp_lock_release
 .text.__libc_fini_array
                0x080080c8       0x2c y:/coen20/gcc/bin/../lib/gcc/arm-none-eabi/9.3.1/../../../../arm-none-eabi/lib/thumb/v7e-m+fp/hard\libc.a(lib_a-fini.o)
                0x080080c8                __libc_fini_array
 .text._malloc_trim_r
                0x080080f4       0xa0 y:/coen20/gcc/bin/../lib/gcc/arm-none-eabi/9.3.1/../../../../arm-none-eabi/lib/thumb/v7e-m+fp/hard\libc.a(lib_a-freer.o)
                0x080080f4                _malloc_trim_r
 .text._free_r  0x08008194      0x208 y:/coen20/gcc/bin/../lib/gcc/arm-none-eabi/9.3.1/../../../../arm-none-eabi/lib/thumb/v7e-m+fp/hard\libc.a(lib_a-freer.o)
                0x08008194                _free_r
 .text._fwalk_reent
                0x0800839c       0x48 y:/coen20/gcc/bin/../lib/gcc/arm-none-eabi/9.3.1/../../../../arm-none-eabi/lib/thumb/v7e-m+fp/hard\libc.a(lib_a-fwalk.o)
                0x0800839c                _fwalk_reent
 .text._localeconv_r
                0x080083e4        0x8 y:/coen20/gcc/bin/../lib/gcc/arm-none-eabi/9.3.1/../../../../arm-none-eabi/lib/thumb/v7e-m+fp/hard\libc.a(lib_a-localeconv.o)
                0x080083e4                _localeconv_r
 .text.__retarget_lock_init_recursive
                0x080083ec        0x4 y:/coen20/gcc/bin/../lib/gcc/arm-none-eabi/9.3.1/../../../../arm-none-eabi/lib/thumb/v7e-m+fp/hard\libc.a(lib_a-lock.o)
                0x080083ec                __retarget_lock_init_recursive
 .text.__retarget_lock_close_recursive
                0x080083f0        0x4 y:/coen20/gcc/bin/../lib/gcc/arm-none-eabi/9.3.1/../../../../arm-none-eabi/lib/thumb/v7e-m+fp/hard\libc.a(lib_a-lock.o)
                0x080083f0                __retarget_lock_close_recursive
 .text.__retarget_lock_acquire_recursive
                0x080083f4        0x4 y:/coen20/gcc/bin/../lib/gcc/arm-none-eabi/9.3.1/../../../../arm-none-eabi/lib/thumb/v7e-m+fp/hard\libc.a(lib_a-lock.o)
                0x080083f4                __retarget_lock_acquire_recursive
 .text.__retarget_lock_release_recursive
                0x080083f8        0x4 y:/coen20/gcc/bin/../lib/gcc/arm-none-eabi/9.3.1/../../../../arm-none-eabi/lib/thumb/v7e-m+fp/hard\libc.a(lib_a-lock.o)
                0x080083f8                __retarget_lock_release_recursive
 .text.__swhatbuf_r
                0x080083fc       0x5c y:/coen20/gcc/bin/../lib/gcc/arm-none-eabi/9.3.1/../../../../arm-none-eabi/lib/thumb/v7e-m+fp/hard\libc.a(lib_a-makebuf.o)
                0x080083fc                __swhatbuf_r
 .text.__smakebuf_r
                0x08008458       0x98 y:/coen20/gcc/bin/../lib/gcc/arm-none-eabi/9.3.1/../../../../arm-none-eabi/lib/thumb/v7e-m+fp/hard\libc.a(lib_a-makebuf.o)
                0x08008458                __smakebuf_r
 .text._malloc_r
                0x080084f0      0x574 y:/coen20/gcc/bin/../lib/gcc/arm-none-eabi/9.3.1/../../../../arm-none-eabi/lib/thumb/v7e-m+fp/hard\libc.a(lib_a-mallocr.o)
                0x080084f0                _malloc_r
 *fill*         0x08008a64        0xc 
 .text          0x08008a70       0xa0 y:/coen20/gcc/bin/../lib/gcc/arm-none-eabi/9.3.1/../../../../arm-none-eabi/lib/thumb/v7e-m+fp/hard\libc.a(lib_a-memchr.o)
                0x08008a70                memchr
 .text.__malloc_lock
                0x08008b10        0xc y:/coen20/gcc/bin/../lib/gcc/arm-none-eabi/9.3.1/../../../../arm-none-eabi/lib/thumb/v7e-m+fp/hard\libc.a(lib_a-mlock.o)
                0x08008b10                __malloc_lock
 .text.__malloc_unlock
                0x08008b1c        0xc y:/coen20/gcc/bin/../lib/gcc/arm-none-eabi/9.3.1/../../../../arm-none-eabi/lib/thumb/v7e-m+fp/hard\libc.a(lib_a-mlock.o)
                0x08008b1c                __malloc_unlock
 .text._Balloc  0x08008b28       0x4c y:/coen20/gcc/bin/../lib/gcc/arm-none-eabi/9.3.1/../../../../arm-none-eabi/lib/thumb/v7e-m+fp/hard\libc.a(lib_a-mprec.o)
                0x08008b28                _Balloc
 .text._Bfree   0x08008b74       0x14 y:/coen20/gcc/bin/../lib/gcc/arm-none-eabi/9.3.1/../../../../arm-none-eabi/lib/thumb/v7e-m+fp/hard\libc.a(lib_a-mprec.o)
                0x08008b74                _Bfree
 .text.__multadd
                0x08008b88       0xac y:/coen20/gcc/bin/../lib/gcc/arm-none-eabi/9.3.1/../../../../arm-none-eabi/lib/thumb/v7e-m+fp/hard\libc.a(lib_a-mprec.o)
                0x08008b88                __multadd
 .text.__hi0bits
                0x08008c34       0x40 y:/coen20/gcc/bin/../lib/gcc/arm-none-eabi/9.3.1/../../../../arm-none-eabi/lib/thumb/v7e-m+fp/hard\libc.a(lib_a-mprec.o)
                0x08008c34                __hi0bits
 .text.__lo0bits
                0x08008c74       0x60 y:/coen20/gcc/bin/../lib/gcc/arm-none-eabi/9.3.1/../../../../arm-none-eabi/lib/thumb/v7e-m+fp/hard\libc.a(lib_a-mprec.o)
                0x08008c74                __lo0bits
 .text.__i2b    0x08008cd4       0x2c y:/coen20/gcc/bin/../lib/gcc/arm-none-eabi/9.3.1/../../../../arm-none-eabi/lib/thumb/v7e-m+fp/hard\libc.a(lib_a-mprec.o)
                0x08008cd4                __i2b
 .text.__multiply
                0x08008d00      0x160 y:/coen20/gcc/bin/../lib/gcc/arm-none-eabi/9.3.1/../../../../arm-none-eabi/lib/thumb/v7e-m+fp/hard\libc.a(lib_a-mprec.o)
                0x08008d00                __multiply
 .text.__pow5mult
                0x08008e60       0x98 y:/coen20/gcc/bin/../lib/gcc/arm-none-eabi/9.3.1/../../../../arm-none-eabi/lib/thumb/v7e-m+fp/hard\libc.a(lib_a-mprec.o)
                0x08008e60                __pow5mult
 .text.__lshift
                0x08008ef8       0xe8 y:/coen20/gcc/bin/../lib/gcc/arm-none-eabi/9.3.1/../../../../arm-none-eabi/lib/thumb/v7e-m+fp/hard\libc.a(lib_a-mprec.o)
                0x08008ef8                __lshift
 .text.__mcmp   0x08008fe0       0x3c y:/coen20/gcc/bin/../lib/gcc/arm-none-eabi/9.3.1/../../../../arm-none-eabi/lib/thumb/v7e-m+fp/hard\libc.a(lib_a-mprec.o)
                0x08008fe0                __mcmp
 .text.__mdiff  0x0800901c      0x148 y:/coen20/gcc/bin/../lib/gcc/arm-none-eabi/9.3.1/../../../../arm-none-eabi/lib/thumb/v7e-m+fp/hard\libc.a(lib_a-mprec.o)
                0x0800901c                __mdiff
 .text.__d2b    0x08009164       0xd0 y:/coen20/gcc/bin/../lib/gcc/arm-none-eabi/9.3.1/../../../../arm-none-eabi/lib/thumb/v7e-m+fp/hard\libc.a(lib_a-mprec.o)
                0x08009164                __d2b
 .text.frexp    0x08009234       0x6c y:/coen20/gcc/bin/../lib/gcc/arm-none-eabi/9.3.1/../../../../arm-none-eabi/lib/thumb/v7e-m+fp/hard\libc.a(lib_a-s_frexp.o)
                0x08009234                frexp
 .text._sbrk_r  0x080092a0       0x24 y:/coen20/gcc/bin/../lib/gcc/arm-none-eabi/9.3.1/../../../../arm-none-eabi/lib/thumb/v7e-m+fp/hard\libc.a(lib_a-sbrkr.o)
                0x080092a0                _sbrk_r
 .text.__sread  0x080092c4       0x24 y:/coen20/gcc/bin/../lib/gcc/arm-none-eabi/9.3.1/../../../../arm-none-eabi/lib/thumb/v7e-m+fp/hard\libc.a(lib_a-stdio.o)
                0x080092c4                __sread
 .text.__swrite
                0x080092e8       0x40 y:/coen20/gcc/bin/../lib/gcc/arm-none-eabi/9.3.1/../../../../arm-none-eabi/lib/thumb/v7e-m+fp/hard\libc.a(lib_a-stdio.o)
                0x080092e8                __swrite
 .text.__sseek  0x08009328       0x20 y:/coen20/gcc/bin/../lib/gcc/arm-none-eabi/9.3.1/../../../../arm-none-eabi/lib/thumb/v7e-m+fp/hard\libc.a(lib_a-stdio.o)
                0x08009328                __sseek
 .text.__sclose
                0x08009348        0x8 y:/coen20/gcc/bin/../lib/gcc/arm-none-eabi/9.3.1/../../../../arm-none-eabi/lib/thumb/v7e-m+fp/hard\libc.a(lib_a-stdio.o)
                0x08009348                __sclose
 .text.strncpy  0x08009350       0x68 y:/coen20/gcc/bin/../lib/gcc/arm-none-eabi/9.3.1/../../../../arm-none-eabi/lib/thumb/v7e-m+fp/hard\libc.a(lib_a-strncpy.o)
                0x08009350                strncpy
 .text.__ssprint_r
                0x080093b8       0xf8 y:/coen20/gcc/bin/../lib/gcc/arm-none-eabi/9.3.1/../../../../arm-none-eabi/lib/thumb/v7e-m+fp/hard\libc.a(lib_a-svfiprintf.o)
                0x080093b8                __ssprint_r
 .text.__sprint_r.part.0
                0x080094b0       0x78 y:/coen20/gcc/bin/../lib/gcc/arm-none-eabi/9.3.1/../../../../arm-none-eabi/lib/thumb/v7e-m+fp/hard\libc.a(lib_a-vfiprintf.o)
 .text._vfiprintf_r
                0x08009528      0xd4c y:/coen20/gcc/bin/../lib/gcc/arm-none-eabi/9.3.1/../../../../arm-none-eabi/lib/thumb/v7e-m+fp/hard\libc.a(lib_a-vfiprintf.o)
                0x08009528                _vfiprintf_r
 .text.__sbprintf
                0x0800a274       0x84 y:/coen20/gcc/bin/../lib/gcc/arm-none-eabi/9.3.1/../../../../arm-none-eabi/lib/thumb/v7e-m+fp/hard\libc.a(lib_a-vfiprintf.o)
 .text._write_r
                0x0800a2f8       0x2c y:/coen20/gcc/bin/../lib/gcc/arm-none-eabi/9.3.1/../../../../arm-none-eabi/lib/thumb/v7e-m+fp/hard\libc.a(lib_a-writer.o)
                0x0800a2f8                _write_r
 .text.__register_exitproc
                0x0800a324       0x8c y:/coen20/gcc/bin/../lib/gcc/arm-none-eabi/9.3.1/../../../../arm-none-eabi/lib/thumb/v7e-m+fp/hard\libc.a(lib_a-__atexit.o)
                0x0800a324                __register_exitproc
 .text.__assert_func
                0x0800a3b0       0x3c y:/coen20/gcc/bin/../lib/gcc/arm-none-eabi/9.3.1/../../../../arm-none-eabi/lib/thumb/v7e-m+fp/hard\libc.a(lib_a-assert.o)
                0x0800a3b0                __assert_func
 .text._calloc_r
                0x0800a3ec       0x60 y:/coen20/gcc/bin/../lib/gcc/arm-none-eabi/9.3.1/../../../../arm-none-eabi/lib/thumb/v7e-m+fp/hard\libc.a(lib_a-callocr.o)
                0x0800a3ec                _calloc_r
 .text._close_r
                0x0800a44c       0x24 y:/coen20/gcc/bin/../lib/gcc/arm-none-eabi/9.3.1/../../../../arm-none-eabi/lib/thumb/v7e-m+fp/hard\libc.a(lib_a-closer.o)
                0x0800a44c                _close_r
 .text._fclose_r
                0x0800a470       0xcc y:/coen20/gcc/bin/../lib/gcc/arm-none-eabi/9.3.1/../../../../arm-none-eabi/lib/thumb/v7e-m+fp/hard\libc.a(lib_a-fclose.o)
                0x0800a470                _fclose_r
 .text.fiprintf
                0x0800a53c       0x28 y:/coen20/gcc/bin/../lib/gcc/arm-none-eabi/9.3.1/../../../../arm-none-eabi/lib/thumb/v7e-m+fp/hard\libc.a(lib_a-fiprintf.o)
                0x0800a53c                fiprintf
 .text.__fputwc
                0x0800a564       0xa8 y:/coen20/gcc/bin/../lib/gcc/arm-none-eabi/9.3.1/../../../../arm-none-eabi/lib/thumb/v7e-m+fp/hard\libc.a(lib_a-fputwc.o)
                0x0800a564                __fputwc
 .text._fputwc_r
                0x0800a60c       0x68 y:/coen20/gcc/bin/../lib/gcc/arm-none-eabi/9.3.1/../../../../arm-none-eabi/lib/thumb/v7e-m+fp/hard\libc.a(lib_a-fputwc.o)
                0x0800a60c                _fputwc_r
 .text._fstat_r
                0x0800a674       0x2c y:/coen20/gcc/bin/../lib/gcc/arm-none-eabi/9.3.1/../../../../arm-none-eabi/lib/thumb/v7e-m+fp/hard\libc.a(lib_a-fstatr.o)
                0x0800a674                _fstat_r
 .text.__sfvwrite_r
                0x0800a6a0      0x2e0 y:/coen20/gcc/bin/../lib/gcc/arm-none-eabi/9.3.1/../../../../arm-none-eabi/lib/thumb/v7e-m+fp/hard\libc.a(lib_a-fvwrite.o)
                0x0800a6a0                __sfvwrite_r
 .text._isatty_r
                0x0800a980       0x24 y:/coen20/gcc/bin/../lib/gcc/arm-none-eabi/9.3.1/../../../../arm-none-eabi/lib/thumb/v7e-m+fp/hard\libc.a(lib_a-isattyr.o)
                0x0800a980                _isatty_r
 .text.__locale_mb_cur_max
                0x0800a9a4        0xc y:/coen20/gcc/bin/../lib/gcc/arm-none-eabi/9.3.1/../../../../arm-none-eabi/lib/thumb/v7e-m+fp/hard\libc.a(lib_a-locale.o)
                0x0800a9a4                __locale_mb_cur_max
 .text._lseek_r
                0x0800a9b0       0x2c y:/coen20/gcc/bin/../lib/gcc/arm-none-eabi/9.3.1/../../../../arm-none-eabi/lib/thumb/v7e-m+fp/hard\libc.a(lib_a-lseekr.o)
                0x0800a9b0                _lseek_r
 .text.__ascii_mbtowc
                0x0800a9dc       0x2c y:/coen20/gcc/bin/../lib/gcc/arm-none-eabi/9.3.1/../../../../arm-none-eabi/lib/thumb/v7e-m+fp/hard\libc.a(lib_a-mbtowc_r.o)
                0x0800a9dc                __ascii_mbtowc
 .text.memmove  0x0800aa08       0xd8 y:/coen20/gcc/bin/../lib/gcc/arm-none-eabi/9.3.1/../../../../arm-none-eabi/lib/thumb/v7e-m+fp/hard\libc.a(lib_a-memmove.o)
                0x0800aa08                memmove
 .text._read_r  0x0800aae0       0x2c y:/coen20/gcc/bin/../lib/gcc/arm-none-eabi/9.3.1/../../../../arm-none-eabi/lib/thumb/v7e-m+fp/hard\libc.a(lib_a-readr.o)
                0x0800aae0                _read_r
 .text._realloc_r
                0x0800ab0c      0x3e0 y:/coen20/gcc/bin/../lib/gcc/arm-none-eabi/9.3.1/../../../../arm-none-eabi/lib/thumb/v7e-m+fp/hard\libc.a(lib_a-reallocr.o)
                0x0800ab0c                _realloc_r
 .text.__swbuf_r
                0x0800aeec       0xb0 y:/coen20/gcc/bin/../lib/gcc/arm-none-eabi/9.3.1/../../../../arm-none-eabi/lib/thumb/v7e-m+fp/hard\libc.a(lib_a-wbuf.o)
                0x0800aeec                __swbuf_r
 .text._wcrtomb_r
                0x0800af9c       0x3c y:/coen20/gcc/bin/../lib/gcc/arm-none-eabi/9.3.1/../../../../arm-none-eabi/lib/thumb/v7e-m+fp/hard\libc.a(lib_a-wcrtomb.o)
                0x0800af9c                _wcrtomb_r
 .text.__ascii_wctomb
                0x0800afd8       0x1c y:/coen20/gcc/bin/../lib/gcc/arm-none-eabi/9.3.1/../../../../arm-none-eabi/lib/thumb/v7e-m+fp/hard\libc.a(lib_a-wctomb_r.o)
                0x0800afd8                __ascii_wctomb
 .text.abort    0x0800aff4       0x10 y:/coen20/gcc/bin/../lib/gcc/arm-none-eabi/9.3.1/../../../../arm-none-eabi/lib/thumb/v7e-m+fp/hard\libc.a(lib_a-abort.o)
                0x0800aff4                abort
 .text._raise_r
                0x0800b004       0x58 y:/coen20/gcc/bin/../lib/gcc/arm-none-eabi/9.3.1/../../../../arm-none-eabi/lib/thumb/v7e-m+fp/hard\libc.a(lib_a-signal.o)
                0x0800b004                _raise_r
 .text.raise    0x0800b05c       0x10 y:/coen20/gcc/bin/../lib/gcc/arm-none-eabi/9.3.1/../../../../arm-none-eabi/lib/thumb/v7e-m+fp/hard\libc.a(lib_a-signal.o)
                0x0800b05c                raise
 .text._kill_r  0x0800b06c       0x2c y:/coen20/gcc/bin/../lib/gcc/arm-none-eabi/9.3.1/../../../../arm-none-eabi/lib/thumb/v7e-m+fp/hard\libc.a(lib_a-signalr.o)
                0x0800b06c                _kill_r
 .text._getpid_r
                0x0800b098        0x4 y:/coen20/gcc/bin/../lib/gcc/arm-none-eabi/9.3.1/../../../../arm-none-eabi/lib/thumb/v7e-m+fp/hard\libc.a(lib_a-signalr.o)
                0x0800b098                _getpid_r
 .text._sbrk    0x0800b09c       0x1c y:/coen20/gcc/bin/../lib/gcc/arm-none-eabi/9.3.1/../../../../arm-none-eabi/lib/thumb/v7e-m+fp/hard\libnosys.a(sbrk.o)
                0x0800b09c                _sbrk
 .text._exit    0x0800b0b8        0x4 y:/coen20/gcc/bin/../lib/gcc/arm-none-eabi/9.3.1/../../../../arm-none-eabi/lib/thumb/v7e-m+fp/hard\libnosys.a(_exit.o)
                0x0800b0b8                _exit
 .text          0x0800b0bc      0x378 y:/coen20/gcc/bin/../lib/gcc/arm-none-eabi/9.3.1/thumb/v7e-m+fp/hard\libgcc.a(_arm_addsubdf3.o)
                0x0800b0bc                __aeabi_drsub
                0x0800b0c4                __aeabi_dsub
                0x0800b0c4                __subdf3
                0x0800b0c8                __aeabi_dadd
                0x0800b0c8                __adddf3
                0x0800b340                __floatunsidf
                0x0800b340                __aeabi_ui2d
                0x0800b360                __floatsidf
                0x0800b360                __aeabi_i2d
                0x0800b384                __aeabi_f2d
                0x0800b384                __extendsfdf2
                0x0800b3c8                __floatundidf
                0x0800b3c8                __aeabi_ul2d
                0x0800b3d8                __floatdidf
                0x0800b3d8                __aeabi_l2d
 .text          0x0800b434      0x424 y:/coen20/gcc/bin/../lib/gcc/arm-none-eabi/9.3.1/thumb/v7e-m+fp/hard\libgcc.a(_arm_muldivdf3.o)
                0x0800b434                __aeabi_dmul
                0x0800b434                __muldf3
                0x0800b688                __divdf3
                0x0800b688                __aeabi_ddiv
 .text          0x0800b858      0x110 y:/coen20/gcc/bin/../lib/gcc/arm-none-eabi/9.3.1/thumb/v7e-m+fp/hard\libgcc.a(_arm_cmpdf2.o)
                0x0800b858                __gtdf2
                0x0800b858                __gedf2
                0x0800b860                __ltdf2
                0x0800b860                __ledf2
                0x0800b868                __nedf2
                0x0800b868                __eqdf2
                0x0800b868                __cmpdf2
                0x0800b8e4                __aeabi_cdrcmple
                0x0800b8f4                __aeabi_cdcmpeq
                0x0800b8f4                __aeabi_cdcmple
                0x0800b904                __aeabi_dcmpeq
                0x0800b918                __aeabi_dcmplt
                0x0800b92c                __aeabi_dcmple
                0x0800b940                __aeabi_dcmpge
                0x0800b954                __aeabi_dcmpgt
 .text          0x0800b968       0x2c y:/coen20/gcc/bin/../lib/gcc/arm-none-eabi/9.3.1/thumb/v7e-m+fp/hard\libgcc.a(_arm_unorddf2.o)
                0x0800b968                __unorddf2
                0x0800b968                __aeabi_dcmpun
 .text          0x0800b994       0x50 y:/coen20/gcc/bin/../lib/gcc/arm-none-eabi/9.3.1/thumb/v7e-m+fp/hard\libgcc.a(_arm_fixdfsi.o)
                0x0800b994                __aeabi_d2iz
                0x0800b994                __fixdfsi
 .text          0x0800b9e4       0x30 y:/coen20/gcc/bin/../lib/gcc/arm-none-eabi/9.3.1/thumb/v7e-m+fp/hard\libgcc.a(_aeabi_uldivmod.o)
                0x0800b9e4                __aeabi_uldivmod
 .text          0x0800ba14      0x2c4 y:/coen20/gcc/bin/../lib/gcc/arm-none-eabi/9.3.1/thumb/v7e-m+fp/hard\libgcc.a(_udivmoddi4.o)
                0x0800ba14                __udivmoddi4
 .text          0x0800bcd8        0x4 y:/coen20/gcc/bin/../lib/gcc/arm-none-eabi/9.3.1/thumb/v7e-m+fp/hard\libgcc.a(_dvmd_tls.o)
                0x0800bcd8                __aeabi_idiv0
                0x0800bcd8                __aeabi_ldiv0
 *(.init)
 .init          0x0800bcdc        0x4 y:/coen20/gcc/bin/../lib/gcc/arm-none-eabi/9.3.1/thumb/v7e-m+fp/hard/crti.o
                0x0800bcdc                _init
 .init          0x0800bce0        0x8 y:/coen20/gcc/bin/../lib/gcc/arm-none-eabi/9.3.1/thumb/v7e-m+fp/hard/crtn.o
 *(.fini)
 .fini          0x0800bce8        0x4 y:/coen20/gcc/bin/../lib/gcc/arm-none-eabi/9.3.1/thumb/v7e-m+fp/hard/crti.o
                0x0800bce8                _fini
 .fini          0x0800bcec        0x8 y:/coen20/gcc/bin/../lib/gcc/arm-none-eabi/9.3.1/thumb/v7e-m+fp/hard/crtn.o
 *crtbegin.o(.ctors)
 *crtbegin?.o(.ctors)
 *(EXCLUDE_FILE(*crtend.o *crtend?.o) .ctors)
 *(SORT_BY_NAME(.ctors.*))
 *(.ctors)
 *crtbegin.o(.dtors)
 *crtbegin?.o(.dtors)
 *(EXCLUDE_FILE(*crtend.o *crtend?.o) .dtors)
 *(SORT_BY_NAME(.dtors.*))
 *(.dtors)
 *(.rodata*)
 .rodata        0x0800bcf4       0xfb obj/Lab7D-Main-c.o
 .rodata.DisplayHeader.str1.1
                0x0800bdef       0x27 library.a(initialize.o)
 .rodata._write.str1.1
                0x0800be16       0x27 library.a(initialize.o)
                                  0x1 (size before relaxing)
 .rodata.Font12_Table
                0x0800be16      0x474 library.a(stm32f429i_discovery_lcd.o)
                0x0800be16                Font12_Table
 .rodata.Font16_Table
                0x0800c28a      0xbe0 library.a(stm32f429i_discovery_lcd.o)
                0x0800c28a                Font16_Table
 .rodata.Font24_Table
                0x0800ce6a     0x1ab8 library.a(stm32f429i_discovery_lcd.o)
                0x0800ce6a                Font24_Table
 .rodata.CSWTCH.4
                0x0800e922        0x7 library.a(stm32f4xx_hal_ltdc.o)
 .rodata.APBAHBPrescTable
                0x0800e929       0x10 library.a(stm32f4xx_hal_rcc.o)
                0x0800e929                APBAHBPrescTable
 .rodata.SVC_Label.str1.1
                0x0800e939        0xe library.a(svcHandler.o)
 .rodata.F32.str1.1
                0x0800e947       0x20 library.a(svcHandler.o)
 .rodata.FlPtRegs.str1.1
                0x0800e967       0x1a library.a(svcHandler.o)
 .rodata._MemManageHandler.str1.1
                0x0800e981       0x10 library.a(svcHandler.o)
 .rodata._BusFault_Handler.str1.1
                0x0800e991        0xb library.a(svcHandler.o)
 .rodata._HardFault_Handler.str1.1
                0x0800e99c        0xc library.a(svcHandler.o)
 .rodata._UsageFault_Handler.str1.1
                0x0800e9a8       0x76 library.a(svcHandler.o)
 .rodata.SVC_Exception.str1.1
                0x0800ea1e       0x15 library.a(svcHandler.o)
 .rodata.str1.1
                0x0800ea33      0x11e library.a(svcHandler.o)
 *fill*         0x0800eb51        0x3 
 .rodata._global_impure_ptr
                0x0800eb54        0x4 y:/coen20/gcc/bin/../lib/gcc/arm-none-eabi/9.3.1/../../../../arm-none-eabi/lib/thumb/v7e-m+fp/hard\libc.a(lib_a-impure.o)
                0x0800eb54                _global_impure_ptr
 .rodata._svfprintf_r.str1.4
                0x0800eb58       0x42 y:/coen20/gcc/bin/../lib/gcc/arm-none-eabi/9.3.1/../../../../arm-none-eabi/lib/thumb/v7e-m+fp/hard\libc.a(lib_a-svfprintf.o)
 *fill*         0x0800eb9a        0x2 
 .rodata.blanks.8698
                0x0800eb9c       0x10 y:/coen20/gcc/bin/../lib/gcc/arm-none-eabi/9.3.1/../../../../arm-none-eabi/lib/thumb/v7e-m+fp/hard\libc.a(lib_a-svfprintf.o)
 .rodata.zeroes.8699
                0x0800ebac       0x10 y:/coen20/gcc/bin/../lib/gcc/arm-none-eabi/9.3.1/../../../../arm-none-eabi/lib/thumb/v7e-m+fp/hard\libc.a(lib_a-svfprintf.o)
 .rodata._dtoa_r.str1.4
                0x0800ebbc       0xa0 y:/coen20/gcc/bin/../lib/gcc/arm-none-eabi/9.3.1/../../../../arm-none-eabi/lib/thumb/v7e-m+fp/hard\libc.a(lib_a-dtoa.o)
                                 0xa4 (size before relaxing)
 .rodata.__multadd.str1.4
                0x0800ec5c       0x7d y:/coen20/gcc/bin/../lib/gcc/arm-none-eabi/9.3.1/../../../../arm-none-eabi/lib/thumb/v7e-m+fp/hard\libc.a(lib_a-mprec.o)
                                 0x91 (size before relaxing)
 *fill*         0x0800ecd9        0x7 
 .rodata.__mprec_bigtens
                0x0800ece0       0x28 y:/coen20/gcc/bin/../lib/gcc/arm-none-eabi/9.3.1/../../../../arm-none-eabi/lib/thumb/v7e-m+fp/hard\libc.a(lib_a-mprec.o)
                0x0800ece0                __mprec_bigtens
 .rodata.__mprec_tens
                0x0800ed08       0xc8 y:/coen20/gcc/bin/../lib/gcc/arm-none-eabi/9.3.1/../../../../arm-none-eabi/lib/thumb/v7e-m+fp/hard\libc.a(lib_a-mprec.o)
                0x0800ed08                __mprec_tens
 .rodata.p05.7485
                0x0800edd0        0xc y:/coen20/gcc/bin/../lib/gcc/arm-none-eabi/9.3.1/../../../../arm-none-eabi/lib/thumb/v7e-m+fp/hard\libc.a(lib_a-mprec.o)
 .rodata._vfiprintf_r.str1.4
                0x0800eddc       0x2f y:/coen20/gcc/bin/../lib/gcc/arm-none-eabi/9.3.1/../../../../arm-none-eabi/lib/thumb/v7e-m+fp/hard\libc.a(lib_a-vfiprintf.o)
 .rodata.blanks.8691
                0x0800eddc       0x10 y:/coen20/gcc/bin/../lib/gcc/arm-none-eabi/9.3.1/../../../../arm-none-eabi/lib/thumb/v7e-m+fp/hard\libc.a(lib_a-vfiprintf.o)
 .rodata.zeroes.8692
                0x0800edec       0x10 y:/coen20/gcc/bin/../lib/gcc/arm-none-eabi/9.3.1/../../../../arm-none-eabi/lib/thumb/v7e-m+fp/hard\libc.a(lib_a-vfiprintf.o)
 .rodata.__assert_func.str1.4
                0x0800edfc       0x3f y:/coen20/gcc/bin/../lib/gcc/arm-none-eabi/9.3.1/../../../../arm-none-eabi/lib/thumb/v7e-m+fp/hard\libc.a(lib_a-assert.o)
                                 0x43 (size before relaxing)
 *fill*         0x0800ee3b        0x1 
 .rodata._setlocale_r.str1.4
                0x0800ee3c        0xa y:/coen20/gcc/bin/../lib/gcc/arm-none-eabi/9.3.1/../../../../arm-none-eabi/lib/thumb/v7e-m+fp/hard\libc.a(lib_a-locale.o)
                                  0xd (size before relaxing)
 *fill*         0x0800ee46        0x2 
 .rodata.str1.4
                0x0800ee48        0x2 y:/coen20/gcc/bin/../lib/gcc/arm-none-eabi/9.3.1/../../../../arm-none-eabi/lib/thumb/v7e-m+fp/hard\libc.a(lib_a-locale.o)
 *fill*         0x0800ee4a        0x2 
 .rodata._ctype_
                0x0800ee4c      0x101 y:/coen20/gcc/bin/../lib/gcc/arm-none-eabi/9.3.1/../../../../arm-none-eabi/lib/thumb/v7e-m+fp/hard\libc.a(lib_a-ctype_.o)
                0x0800ee4c                _ctype_
 *(.eh_frame*)
 *fill*         0x0800ef4d        0x3 
 .eh_frame      0x0800ef50        0x0 y:/coen20/gcc/bin/../lib/gcc/arm-none-eabi/9.3.1/thumb/v7e-m+fp/hard/crtbegin.o
 .eh_frame      0x0800ef50        0x4 y:/coen20/gcc/bin/../lib/gcc/arm-none-eabi/9.3.1/thumb/v7e-m+fp/hard/crtend.o

.glue_7         0x0800ef54        0x0
 .glue_7        0x0800ef54        0x0 linker stubs

.glue_7t        0x0800ef54        0x0
 .glue_7t       0x0800ef54        0x0 linker stubs

.vfp11_veneer   0x0800ef54        0x0
 .vfp11_veneer  0x0800ef54        0x0 linker stubs

.v4_bx          0x0800ef54        0x0
 .v4_bx         0x0800ef54        0x0 linker stubs

.iplt           0x0800ef54        0x0
 .iplt          0x0800ef54        0x0 y:/coen20/gcc/bin/../lib/gcc/arm-none-eabi/9.3.1/thumb/v7e-m+fp/hard/crtbegin.o

.ARM.extab
 *(.ARM.extab* .gnu.linkonce.armextab.*)
                0x0800ef54                __exidx_start = .

.ARM.exidx      0x0800ef54        0x8
 *(.ARM.exidx* .gnu.linkonce.armexidx.*)
 .ARM.exidx     0x0800ef54        0x8 y:/coen20/gcc/bin/../lib/gcc/arm-none-eabi/9.3.1/../../../../arm-none-eabi/lib/thumb/v7e-m+fp/hard/crt0.o
                                 0x10 (size before relaxing)
 .ARM.exidx     0x0800ef5c        0x0 y:/coen20/gcc/bin/../lib/gcc/arm-none-eabi/9.3.1/thumb/v7e-m+fp/hard\libgcc.a(_udivmoddi4.o)
                                  0x8 (size before relaxing)
                0x0800ef5c                __exidx_end = .
                0x0800ef5c                __etext = .

.rel.dyn        0x0800ef5c        0x0
 .rel.iplt      0x0800ef5c        0x0 y:/coen20/gcc/bin/../lib/gcc/arm-none-eabi/9.3.1/thumb/v7e-m+fp/hard/crtbegin.o

.data           0x20000000      0xb30 load address 0x0800ef5c
                0x20000000                __data_start__ = .
 *(vtable)
 *(.data*)
 .data.msg.6838
                0x20000000       0x24 obj/Lab7D-Main-c.o
 .data.BUTTON_PORT
                0x20000024        0x4 library.a(stm32f429i_discovery.o)
                0x20000024                BUTTON_PORT
 .data.SpixTimeout
                0x20000028        0x4 library.a(stm32f429i_discovery.o)
                0x20000028                SpixTimeout
 .data.Font12   0x2000002c        0x8 library.a(stm32f429i_discovery_lcd.o)
                0x2000002c                Font12
 .data.Font16   0x20000034        0x8 library.a(stm32f429i_discovery_lcd.o)
                0x20000034                Font16
 .data.Font24   0x2000003c        0x8 library.a(stm32f429i_discovery_lcd.o)
                0x2000003c                Font24
 .data.context.0
                0x20000044       0x20 library.a(svcHandler.o)
 .data.context.1
                0x20000064       0x20 library.a(svcHandler.o)
 .data.context.3
                0x20000084       0x20 library.a(svcHandler.o)
 .data.context.6
                0x200000a4       0x20 library.a(svcHandler.o)
 .data.lines.2  0x200000c4       0x30 library.a(svcHandler.o)
 .data.lines.5  0x200000f4       0x40 library.a(svcHandler.o)
 .data.SystemCoreClock
                0x20000134        0x4 library.a(system_stm32f4xx.o)
                0x20000134                SystemCoreClock
 .data.ili9341_drv
                0x20000138       0x38 library.a(ili9341.o)
                0x20000138                ili9341_drv
 .data._impure_ptr
                0x20000170        0x4 y:/coen20/gcc/bin/../lib/gcc/arm-none-eabi/9.3.1/../../../../arm-none-eabi/lib/thumb/v7e-m+fp/hard\libc.a(lib_a-impure.o)
                0x20000170                _impure_ptr
 *fill*         0x20000174        0x4 
 .data.impure_data
                0x20000178      0x428 y:/coen20/gcc/bin/../lib/gcc/arm-none-eabi/9.3.1/../../../../arm-none-eabi/lib/thumb/v7e-m+fp/hard\libc.a(lib_a-impure.o)
 .data.__atexit_recursive_mutex
                0x200005a0        0x4 y:/coen20/gcc/bin/../lib/gcc/arm-none-eabi/9.3.1/../../../../arm-none-eabi/lib/thumb/v7e-m+fp/hard\libc.a(lib_a-__call_atexit.o)
                0x200005a0                __atexit_recursive_mutex
 .data.__malloc_av_
                0x200005a4      0x408 y:/coen20/gcc/bin/../lib/gcc/arm-none-eabi/9.3.1/../../../../arm-none-eabi/lib/thumb/v7e-m+fp/hard\libc.a(lib_a-mallocr.o)
                0x200005a4                __malloc_av_
 .data.__malloc_sbrk_base
                0x200009ac        0x4 y:/coen20/gcc/bin/../lib/gcc/arm-none-eabi/9.3.1/../../../../arm-none-eabi/lib/thumb/v7e-m+fp/hard\libc.a(lib_a-mallocr.o)
                0x200009ac                __malloc_sbrk_base
 .data.__malloc_trim_threshold
                0x200009b0        0x4 y:/coen20/gcc/bin/../lib/gcc/arm-none-eabi/9.3.1/../../../../arm-none-eabi/lib/thumb/v7e-m+fp/hard\libc.a(lib_a-mallocr.o)
                0x200009b0                __malloc_trim_threshold
 .data.__global_locale
                0x200009b4      0x16c y:/coen20/gcc/bin/../lib/gcc/arm-none-eabi/9.3.1/../../../../arm-none-eabi/lib/thumb/v7e-m+fp/hard\libc.a(lib_a-locale.o)
                0x200009b4                __global_locale
                0x20000b20                . = ALIGN (0x4)
                0x20000b20                PROVIDE (__preinit_array_start = .)
 *(.preinit_array)
                0x20000b20                PROVIDE (__preinit_array_end = .)
                0x20000b20                . = ALIGN (0x4)
                0x20000b20                PROVIDE (__init_array_start = .)
 *(SORT_BY_NAME(.init_array.*))
 .init_array.00000
                0x20000b20        0x4 y:/coen20/gcc/bin/../lib/gcc/arm-none-eabi/9.3.1/../../../../arm-none-eabi/lib/thumb/v7e-m+fp/hard\libc.a(lib_a-__call_atexit.o)
 *(.init_array)
 .init_array    0x20000b24        0x4 y:/coen20/gcc/bin/../lib/gcc/arm-none-eabi/9.3.1/thumb/v7e-m+fp/hard/crtbegin.o
                0x20000b28                PROVIDE (__init_array_end = .)
                0x20000b28                . = ALIGN (0x8)
                0x20000b28                PROVIDE (__fini_array_start = .)
 *(SORT_BY_NAME(.fini_array.*))
 *(.fini_array)
 .fini_array    0x20000b28        0x4 y:/coen20/gcc/bin/../lib/gcc/arm-none-eabi/9.3.1/thumb/v7e-m+fp/hard/crtbegin.o
                0x20000b2c                PROVIDE (__fini_array_end = .)
                0x20000b30                . = ALIGN (0x8)
 *fill*         0x20000b2c        0x4 
                0x20000b30                __data_end__ = .

.igot.plt       0x20000b30        0x0 load address 0x0800fa8c
 .igot.plt      0x20000b30        0x0 y:/coen20/gcc/bin/../lib/gcc/arm-none-eabi/9.3.1/thumb/v7e-m+fp/hard/crtbegin.o

.bss            0x20000b30    0x1eef4 load address 0x0800fa8c
                0x20000b30                __bss_start__ = .
 *(.bss*)
 .bss           0x20000b30       0x1c y:/coen20/gcc/bin/../lib/gcc/arm-none-eabi/9.3.1/thumb/v7e-m+fp/hard/crtbegin.o
 .bss.x_ball    0x20000b4c        0x4 obj/Lab7D-Main-c.o
 .bss.y_ball    0x20000b50        0x4 obj/Lab7D-Main-c.o
 .bss.buffer    0x20000b54      0x620 library.a(initialize.o)
 .bss.txtCol    0x20001174        0x4 library.a(initialize.o)
 .bss.txtRow    0x20001178        0x4 library.a(initialize.o)
 .bss.Is_LCD_IO_Initialized
                0x2000117c        0x1 library.a(stm32f429i_discovery.o)
 *fill*         0x2000117d        0x3 
 .bss.SpiHandle
                0x20001180       0x58 library.a(stm32f429i_discovery.o)
 .bss.ActiveLayer
                0x200011d8        0x4 library.a(stm32f429i_discovery_lcd.o)
 .bss.Dma2dHandler
                0x200011dc       0x40 library.a(stm32f429i_discovery_lcd.o)
 .bss.DrawProp  0x2000121c       0x18 library.a(stm32f429i_discovery_lcd.o)
 .bss.LcdDrv    0x20001234        0x4 library.a(stm32f429i_discovery_lcd.o)
                0x20001234                LcdDrv
 .bss.LtdcHandler
                0x20001238       0xa8 library.a(stm32f429i_discovery_lcd.o)
 .bss.PeriphClkInitStruct
                0x200012e0       0x30 library.a(stm32f429i_discovery_lcd.o)
 .bss.Command   0x20001310       0x10 library.a(stm32f429i_discovery_sdram.o)
 .bss.SdramHandle
                0x20001320       0x34 library.a(stm32f429i_discovery_sdram.o)
 .bss.Timing    0x20001354       0x1c library.a(stm32f429i_discovery_sdram.o)
 .bss.dmaHandle.0
                0x20001370       0x50 library.a(stm32f429i_discovery_sdram.o)
 .bss.uwTick    0x200013c0        0x4 library.a(stm32f4xx_hal.o)
 .bss.rgb       0x200013c4    0x1c200 library.a(svcHandler.o)
                0x200013c4                rgb
 .bss.text.4    0x2001d5c4       0x64 library.a(svcHandler.o)
 .bss.__malloc_current_mallinfo
                0x2001d628       0x28 y:/coen20/gcc/bin/../lib/gcc/arm-none-eabi/9.3.1/../../../../arm-none-eabi/lib/thumb/v7e-m+fp/hard\libc.a(lib_a-mallocr.o)
                0x2001d628                __malloc_current_mallinfo
 .bss.__malloc_max_sbrked_mem
                0x2001d650        0x4 y:/coen20/gcc/bin/../lib/gcc/arm-none-eabi/9.3.1/../../../../arm-none-eabi/lib/thumb/v7e-m+fp/hard\libc.a(lib_a-mallocr.o)
                0x2001d650                __malloc_max_sbrked_mem
 .bss.__malloc_max_total_mem
                0x2001d654        0x4 y:/coen20/gcc/bin/../lib/gcc/arm-none-eabi/9.3.1/../../../../arm-none-eabi/lib/thumb/v7e-m+fp/hard\libc.a(lib_a-mallocr.o)
                0x2001d654                __malloc_max_total_mem
 .bss.__malloc_top_pad
                0x2001d658        0x4 y:/coen20/gcc/bin/../lib/gcc/arm-none-eabi/9.3.1/../../../../arm-none-eabi/lib/thumb/v7e-m+fp/hard\libc.a(lib_a-mallocr.o)
                0x2001d658                __malloc_top_pad
 .bss.heap_end.5507
                0x2001d65c        0x4 y:/coen20/gcc/bin/../lib/gcc/arm-none-eabi/9.3.1/../../../../arm-none-eabi/lib/thumb/v7e-m+fp/hard\libnosys.a(sbrk.o)
 *(COMMON)
 COMMON         0x2001d660     0x2399 obj/Lab7D-Main-c.o
                0x2001d660                parent
                0x2001f604                flags
 *fill*         0x2001f9f9        0x3 
 COMMON         0x2001f9fc       0x21 y:/coen20/gcc/bin/../lib/gcc/arm-none-eabi/9.3.1/../../../../arm-none-eabi/lib/thumb/v7e-m+fp/hard\libc.a(lib_a-lock.o)
                0x2001f9fc                __lock___atexit_recursive_mutex
                0x2001fa00                __lock___arc4random_mutex
                0x2001fa04                __lock___env_recursive_mutex
                0x2001fa08                __lock___sinit_recursive_mutex
                0x2001fa0c                __lock___malloc_recursive_mutex
                0x2001fa10                __lock___at_quick_exit_mutex
                0x2001fa14                __lock___dd_hash_mutex
                0x2001fa18                __lock___tz_mutex
                0x2001fa1c                __lock___sfp_recursive_mutex
 *fill*         0x2001fa1d        0x3 
 COMMON         0x2001fa20        0x4 y:/coen20/gcc/bin/../lib/gcc/arm-none-eabi/9.3.1/../../../../arm-none-eabi/lib/thumb/v7e-m+fp/hard\libc.a(lib_a-reent.o)
                0x2001fa20                errno
                0x2001fa24                __bss_end__ = .

.ccm            0x10000000        0x0
                0x10000000                . = ALIGN (0x4)
                0x10000000                __ccm_start__ = .
 *(.ccm*)
                0x10000000                . = ALIGN (0x4)
                0x10000000                __ccm_end__ = .

.heap           0x10000000      0xc00
                0x10000000                __end__ = .
                0x10000000                end = __end__
 *(.heap*)
 .heap          0x10000000      0xc00 library.a(startup_stm32f429xx.o)
                0x10000000                __HeapBase
                0x10000c00                __HeapLimit = .

.stack_dummy    0x10000000     0x1000
 *(.stack)
 .stack         0x10000000     0x1000 library.a(startup_stm32f429xx.o)
                0x10010000                __StackTop = (ORIGIN (CCM) + LENGTH (CCM))
                0x1000f000                __StackLimit = (__StackTop - SIZEOF (.stack_dummy))
                0x10010000                PROVIDE (__stack = __StackTop)
                0x00000001                ASSERT ((__StackLimit >= __HeapLimit), region CCM overflowed with stack)
OUTPUT(output.elf elf32-littlearm)
LOAD linker stubs

.ARM.attributes
                0x00000000       0x30
 .ARM.attributes
                0x00000000       0x1e y:/coen20/gcc/bin/../lib/gcc/arm-none-eabi/9.3.1/thumb/v7e-m+fp/hard/crti.o
 .ARM.attributes
                0x0000001e       0x34 y:/coen20/gcc/bin/../lib/gcc/arm-none-eabi/9.3.1/thumb/v7e-m+fp/hard/crtbegin.o
 .ARM.attributes
                0x00000052       0x1c y:/coen20/gcc/bin/../lib/gcc/arm-none-eabi/9.3.1/../../../../arm-none-eabi/lib/thumb/v7e-m+fp/hard/crt0.o
 .ARM.attributes
                0x0000006e       0x34 obj/Lab7D-Main-c.o
 .ARM.attributes
                0x000000a2       0x25 obj/Lab7D-Implementation-s.o
 .ARM.attributes
                0x000000c7       0x34 library.a(initialize.o)
 .ARM.attributes
                0x000000fb       0x34 library.a(stm32f429i_discovery.o)
 .ARM.attributes
                0x0000012f       0x34 library.a(stm32f429i_discovery_lcd.o)
 .ARM.attributes
                0x00000163       0x34 library.a(stm32f429i_discovery_sdram.o)
 .ARM.attributes
                0x00000197       0x34 library.a(stm32f4xx_hal.o)
 .ARM.attributes
                0x000001cb       0x34 library.a(stm32f4xx_hal_cortex.o)
 .ARM.attributes
                0x000001ff       0x34 library.a(stm32f4xx_hal_dma.o)
 .ARM.attributes
                0x00000233       0x34 library.a(stm32f4xx_hal_dma2d.o)
 .ARM.attributes
                0x00000267       0x34 library.a(stm32f4xx_hal_gpio.o)
 .ARM.attributes
                0x0000029b       0x34 library.a(stm32f4xx_hal_ltdc.o)
 .ARM.attributes
                0x000002cf       0x34 library.a(stm32f4xx_hal_rcc.o)
 .ARM.attributes
                0x00000303       0x34 library.a(stm32f4xx_hal_rcc_ex.o)
 .ARM.attributes
                0x00000337       0x34 library.a(stm32f4xx_hal_sdram.o)
 .ARM.attributes
                0x0000036b       0x34 library.a(stm32f4xx_hal_spi.o)
 .ARM.attributes
                0x0000039f       0x34 library.a(stm32f4xx_it.o)
 .ARM.attributes
                0x000003d3       0x34 library.a(stm32f4xx_ll_fmc.o)
 .ARM.attributes
                0x00000407       0x34 library.a(svcHandler.o)
 .ARM.attributes
                0x0000043b       0x34 library.a(system_stm32f4xx.o)
 .ARM.attributes
                0x0000046f       0x1f library.a(startup_stm32f429xx.o)
 .ARM.attributes
                0x0000048e       0x34 library.a(ili9341.o)
 .ARM.attributes
                0x000004c2       0x34 y:/coen20/gcc/bin/../lib/gcc/arm-none-eabi/9.3.1/../../../../arm-none-eabi/lib/thumb/v7e-m+fp/hard\libc.a(lib_a-exit.o)
 .ARM.attributes
                0x000004f6       0x32 y:/coen20/gcc/bin/../lib/gcc/arm-none-eabi/9.3.1/../../../../arm-none-eabi/lib/thumb/v7e-m+fp/hard\libc.a(lib_a-impure.o)
 .ARM.attributes
                0x00000528       0x34 y:/coen20/gcc/bin/../lib/gcc/arm-none-eabi/9.3.1/../../../../arm-none-eabi/lib/thumb/v7e-m+fp/hard\libc.a(lib_a-init.o)
 .ARM.attributes
                0x0000055c       0x1c y:/coen20/gcc/bin/../lib/gcc/arm-none-eabi/9.3.1/../../../../arm-none-eabi/lib/thumb/v7e-m+fp/hard\libc.a(lib_a-memcpy.o)
 .ARM.attributes
                0x00000578       0x34 y:/coen20/gcc/bin/../lib/gcc/arm-none-eabi/9.3.1/../../../../arm-none-eabi/lib/thumb/v7e-m+fp/hard\libc.a(lib_a-memset.o)
 .ARM.attributes
                0x000005ac       0x34 y:/coen20/gcc/bin/../lib/gcc/arm-none-eabi/9.3.1/../../../../arm-none-eabi/lib/thumb/v7e-m+fp/hard\libc.a(lib_a-sprintf.o)
 .ARM.attributes
                0x000005e0       0x34 y:/coen20/gcc/bin/../lib/gcc/arm-none-eabi/9.3.1/../../../../arm-none-eabi/lib/thumb/v7e-m+fp/hard\libc.a(lib_a-strcpy.o)
 .ARM.attributes
                0x00000614       0x1c y:/coen20/gcc/bin/../lib/gcc/arm-none-eabi/9.3.1/../../../../arm-none-eabi/lib/thumb/v7e-m+fp/hard\libc.a(lib_a-strlen.o)
 .ARM.attributes
                0x00000630       0x34 y:/coen20/gcc/bin/../lib/gcc/arm-none-eabi/9.3.1/../../../../arm-none-eabi/lib/thumb/v7e-m+fp/hard\libc.a(lib_a-svfprintf.o)
 .ARM.attributes
                0x00000664       0x34 y:/coen20/gcc/bin/../lib/gcc/arm-none-eabi/9.3.1/../../../../arm-none-eabi/lib/thumb/v7e-m+fp/hard\libc.a(lib_a-wsetup.o)
 .ARM.attributes
                0x00000698       0x34 y:/coen20/gcc/bin/../lib/gcc/arm-none-eabi/9.3.1/../../../../arm-none-eabi/lib/thumb/v7e-m+fp/hard\libc.a(lib_a-__call_atexit.o)
 .ARM.attributes
                0x000006cc       0x34 y:/coen20/gcc/bin/../lib/gcc/arm-none-eabi/9.3.1/../../../../arm-none-eabi/lib/thumb/v7e-m+fp/hard\libc.a(lib_a-atexit.o)
 .ARM.attributes
                0x00000700       0x34 y:/coen20/gcc/bin/../lib/gcc/arm-none-eabi/9.3.1/../../../../arm-none-eabi/lib/thumb/v7e-m+fp/hard\libc.a(lib_a-dtoa.o)
 .ARM.attributes
                0x00000734       0x34 y:/coen20/gcc/bin/../lib/gcc/arm-none-eabi/9.3.1/../../../../arm-none-eabi/lib/thumb/v7e-m+fp/hard\libc.a(lib_a-fflush.o)
 .ARM.attributes
                0x00000768       0x34 y:/coen20/gcc/bin/../lib/gcc/arm-none-eabi/9.3.1/../../../../arm-none-eabi/lib/thumb/v7e-m+fp/hard\libc.a(lib_a-findfp.o)
 .ARM.attributes
                0x0000079c       0x34 y:/coen20/gcc/bin/../lib/gcc/arm-none-eabi/9.3.1/../../../../arm-none-eabi/lib/thumb/v7e-m+fp/hard\libc.a(lib_a-fini.o)
 .ARM.attributes
                0x000007d0       0x34 y:/coen20/gcc/bin/../lib/gcc/arm-none-eabi/9.3.1/../../../../arm-none-eabi/lib/thumb/v7e-m+fp/hard\libc.a(lib_a-freer.o)
 .ARM.attributes
                0x00000804       0x34 y:/coen20/gcc/bin/../lib/gcc/arm-none-eabi/9.3.1/../../../../arm-none-eabi/lib/thumb/v7e-m+fp/hard\libc.a(lib_a-fwalk.o)
 .ARM.attributes
                0x00000838       0x34 y:/coen20/gcc/bin/../lib/gcc/arm-none-eabi/9.3.1/../../../../arm-none-eabi/lib/thumb/v7e-m+fp/hard\libc.a(lib_a-localeconv.o)
 .ARM.attributes
                0x0000086c       0x34 y:/coen20/gcc/bin/../lib/gcc/arm-none-eabi/9.3.1/../../../../arm-none-eabi/lib/thumb/v7e-m+fp/hard\libc.a(lib_a-lock.o)
 .ARM.attributes
                0x000008a0       0x34 y:/coen20/gcc/bin/../lib/gcc/arm-none-eabi/9.3.1/../../../../arm-none-eabi/lib/thumb/v7e-m+fp/hard\libc.a(lib_a-makebuf.o)
 .ARM.attributes
                0x000008d4       0x34 y:/coen20/gcc/bin/../lib/gcc/arm-none-eabi/9.3.1/../../../../arm-none-eabi/lib/thumb/v7e-m+fp/hard\libc.a(lib_a-mallocr.o)
 .ARM.attributes
                0x00000908       0x1c y:/coen20/gcc/bin/../lib/gcc/arm-none-eabi/9.3.1/../../../../arm-none-eabi/lib/thumb/v7e-m+fp/hard\libc.a(lib_a-memchr.o)
 .ARM.attributes
                0x00000924       0x34 y:/coen20/gcc/bin/../lib/gcc/arm-none-eabi/9.3.1/../../../../arm-none-eabi/lib/thumb/v7e-m+fp/hard\libc.a(lib_a-mlock.o)
 .ARM.attributes
                0x00000958       0x34 y:/coen20/gcc/bin/../lib/gcc/arm-none-eabi/9.3.1/../../../../arm-none-eabi/lib/thumb/v7e-m+fp/hard\libc.a(lib_a-mprec.o)
 .ARM.attributes
                0x0000098c       0x34 y:/coen20/gcc/bin/../lib/gcc/arm-none-eabi/9.3.1/../../../../arm-none-eabi/lib/thumb/v7e-m+fp/hard\libc.a(lib_a-s_frexp.o)
 .ARM.attributes
                0x000009c0       0x34 y:/coen20/gcc/bin/../lib/gcc/arm-none-eabi/9.3.1/../../../../arm-none-eabi/lib/thumb/v7e-m+fp/hard\libc.a(lib_a-sbrkr.o)
 .ARM.attributes
                0x000009f4       0x34 y:/coen20/gcc/bin/../lib/gcc/arm-none-eabi/9.3.1/../../../../arm-none-eabi/lib/thumb/v7e-m+fp/hard\libc.a(lib_a-stdio.o)
 .ARM.attributes
                0x00000a28       0x34 y:/coen20/gcc/bin/../lib/gcc/arm-none-eabi/9.3.1/../../../../arm-none-eabi/lib/thumb/v7e-m+fp/hard\libc.a(lib_a-strncpy.o)
 .ARM.attributes
                0x00000a5c       0x34 y:/coen20/gcc/bin/../lib/gcc/arm-none-eabi/9.3.1/../../../../arm-none-eabi/lib/thumb/v7e-m+fp/hard\libc.a(lib_a-svfiprintf.o)
 .ARM.attributes
                0x00000a90       0x34 y:/coen20/gcc/bin/../lib/gcc/arm-none-eabi/9.3.1/../../../../arm-none-eabi/lib/thumb/v7e-m+fp/hard\libc.a(lib_a-vfiprintf.o)
 .ARM.attributes
                0x00000ac4       0x34 y:/coen20/gcc/bin/../lib/gcc/arm-none-eabi/9.3.1/../../../../arm-none-eabi/lib/thumb/v7e-m+fp/hard\libc.a(lib_a-writer.o)
 .ARM.attributes
                0x00000af8       0x34 y:/coen20/gcc/bin/../lib/gcc/arm-none-eabi/9.3.1/../../../../arm-none-eabi/lib/thumb/v7e-m+fp/hard\libc.a(lib_a-__atexit.o)
 .ARM.attributes
                0x00000b2c       0x34 y:/coen20/gcc/bin/../lib/gcc/arm-none-eabi/9.3.1/../../../../arm-none-eabi/lib/thumb/v7e-m+fp/hard\libc.a(lib_a-assert.o)
 .ARM.attributes
                0x00000b60       0x34 y:/coen20/gcc/bin/../lib/gcc/arm-none-eabi/9.3.1/../../../../arm-none-eabi/lib/thumb/v7e-m+fp/hard\libc.a(lib_a-callocr.o)
 .ARM.attributes
                0x00000b94       0x34 y:/coen20/gcc/bin/../lib/gcc/arm-none-eabi/9.3.1/../../../../arm-none-eabi/lib/thumb/v7e-m+fp/hard\libc.a(lib_a-closer.o)
 .ARM.attributes
                0x00000bc8       0x34 y:/coen20/gcc/bin/../lib/gcc/arm-none-eabi/9.3.1/../../../../arm-none-eabi/lib/thumb/v7e-m+fp/hard\libc.a(lib_a-fclose.o)
 .ARM.attributes
                0x00000bfc       0x34 y:/coen20/gcc/bin/../lib/gcc/arm-none-eabi/9.3.1/../../../../arm-none-eabi/lib/thumb/v7e-m+fp/hard\libc.a(lib_a-fiprintf.o)
 .ARM.attributes
                0x00000c30       0x34 y:/coen20/gcc/bin/../lib/gcc/arm-none-eabi/9.3.1/../../../../arm-none-eabi/lib/thumb/v7e-m+fp/hard\libc.a(lib_a-fputwc.o)
 .ARM.attributes
                0x00000c64       0x34 y:/coen20/gcc/bin/../lib/gcc/arm-none-eabi/9.3.1/../../../../arm-none-eabi/lib/thumb/v7e-m+fp/hard\libc.a(lib_a-fstatr.o)
 .ARM.attributes
                0x00000c98       0x34 y:/coen20/gcc/bin/../lib/gcc/arm-none-eabi/9.3.1/../../../../arm-none-eabi/lib/thumb/v7e-m+fp/hard\libc.a(lib_a-fvwrite.o)
 .ARM.attributes
                0x00000ccc       0x34 y:/coen20/gcc/bin/../lib/gcc/arm-none-eabi/9.3.1/../../../../arm-none-eabi/lib/thumb/v7e-m+fp/hard\libc.a(lib_a-isattyr.o)
 .ARM.attributes
                0x00000d00       0x34 y:/coen20/gcc/bin/../lib/gcc/arm-none-eabi/9.3.1/../../../../arm-none-eabi/lib/thumb/v7e-m+fp/hard\libc.a(lib_a-locale.o)
 .ARM.attributes
                0x00000d34       0x34 y:/coen20/gcc/bin/../lib/gcc/arm-none-eabi/9.3.1/../../../../arm-none-eabi/lib/thumb/v7e-m+fp/hard\libc.a(lib_a-lseekr.o)
 .ARM.attributes
                0x00000d68       0x34 y:/coen20/gcc/bin/../lib/gcc/arm-none-eabi/9.3.1/../../../../arm-none-eabi/lib/thumb/v7e-m+fp/hard\libc.a(lib_a-mbtowc_r.o)
 .ARM.attributes
                0x00000d9c       0x34 y:/coen20/gcc/bin/../lib/gcc/arm-none-eabi/9.3.1/../../../../arm-none-eabi/lib/thumb/v7e-m+fp/hard\libc.a(lib_a-memmove.o)
 .ARM.attributes
                0x00000dd0       0x34 y:/coen20/gcc/bin/../lib/gcc/arm-none-eabi/9.3.1/../../../../arm-none-eabi/lib/thumb/v7e-m+fp/hard\libc.a(lib_a-readr.o)
 .ARM.attributes
                0x00000e04       0x34 y:/coen20/gcc/bin/../lib/gcc/arm-none-eabi/9.3.1/../../../../arm-none-eabi/lib/thumb/v7e-m+fp/hard\libc.a(lib_a-reallocr.o)
 .ARM.attributes
                0x00000e38       0x34 y:/coen20/gcc/bin/../lib/gcc/arm-none-eabi/9.3.1/../../../../arm-none-eabi/lib/thumb/v7e-m+fp/hard\libc.a(lib_a-reent.o)
 .ARM.attributes
                0x00000e6c       0x34 y:/coen20/gcc/bin/../lib/gcc/arm-none-eabi/9.3.1/../../../../arm-none-eabi/lib/thumb/v7e-m+fp/hard\libc.a(lib_a-wbuf.o)
 .ARM.attributes
                0x00000ea0       0x34 y:/coen20/gcc/bin/../lib/gcc/arm-none-eabi/9.3.1/../../../../arm-none-eabi/lib/thumb/v7e-m+fp/hard\libc.a(lib_a-wcrtomb.o)
 .ARM.attributes
                0x00000ed4       0x34 y:/coen20/gcc/bin/../lib/gcc/arm-none-eabi/9.3.1/../../../../arm-none-eabi/lib/thumb/v7e-m+fp/hard\libc.a(lib_a-wctomb_r.o)
 .ARM.attributes
                0x00000f08       0x34 y:/coen20/gcc/bin/../lib/gcc/arm-none-eabi/9.3.1/../../../../arm-none-eabi/lib/thumb/v7e-m+fp/hard\libc.a(lib_a-abort.o)
 .ARM.attributes
                0x00000f3c       0x32 y:/coen20/gcc/bin/../lib/gcc/arm-none-eabi/9.3.1/../../../../arm-none-eabi/lib/thumb/v7e-m+fp/hard\libc.a(lib_a-ctype_.o)
 .ARM.attributes
                0x00000f6e       0x34 y:/coen20/gcc/bin/../lib/gcc/arm-none-eabi/9.3.1/../../../../arm-none-eabi/lib/thumb/v7e-m+fp/hard\libc.a(lib_a-signal.o)
 .ARM.attributes
                0x00000fa2       0x34 y:/coen20/gcc/bin/../lib/gcc/arm-none-eabi/9.3.1/../../../../arm-none-eabi/lib/thumb/v7e-m+fp/hard\libc.a(lib_a-signalr.o)
 .ARM.attributes
                0x00000fd6       0x34 y:/coen20/gcc/bin/../lib/gcc/arm-none-eabi/9.3.1/../../../../arm-none-eabi/lib/thumb/v7e-m+fp/hard\libnosys.a(sbrk.o)
 .ARM.attributes
                0x0000100a       0x34 y:/coen20/gcc/bin/../lib/gcc/arm-none-eabi/9.3.1/../../../../arm-none-eabi/lib/thumb/v7e-m+fp/hard\libnosys.a(_exit.o)
 .ARM.attributes
                0x0000103e       0x1e y:/coen20/gcc/bin/../lib/gcc/arm-none-eabi/9.3.1/thumb/v7e-m+fp/hard\libgcc.a(_arm_addsubdf3.o)
 .ARM.attributes
                0x0000105c       0x1e y:/coen20/gcc/bin/../lib/gcc/arm-none-eabi/9.3.1/thumb/v7e-m+fp/hard\libgcc.a(_arm_muldivdf3.o)
 .ARM.attributes
                0x0000107a       0x1e y:/coen20/gcc/bin/../lib/gcc/arm-none-eabi/9.3.1/thumb/v7e-m+fp/hard\libgcc.a(_arm_cmpdf2.o)
 .ARM.attributes
                0x00001098       0x1e y:/coen20/gcc/bin/../lib/gcc/arm-none-eabi/9.3.1/thumb/v7e-m+fp/hard\libgcc.a(_arm_unorddf2.o)
 .ARM.attributes
                0x000010b6       0x1e y:/coen20/gcc/bin/../lib/gcc/arm-none-eabi/9.3.1/thumb/v7e-m+fp/hard\libgcc.a(_arm_fixdfsi.o)
 .ARM.attributes
                0x000010d4       0x1e y:/coen20/gcc/bin/../lib/gcc/arm-none-eabi/9.3.1/thumb/v7e-m+fp/hard\libgcc.a(_aeabi_uldivmod.o)
 .ARM.attributes
                0x000010f2       0x34 y:/coen20/gcc/bin/../lib/gcc/arm-none-eabi/9.3.1/thumb/v7e-m+fp/hard\libgcc.a(_udivmoddi4.o)
 .ARM.attributes
                0x00001126       0x1e y:/coen20/gcc/bin/../lib/gcc/arm-none-eabi/9.3.1/thumb/v7e-m+fp/hard\libgcc.a(_dvmd_tls.o)
 .ARM.attributes
                0x00001144       0x32 y:/coen20/gcc/bin/../lib/gcc/arm-none-eabi/9.3.1/thumb/v7e-m+fp/hard/crtend.o
 .ARM.attributes
                0x00001176       0x1e y:/coen20/gcc/bin/../lib/gcc/arm-none-eabi/9.3.1/thumb/v7e-m+fp/hard/crtn.o

.comment        0x00000000       0x7f
 .comment       0x00000000       0x4c obj/Lab7D-Main-c.o
                                 0x4d (size before relaxing)
 .comment       0x0000004c       0x33 library.a(initialize.o)
                                 0x34 (size before relaxing)
 .comment       0x0000007f       0x34 library.a(stm32f429i_discovery.o)
 .comment       0x0000007f       0x34 library.a(stm32f429i_discovery_lcd.o)
 .comment       0x0000007f       0x34 library.a(stm32f429i_discovery_sdram.o)
 .comment       0x0000007f       0x34 library.a(stm32f4xx_hal.o)
 .comment       0x0000007f       0x34 library.a(stm32f4xx_hal_cortex.o)
 .comment       0x0000007f       0x34 library.a(stm32f4xx_hal_dma.o)
 .comment       0x0000007f       0x34 library.a(stm32f4xx_hal_dma2d.o)
 .comment       0x0000007f       0x34 library.a(stm32f4xx_hal_gpio.o)
 .comment       0x0000007f       0x34 library.a(stm32f4xx_hal_ltdc.o)
 .comment       0x0000007f       0x34 library.a(stm32f4xx_hal_rcc.o)
 .comment       0x0000007f       0x34 library.a(stm32f4xx_hal_rcc_ex.o)
 .comment       0x0000007f       0x34 library.a(stm32f4xx_hal_sdram.o)
 .comment       0x0000007f       0x34 library.a(stm32f4xx_hal_spi.o)
 .comment       0x0000007f       0x34 library.a(stm32f4xx_it.o)
 .comment       0x0000007f       0x34 library.a(stm32f4xx_ll_fmc.o)
 .comment       0x0000007f       0x34 library.a(svcHandler.o)
 .comment       0x0000007f       0x34 library.a(system_stm32f4xx.o)
 .comment       0x0000007f       0x34 library.a(ili9341.o)

.debug_frame    0x00000000     0x1648
 .debug_frame   0x00000000       0x28 y:/coen20/gcc/bin/../lib/gcc/arm-none-eabi/9.3.1/../../../../arm-none-eabi/lib/thumb/v7e-m+fp/hard\libc.a(lib_a-exit.o)
 .debug_frame   0x00000028       0x2c y:/coen20/gcc/bin/../lib/gcc/arm-none-eabi/9.3.1/../../../../arm-none-eabi/lib/thumb/v7e-m+fp/hard\libc.a(lib_a-init.o)
 .debug_frame   0x00000054       0x38 y:/coen20/gcc/bin/../lib/gcc/arm-none-eabi/9.3.1/../../../../arm-none-eabi/lib/thumb/v7e-m+fp/hard\libc.a(lib_a-memset.o)
 .debug_frame   0x0000008c       0x7c y:/coen20/gcc/bin/../lib/gcc/arm-none-eabi/9.3.1/../../../../arm-none-eabi/lib/thumb/v7e-m+fp/hard\libc.a(lib_a-sprintf.o)
 .debug_frame   0x00000108       0x20 y:/coen20/gcc/bin/../lib/gcc/arm-none-eabi/9.3.1/../../../../arm-none-eabi/lib/thumb/v7e-m+fp/hard\libc.a(lib_a-strcpy.o)
 .debug_frame   0x00000128       0x68 y:/coen20/gcc/bin/../lib/gcc/arm-none-eabi/9.3.1/../../../../arm-none-eabi/lib/thumb/v7e-m+fp/hard\libc.a(lib_a-svfprintf.o)
 .debug_frame   0x00000190       0x2c y:/coen20/gcc/bin/../lib/gcc/arm-none-eabi/9.3.1/../../../../arm-none-eabi/lib/thumb/v7e-m+fp/hard\libc.a(lib_a-wsetup.o)
 .debug_frame   0x000001bc       0x68 y:/coen20/gcc/bin/../lib/gcc/arm-none-eabi/9.3.1/../../../../arm-none-eabi/lib/thumb/v7e-m+fp/hard\libc.a(lib_a-__call_atexit.o)
 .debug_frame   0x00000224       0x20 y:/coen20/gcc/bin/../lib/gcc/arm-none-eabi/9.3.1/../../../../arm-none-eabi/lib/thumb/v7e-m+fp/hard\libc.a(lib_a-atexit.o)
 .debug_frame   0x00000244       0xc4 y:/coen20/gcc/bin/../lib/gcc/arm-none-eabi/9.3.1/../../../../arm-none-eabi/lib/thumb/v7e-m+fp/hard\libc.a(lib_a-dtoa.o)
 .debug_frame   0x00000308       0x5c y:/coen20/gcc/bin/../lib/gcc/arm-none-eabi/9.3.1/../../../../arm-none-eabi/lib/thumb/v7e-m+fp/hard\libc.a(lib_a-fflush.o)
 .debug_frame   0x00000364      0x14c y:/coen20/gcc/bin/../lib/gcc/arm-none-eabi/9.3.1/../../../../arm-none-eabi/lib/thumb/v7e-m+fp/hard\libc.a(lib_a-findfp.o)
 .debug_frame   0x000004b0       0x34 y:/coen20/gcc/bin/../lib/gcc/arm-none-eabi/9.3.1/../../../../arm-none-eabi/lib/thumb/v7e-m+fp/hard\libc.a(lib_a-fini.o)
 .debug_frame   0x000004e4       0x8c y:/coen20/gcc/bin/../lib/gcc/arm-none-eabi/9.3.1/../../../../arm-none-eabi/lib/thumb/v7e-m+fp/hard\libc.a(lib_a-freer.o)
 .debug_frame   0x00000570       0x54 y:/coen20/gcc/bin/../lib/gcc/arm-none-eabi/9.3.1/../../../../arm-none-eabi/lib/thumb/v7e-m+fp/hard\libc.a(lib_a-fwalk.o)
 .debug_frame   0x000005c4       0x40 y:/coen20/gcc/bin/../lib/gcc/arm-none-eabi/9.3.1/../../../../arm-none-eabi/lib/thumb/v7e-m+fp/hard\libc.a(lib_a-localeconv.o)
 .debug_frame   0x00000604       0xb0 y:/coen20/gcc/bin/../lib/gcc/arm-none-eabi/9.3.1/../../../../arm-none-eabi/lib/thumb/v7e-m+fp/hard\libc.a(lib_a-lock.o)
 .debug_frame   0x000006b4       0x6c y:/coen20/gcc/bin/../lib/gcc/arm-none-eabi/9.3.1/../../../../arm-none-eabi/lib/thumb/v7e-m+fp/hard\libc.a(lib_a-makebuf.o)
 .debug_frame   0x00000720       0x4c y:/coen20/gcc/bin/../lib/gcc/arm-none-eabi/9.3.1/../../../../arm-none-eabi/lib/thumb/v7e-m+fp/hard\libc.a(lib_a-mallocr.o)
 .debug_frame   0x0000076c       0x30 y:/coen20/gcc/bin/../lib/gcc/arm-none-eabi/9.3.1/../../../../arm-none-eabi/lib/thumb/v7e-m+fp/hard\libc.a(lib_a-mlock.o)
 .debug_frame   0x0000079c      0x27c y:/coen20/gcc/bin/../lib/gcc/arm-none-eabi/9.3.1/../../../../arm-none-eabi/lib/thumb/v7e-m+fp/hard\libc.a(lib_a-mprec.o)
 .debug_frame   0x00000a18       0x2c y:/coen20/gcc/bin/../lib/gcc/arm-none-eabi/9.3.1/../../../../arm-none-eabi/lib/thumb/v7e-m+fp/hard\libc.a(lib_a-s_frexp.o)
 .debug_frame   0x00000a44       0x2c y:/coen20/gcc/bin/../lib/gcc/arm-none-eabi/9.3.1/../../../../arm-none-eabi/lib/thumb/v7e-m+fp/hard\libc.a(lib_a-sbrkr.o)
 .debug_frame   0x00000a70       0x8c y:/coen20/gcc/bin/../lib/gcc/arm-none-eabi/9.3.1/../../../../arm-none-eabi/lib/thumb/v7e-m+fp/hard\libc.a(lib_a-stdio.o)
 .debug_frame   0x00000afc       0x38 y:/coen20/gcc/bin/../lib/gcc/arm-none-eabi/9.3.1/../../../../arm-none-eabi/lib/thumb/v7e-m+fp/hard\libc.a(lib_a-strncpy.o)
 .debug_frame   0x00000b34       0x88 y:/coen20/gcc/bin/../lib/gcc/arm-none-eabi/9.3.1/../../../../arm-none-eabi/lib/thumb/v7e-m+fp/hard\libc.a(lib_a-svfiprintf.o)
 .debug_frame   0x00000bbc       0xe8 y:/coen20/gcc/bin/../lib/gcc/arm-none-eabi/9.3.1/../../../../arm-none-eabi/lib/thumb/v7e-m+fp/hard\libc.a(lib_a-vfiprintf.o)
 .debug_frame   0x00000ca4       0x2c y:/coen20/gcc/bin/../lib/gcc/arm-none-eabi/9.3.1/../../../../arm-none-eabi/lib/thumb/v7e-m+fp/hard\libc.a(lib_a-writer.o)
 .debug_frame   0x00000cd0       0x34 y:/coen20/gcc/bin/../lib/gcc/arm-none-eabi/9.3.1/../../../../arm-none-eabi/lib/thumb/v7e-m+fp/hard\libc.a(lib_a-__atexit.o)
 .debug_frame   0x00000d04       0x40 y:/coen20/gcc/bin/../lib/gcc/arm-none-eabi/9.3.1/../../../../arm-none-eabi/lib/thumb/v7e-m+fp/hard\libc.a(lib_a-assert.o)
 .debug_frame   0x00000d44       0x28 y:/coen20/gcc/bin/../lib/gcc/arm-none-eabi/9.3.1/../../../../arm-none-eabi/lib/thumb/v7e-m+fp/hard\libc.a(lib_a-callocr.o)
 .debug_frame   0x00000d6c       0x2c y:/coen20/gcc/bin/../lib/gcc/arm-none-eabi/9.3.1/../../../../arm-none-eabi/lib/thumb/v7e-m+fp/hard\libc.a(lib_a-closer.o)
 .debug_frame   0x00000d98       0x3c y:/coen20/gcc/bin/../lib/gcc/arm-none-eabi/9.3.1/../../../../arm-none-eabi/lib/thumb/v7e-m+fp/hard\libc.a(lib_a-fclose.o)
 .debug_frame   0x00000dd4       0x70 y:/coen20/gcc/bin/../lib/gcc/arm-none-eabi/9.3.1/../../../../arm-none-eabi/lib/thumb/v7e-m+fp/hard\libc.a(lib_a-fiprintf.o)
 .debug_frame   0x00000e44       0xa4 y:/coen20/gcc/bin/../lib/gcc/arm-none-eabi/9.3.1/../../../../arm-none-eabi/lib/thumb/v7e-m+fp/hard\libc.a(lib_a-fputwc.o)
 .debug_frame   0x00000ee8       0x2c y:/coen20/gcc/bin/../lib/gcc/arm-none-eabi/9.3.1/../../../../arm-none-eabi/lib/thumb/v7e-m+fp/hard\libc.a(lib_a-fstatr.o)
 .debug_frame   0x00000f14       0x64 y:/coen20/gcc/bin/../lib/gcc/arm-none-eabi/9.3.1/../../../../arm-none-eabi/lib/thumb/v7e-m+fp/hard\libc.a(lib_a-fvwrite.o)
 .debug_frame   0x00000f78       0x2c y:/coen20/gcc/bin/../lib/gcc/arm-none-eabi/9.3.1/../../../../arm-none-eabi/lib/thumb/v7e-m+fp/hard\libc.a(lib_a-isattyr.o)
 .debug_frame   0x00000fa4       0x54 y:/coen20/gcc/bin/../lib/gcc/arm-none-eabi/9.3.1/../../../../arm-none-eabi/lib/thumb/v7e-m+fp/hard\libc.a(lib_a-locale.o)
 .debug_frame   0x00000ff8       0x2c y:/coen20/gcc/bin/../lib/gcc/arm-none-eabi/9.3.1/../../../../arm-none-eabi/lib/thumb/v7e-m+fp/hard\libc.a(lib_a-lseekr.o)
 .debug_frame   0x00001024       0x4c y:/coen20/gcc/bin/../lib/gcc/arm-none-eabi/9.3.1/../../../../arm-none-eabi/lib/thumb/v7e-m+fp/hard\libc.a(lib_a-mbtowc_r.o)
 .debug_frame   0x00001070       0x40 y:/coen20/gcc/bin/../lib/gcc/arm-none-eabi/9.3.1/../../../../arm-none-eabi/lib/thumb/v7e-m+fp/hard\libc.a(lib_a-memmove.o)
 .debug_frame   0x000010b0       0x2c y:/coen20/gcc/bin/../lib/gcc/arm-none-eabi/9.3.1/../../../../arm-none-eabi/lib/thumb/v7e-m+fp/hard\libc.a(lib_a-readr.o)
 .debug_frame   0x000010dc       0x48 y:/coen20/gcc/bin/../lib/gcc/arm-none-eabi/9.3.1/../../../../arm-none-eabi/lib/thumb/v7e-m+fp/hard\libc.a(lib_a-reallocr.o)
 .debug_frame   0x00001124       0x60 y:/coen20/gcc/bin/../lib/gcc/arm-none-eabi/9.3.1/../../../../arm-none-eabi/lib/thumb/v7e-m+fp/hard\libc.a(lib_a-reent.o)
 .debug_frame   0x00001184       0x40 y:/coen20/gcc/bin/../lib/gcc/arm-none-eabi/9.3.1/../../../../arm-none-eabi/lib/thumb/v7e-m+fp/hard\libc.a(lib_a-wbuf.o)
 .debug_frame   0x000011c4       0x60 y:/coen20/gcc/bin/../lib/gcc/arm-none-eabi/9.3.1/../../../../arm-none-eabi/lib/thumb/v7e-m+fp/hard\libc.a(lib_a-wcrtomb.o)
 .debug_frame   0x00001224       0x3c y:/coen20/gcc/bin/../lib/gcc/arm-none-eabi/9.3.1/../../../../arm-none-eabi/lib/thumb/v7e-m+fp/hard\libc.a(lib_a-wctomb_r.o)
 .debug_frame   0x00001260       0x28 y:/coen20/gcc/bin/../lib/gcc/arm-none-eabi/9.3.1/../../../../arm-none-eabi/lib/thumb/v7e-m+fp/hard\libc.a(lib_a-abort.o)
 .debug_frame   0x00001288       0xe0 y:/coen20/gcc/bin/../lib/gcc/arm-none-eabi/9.3.1/../../../../arm-none-eabi/lib/thumb/v7e-m+fp/hard\libc.a(lib_a-signal.o)
 .debug_frame   0x00001368       0x3c y:/coen20/gcc/bin/../lib/gcc/arm-none-eabi/9.3.1/../../../../arm-none-eabi/lib/thumb/v7e-m+fp/hard\libc.a(lib_a-signalr.o)
 .debug_frame   0x000013a4       0x20 y:/coen20/gcc/bin/../lib/gcc/arm-none-eabi/9.3.1/../../../../arm-none-eabi/lib/thumb/v7e-m+fp/hard\libnosys.a(sbrk.o)
 .debug_frame   0x000013c4       0x20 y:/coen20/gcc/bin/../lib/gcc/arm-none-eabi/9.3.1/../../../../arm-none-eabi/lib/thumb/v7e-m+fp/hard\libnosys.a(_exit.o)
 .debug_frame   0x000013e4       0xac y:/coen20/gcc/bin/../lib/gcc/arm-none-eabi/9.3.1/thumb/v7e-m+fp/hard\libgcc.a(_arm_addsubdf3.o)
 .debug_frame   0x00001490       0x50 y:/coen20/gcc/bin/../lib/gcc/arm-none-eabi/9.3.1/thumb/v7e-m+fp/hard\libgcc.a(_arm_muldivdf3.o)
 .debug_frame   0x000014e0       0xc4 y:/coen20/gcc/bin/../lib/gcc/arm-none-eabi/9.3.1/thumb/v7e-m+fp/hard\libgcc.a(_arm_cmpdf2.o)
 .debug_frame   0x000015a4       0x20 y:/coen20/gcc/bin/../lib/gcc/arm-none-eabi/9.3.1/thumb/v7e-m+fp/hard\libgcc.a(_arm_unorddf2.o)
 .debug_frame   0x000015c4       0x24 y:/coen20/gcc/bin/../lib/gcc/arm-none-eabi/9.3.1/thumb/v7e-m+fp/hard\libgcc.a(_arm_fixdfsi.o)
 .debug_frame   0x000015e8       0x2c y:/coen20/gcc/bin/../lib/gcc/arm-none-eabi/9.3.1/thumb/v7e-m+fp/hard\libgcc.a(_aeabi_uldivmod.o)
 .debug_frame   0x00001614       0x34 y:/coen20/gcc/bin/../lib/gcc/arm-none-eabi/9.3.1/thumb/v7e-m+fp/hard\libgcc.a(_udivmoddi4.o)